<html>
<body>
<pre>
<h1>µVision Build Log</h1>
<h2>Tool Versions:</h2>
IDE-Version: ¦ÌVision V5.25.3.0
Copyright (C) 2018 ARM Ltd and ARM Germany GmbH. All rights reserved.
License Information: 1 Microsoft, Microsoft, LIC=03C6R-KIDXE-2Z1W4-FI5SL-E8BHU-R7F4D
 
Tool Versions:
Toolchain:       MDK-ARM Plus  Version: 5.25.2.0
Toolchain Path:  E:\Keil_v5\ARM\ARMCC\Bin
C Compiler:      Armcc.exe V5.06 update 6 (build 750)
Assembler:       Armasm.exe V5.06 update 6 (build 750)
Linker/Locator:  ArmLink.exe V5.06 update 6 (build 750)
Library Manager: ArmAr.exe V5.06 update 6 (build 750)
Hex Converter:   FromElf.exe V5.06 update 6 (build 750)
CPU DLL:         SARMCM3.DLL V5.25.2.0
Dialog DLL:      DARMP1.DLL V1.27.0.0
Target DLL:      Segger\JL2CM3.dll V2.99.29.0
Dialog DLL:      TARMP1.DLL V1.26.0.0
 
<h2>Project:</h2>
F:\JK9310\Project\project.uvprojx
Project File Date:  01/25/2022

<h2>Output:</h2>
*** Using Compiler 'V5.06 update 6 (build 750)', folder: 'E:\Keil_v5\ARM\ARMCC\Bin'
Build target 'Open1788'
compiling EX_SDRAM.c...
compiling main.c...
..\User\Key/key.h(13): warning:  #47-D: incompatible redefinition of macro "TICKS_PER_SEC"  (declared at line 92 of "..\Libraries\Drivers\include\debug_frmwrk.h")
  #define TICKS_PER_SEC 100     //????????????????????100x10mS(T0)=1S
..\User\Test\Debug.h(28): warning:  #1-D: last line of file ends without a newline
  //==========================================================
..\User\main.c(211): warning:  #177-D: variable "i"  was declared but never referenced
      static uint16_t i=0;
..\User\main.c: 3 warnings, 0 errors
compiling lpc177x_8x_lcd.c...
compiling logo.c...
compiling use_disp.c...
..\User\UseDisp\use_disp.c(1903): warning:  #167-D: argument of type "const u8 *" is incompatible with parameter of type "const char *restrict"
                                strcat(DispBuf,Test_IRUINT[test_value.uint]);
..\User\UseDisp\use_disp.c(1919): warning:  #167-D: argument of type "const uint8_t *" is incompatible with parameter of type "const char *restrict"
                        strcat(DispBuf,Disp_Unit[test_value.uint]);
..\User\UseDisp\use_disp.c(2254): warning:  #167-D: argument of type "const uint8_t *" is incompatible with parameter of type "const char *restrict"
                  strcat(DispBuf,Disp_Unit[1]);
..\User\UseDisp\use_disp.c(2455): warning:  #167-D: argument of type "char *" is incompatible with parameter of type "const uint8_t *"
        WriteString_16(LIST1+DATA_SPACE1+8, FIRSTLINE+SPACE1*2, DispBuf,  0);
..\User\UseDisp\use_disp.c(2474): warning:  #167-D: argument of type "char *" is incompatible with parameter of type "const uint8_t *"
        WriteString_16(LIST1+DATA_SPACE1+8, FIRSTLINE+SPACE1*3, DispBuf,  0);
..\User\UseDisp\use_disp.c(2510): warning:  #167-D: argument of type "char *" is incompatible with parameter of type "const uint8_t *"
        WriteString_16(LIST2+DATA_SPACE1+10+8, FIRSTLINE+SPACE1*2, DispBuf,  0);
..\User\UseDisp\use_disp.c(2527): warning:  #167-D: argument of type "char *" is incompatible with parameter of type "const uint8_t *"
        WriteString_16(LIST2+DATA_SPACE1+8, FIRSTLINE+SPACE1*3, DispBuf,  0);
..\User\UseDisp\use_disp.c(2821): warning:  #167-D: argument of type "const uint8_t *" is incompatible with parameter of type "const char *restrict"
                  strcat(DispBuf,Disp_Unit[1]);
..\User\UseDisp\use_disp.c(2537): warning:  #177-D: variable "num"  was declared but never referenced
      u8 num=(MAX_SETP[U9001_Save_sys.U9001_save.U9001_Setup[U9001_Save_sys.U9001_save.current_step].parameter]+1)/2;
..\User\UseDisp\use_disp.c(2857): warning:  #177-D: variable "Black_Select"  was declared but never referenced
        vu32 Black_Select;
..\User\UseDisp\use_disp.c(2945): warning:  #177-D: variable "i"  was declared but never referenced
        vu32 i;
..\User\UseDisp\use_disp.c(2977): warning:  #167-D: argument of type "char *" is incompatible with parameter of type "const uint8_t *"
        WriteString_16(LIST1+160+160, FIRSTLINE+SPACE1*(list+1), DispBuf,  1);
..\User\UseDisp\use_disp.c(3001): warning:  #167-D: argument of type "char *" is incompatible with parameter of type "const uint8_t *"
          WriteString_16(LIST1+160, FIRSTLINE+SPACE1*(i+2), DispBuf,  1);
..\User\UseDisp\use_disp.c(3899): warning:  #167-D: argument of type "const u8 *" is incompatible with parameter of type "const char *"
                                         GUI_DispStringAt(Test_IRUINT[test_value.uint],DISP_V_XPOS+50+6*25,DISP_V_YPOS+50);
..\User\UseDisp\use_disp.c(3934): warning:  #167-D: argument of type "const uint8_t *" is incompatible with parameter of type "const char *"
              GUI_DispStringAt(Disp_Unit[1],DISP_V_XPOS+50+6*25,DISP_V_YPOS+50);
..\User\UseDisp\use_disp.c(4119): warning:  #167-D: argument of type "char *" is incompatible with parameter of type "const uint8_t *"
                WriteString_12(LIST2+140, 58+i*15, DispBuf,  1);//?????????????€?  ??????????????€????????????
..\User\UseDisp\use_disp.c(4398): warning:  #111-D: statement is unreachable
                  break;
..\User\UseDisp\use_disp.c(4434): warning:  #177-D: variable "j"  was declared but never referenced
        vu16 j,i;
..\User\UseDisp\use_disp.c(4434): warning:  #177-D: variable "i"  was declared but never referenced
        vu16 j,i;
..\User\UseDisp\use_disp.c(4435): warning:  #177-D: variable "pt"  was declared but never referenced
        vu8 *pt;
..\User\UseDisp\use_disp.c(4436): warning:  #177-D: variable "ppt"  was declared but never referenced
      uint16_t *ppt;
..\User\UseDisp\use_disp.c(4676): warning:  #550-D: variable "addr"  was set but never used
        LcdAddr_TypeDef addr;//???????????€??????
..\User\UseDisp\use_disp.c(5317): warning:  #69-D: integer conversion resulted in truncation
        lcd_Clear(LCD_COLOR_TEST_BACK);
..\User\UseDisp\use_disp.c(6033): warning:  #111-D: statement is unreachable
                        break;
..\User\UseDisp\use_disp.c(5834): warning:  #550-D: variable "set_arc"  was set but never used
        vu8 set_arc;//?????????????????????
..\User\UseDisp\use_disp.c(6204): warning:  #177-D: variable "keynum"  was declared but never referenced
        vu32 keynum=0;
..\User\UseDisp\use_disp.c: 26 warnings, 0 errors
compiling test.c...
..\Libraries\Drivers\include\debug_frmwrk.h(92): warning:  #47-D: incompatible redefinition of macro "TICKS_PER_SEC"  (declared at line 13 of "..\User\key/key.h")
  #define TICKS_PER_SEC 1000    //????????????????????100x10mS(T0)=1S
..\User\Test\test.c(199): warning:  #177-D: variable "temp"  was declared but never referenced
        u8 temp[4];
..\User\Test\test.c(200): warning:  #177-D: variable "FlashID"  was declared but never referenced
                u32 FlashID;
..\User\Test\test.c(733): warning:  #177-D: variable "key"  was declared but never referenced
        vu8 key;
..\User\Test\test.c(828): warning:  #550-D: variable "Range_IR"  was set but never used
      u8 Range_IR=0;
..\User\Test\test.c(836): warning:  #550-D: variable "temp"  was set but never used
        vu32 temp;
..\User\Test\test.c(837): warning:  #177-D: variable "value"  was declared but never referenced
      float value;
..\User\Test\test.c(838): warning:  #177-D: variable "F_x"  was declared but never referenced
      float F_x;
..\User\Test\test.c(1568): warning:  #177-D: variable "pt"  was declared but never referenced
      vu16 *pt;
..\User\Test\test.c(1569): warning:  #550-D: variable "list"  was set but never used
        u8 list=1;//????????0  ??????1??
..\User\Test\test.c(1577): warning:  #177-D: variable "select_num"  was declared but never referenced
      u8 select_num=0;
..\User\Test\test.c(2668): warning:  #177-D: variable "select_num"  was declared but never referenced
      u8 select_num=0;
..\User\Test\test.c(3302): warning:  #177-D: variable "list"  was declared but never referenced
        u8 list=0;//??
..\User\Test\test.c(3304): warning:  #177-D: variable "item"  was declared but never referenced
      u8 item=0;
..\User\Test\test.c(4967): warning:  #188-D: enumerated type mixed with another type
        f_disp=FALSE;//????????
..\User\Test\test.c(4960): warning:  #177-D: variable "i"  was declared but never referenced
        u8 i;
..\User\Test\test.c(4961): warning:  #177-D: variable "key"  was declared but never referenced
        u8 key;
..\User\Test\test.c(4963): warning:  #177-D: variable "item"  was declared but never referenced
        u8 item;
..\User\Test\test.c(4964): warning:  #550-D: variable "time"  was set but never used
        u16 time;//????????????
..\User\Test\test.c(4965): warning:  #550-D: variable "f_disp"  was set but never used
        Bool f_disp;//????????
..\User\Test\test.c: 20 warnings, 0 errors
compiling Debug.c...
..\Libraries\Drivers\include\debug_frmwrk.h(92): warning:  #47-D: incompatible redefinition of macro "TICKS_PER_SEC"  (declared at line 13 of "..\User\key/key.h")
  #define TICKS_PER_SEC 1000    //????????????????????100x10mS(T0)=1S
..\User\Test\Debug.h(28): warning:  #1-D: last line of file ends without a newline
  //==========================================================
..\User\Test\Debug.c(71): warning:  #177-D: variable "key"  was declared but never referenced
        u8 key;
..\User\Test\Debug.c(202): warning:  #111-D: statement is unreachable
                                break;
..\User\Test\Debug.c(212): warning:  #111-D: statement is unreachable
                                break;
..\User\Test\Debug.c(167): warning:  #177-D: variable "key"  was declared but never referenced
        u8 key;
..\User\Test\Debug.c(306): warning:  #111-D: statement is unreachable
                      break;
..\User\Test\Debug.c(260): warning:  #177-D: variable "key"  was declared but never referenced
        u8 key;
..\User\Test\Debug.c(417): warning:  #111-D: statement is unreachable
                      break;
..\User\Test\Debug.c(365): warning:  #177-D: variable "key"  was declared but never referenced
        u8 key;
..\User\Test\Debug.c(535): warning:  #111-D: statement is unreachable
                      break;
..\User\Test\Debug.c(482): warning:  #177-D: variable "key"  was declared but never referenced
        u8 key;
..\User\Test\Debug.c(842): warning:  #111-D: statement is unreachable
                        break;
..\User\Test\Debug.c(1235): warning:  #111-D: statement is unreachable
                                break;
..\User\Test\Debug.c(698): warning:  #550-D: variable "dat"  was set but never used
        vu16 dat;
..\User\Test\Debug.c(699): warning:  #177-D: variable "temp"  was declared but never referenced
        vu32 temp;
..\User\Test\Debug.c(704): warning:  #177-D: variable "f_upper"  was declared but never referenced
        bool f_upper=FALSE;//??????????????????
..\User\Test\Debug.c(705): warning:  #177-D: variable "f_below"  was declared but never referenced
        bool f_below=FALSE;//??????????????????
..\User\Test\Debug.c(706): warning:  #177-D: variable "f_switch"  was declared but never referenced
        bool f_switch=FALSE;//??????????????????
..\User\Test\Debug.c(712): warning:  #550-D: variable "ad_high"  was set but never used
        vu16 ad_high;//AD?€???????
..\User\Test\Debug.c(713): warning:  #550-D: variable "ad_low"  was set but never used
        vu16 ad_low;//AD?€???????
..\User\Test\Debug.c(714): warning:  #550-D: variable "TestTime"  was set but never used
      u16 TestTime;
..\User\Test\Debug.c: 22 warnings, 0 errors
compiling GUIConf.c...
compiling LCDConf.c...
linking...
Program Size: Code=154440 RO-data=122924 RW-data=804 ZI-data=8796  
FromELF: creating hex file...
".\Output\project.axf" - 0 Error(s), 71 Warning(s).

<h2>Software Packages used:</h2>

Package Vendor: ARM
                http://www.keil.com/pack/ARM.CMSIS.5.7.0.pack
                ARM.CMSIS.5.7.0
                CMSIS (Cortex Microcontroller Software Interface Standard)
   * Component: CORE Version: 5.4.0

Package Vendor: Keil
                http://www.keil.com/pack/Keil.LPC1700_DFP.2.6.0.pack
                Keil.LPC1700_DFP.2.6.0
                NXP LPC1700 Series Device Support, Drivers and Examples for MCB1700 and LPC1788-32

<h2>Collection of Component include folders:</h2>
  .\RTE\_Open1788
  D:\Keil_v5\ARM\PACK\ARM\CMSIS\5.7.0\CMSIS\Core\Include
  D:\Keil_v5\ARM\PACK\Keil\LPC1700_DFP\2.6.0\Device\Include

<h2>Collection of Component Files used:</h2>

   * Component: ARM::CMSIS:CORE:5.4.0
Build Time Elapsed:  00:00:06
</pre>
</body>
</html>
