<html>
<body>
<pre>
<h1>µVision Build Log</h1>
<h2>Tool Versions:</h2>
IDE-Version: ¦ÌVision V5.25.3.0
Copyright (C) 2018 ARM Ltd and ARM Germany GmbH. All rights reserved.
License Information: 1 Microsoft, Microsoft, LIC=03C6R-KIDXE-2Z1W4-FI5SL-E8BHU-R7F4D
 
Tool Versions:
Toolchain:       MDK-ARM Plus  Version: 5.25.2.0
Toolchain Path:  E:\Keil_v5\ARM\ARMCC\Bin
C Compiler:      Armcc.exe V5.06 update 6 (build 750)
Assembler:       Armasm.exe V5.06 update 6 (build 750)
Linker/Locator:  ArmLink.exe V5.06 update 6 (build 750)
Library Manager: ArmAr.exe V5.06 update 6 (build 750)
Hex Converter:   FromElf.exe V5.06 update 6 (build 750)
CPU DLL:         SARMCM3.DLL V5.25.2.0
Dialog DLL:      DARMP1.DLL V1.27.0.0
Target DLL:      Segger\JL2CM3.dll V2.99.29.0
Dialog DLL:      TARMP1.DLL V1.26.0.0
 
<h2>Project:</h2>
F:\JK9310\Project\project.uvprojx
Project File Date:  02/28/2022

<h2>Output:</h2>
*** Using Compiler 'V5.06 update 6 (build 750)', folder: 'E:\Keil_v5\ARM\ARMCC\Bin'
Build target 'Open1788'
compiling scpi-def.c...
..\User\scpi-def.c(442): warning:  #223-D: function "Uart0_Send" declared implicitly
      Uart0_Send(0xa1);
..\User\scpi-def.c(452): warning:  #223-D: function "Beep_Off" declared implicitly
                        Beep_Off();
..\User\scpi-def.c(455): warning:  #223-D: function "V_DA_out" declared implicitly
              V_DA_out(0);
..\User\scpi-def.c(456): warning:  #223-D: function "Sing_out_C" declared implicitly
              Sing_out_C(0);
..\User\scpi-def.c(458): warning:  #223-D: function "FRB_out" declared implicitly
              FRB_out(0);
..\User\scpi-def.c(459): warning:  #223-D: function "Uart0_Send" declared implicitly
              Uart0_Send(0xa0);
..\User\scpi-def.c(747): warning:  #550-D: variable "res"  was set but never used
          scpi_expr_result_t res;
..\User\scpi-def.c(740): warning:  #550-D: variable "array"  was set but never used
      scpi_channel_value_t array[MAXROW * MAXCOL]; /* array which holds values in order (2D) */
..\User\scpi-def.c: 8 warnings, 0 errors
linking...
Program Size: Code=157888 RO-data=123356 RW-data=816 ZI-data=8392  
FromELF: creating hex file...
After Build - User command #1: E:\Keil_v5\ARM\ARMCC\bin\fromelf.exe --bin  -o ..\update\update.bin Output\project.axf
".\Output\project.axf" - 0 Error(s), 8 Warning(s).

<h2>Software Packages used:</h2>

Package Vendor: ARM
                http://www.keil.com/pack/ARM.CMSIS.5.7.0.pack
                ARM.CMSIS.5.7.0
                CMSIS (Cortex Microcontroller Software Interface Standard)
   * Component: CORE Version: 5.4.0

Package Vendor: Keil
                http://www.keil.com/pack/Keil.LPC1700_DFP.2.6.0.pack
                Keil.LPC1700_DFP.2.6.0
                NXP LPC1700 Series Device Support, Drivers and Examples for MCB1700 and LPC1788-32

<h2>Collection of Component include folders:</h2>
  .\RTE\_Open1788
  D:\Keil_v5\ARM\PACK\ARM\CMSIS\5.7.0\CMSIS\Core\Include
  D:\Keil_v5\ARM\PACK\Keil\LPC1700_DFP\2.6.0\Device\Include

<h2>Collection of Component Files used:</h2>

   * Component: ARM::CMSIS:CORE:5.4.0
Build Time Elapsed:  00:00:02
</pre>
</body>
</html>
