<!doctype html public "-//w3c//dtd html 4.0 transitional//en">
<html><head>
<title>Static Call Graph - [.\Output\project.axf]</title></head>
<body><HR>
<H1>Static Call Graph for image .\Output\project.axf</H1><HR>
<BR><P>#&#060CALLGRAPH&#062# ARM Linker, 5060750: Last Updated: Sat Aug 06 15:51:56 2022
<BR><P>
<H3>Maximum Stack Usage =        644 bytes + Unknown(Functions without stacksize, Cycles, Untraceable Function Pointers)</H3><H3>
Call chain for Maximum Stack Depth:</H3>
DMM_MeasureVoltageDcQ &rArr; SCPI_ParamNumber &rArr; SCPI_ParamToDouble &rArr; strToDouble &rArr; strtod &rArr; __strtod_int &rArr; _local_sscanf &rArr; _scanf_real &rArr; _scanf_really_real &rArr; _fp_value &rArr; _btod_etento &rArr; _btod_emul &rArr; _e2e
<P>
<H3>
Functions with no stack information
</H3><UL>
 <LI><a href="#[3ed]">__user_initial_stackheap</a>
</UL>
</UL>
<P>
<H3>
Mutually Recursive functions
</H3> <LI><a href="#[a]">NMI_Handler</a>&nbsp;&nbsp;&nbsp;&rArr;&nbsp;&nbsp;&nbsp;<a href="#[a]">NMI_Handler</a><BR>
 <LI><a href="#[b]">HardFault_Handler</a>&nbsp;&nbsp;&nbsp;&rArr;&nbsp;&nbsp;&nbsp;<a href="#[b]">HardFault_Handler</a><BR>
 <LI><a href="#[c]">MemManage_Handler</a>&nbsp;&nbsp;&nbsp;&rArr;&nbsp;&nbsp;&nbsp;<a href="#[c]">MemManage_Handler</a><BR>
 <LI><a href="#[d]">BusFault_Handler</a>&nbsp;&nbsp;&nbsp;&rArr;&nbsp;&nbsp;&nbsp;<a href="#[d]">BusFault_Handler</a><BR>
 <LI><a href="#[e]">UsageFault_Handler</a>&nbsp;&nbsp;&nbsp;&rArr;&nbsp;&nbsp;&nbsp;<a href="#[e]">UsageFault_Handler</a><BR>
 <LI><a href="#[f]">SVC_Handler</a>&nbsp;&nbsp;&nbsp;&rArr;&nbsp;&nbsp;&nbsp;<a href="#[f]">SVC_Handler</a><BR>
 <LI><a href="#[10]">DebugMon_Handler</a>&nbsp;&nbsp;&nbsp;&rArr;&nbsp;&nbsp;&nbsp;<a href="#[10]">DebugMon_Handler</a><BR>
 <LI><a href="#[11]">PendSV_Handler</a>&nbsp;&nbsp;&nbsp;&rArr;&nbsp;&nbsp;&nbsp;<a href="#[11]">PendSV_Handler</a><BR>
 <LI><a href="#[29]">ADC_IRQHandler</a>&nbsp;&nbsp;&nbsp;&rArr;&nbsp;&nbsp;&nbsp;<a href="#[29]">ADC_IRQHandler</a><BR>
 <LI><a href="#[321]">regUpdate</a>&nbsp;&nbsp;&nbsp;&rArr;&nbsp;&nbsp;&nbsp;<a href="#[31f]">SCPI_RegSet</a><BR>
 <LI><a href="#[320]">regUpdateSTB</a>&nbsp;&nbsp;&nbsp;&rArr;&nbsp;&nbsp;&nbsp;<a href="#[304]">SCPI_RegSetBits</a><BR>
 <LI><a href="#[302]">SCPI_RegClearBits</a>&nbsp;&nbsp;&nbsp;&rArr;&nbsp;&nbsp;&nbsp;<a href="#[31f]">SCPI_RegSet</a><BR>
 <LI><a href="#[31e]">regUpdateEvent</a>&nbsp;&nbsp;&nbsp;&rArr;&nbsp;&nbsp;&nbsp;<a href="#[31f]">SCPI_RegSet</a><BR>
 <LI><a href="#[4b7]">_EnlargeBlocks</a>&nbsp;&nbsp;&nbsp;&rArr;&nbsp;&nbsp;&nbsp;<a href="#[424]">_Alloc</a><BR>
 <LI><a href="#[49b]">WM__SendMessage</a>&nbsp;&nbsp;&nbsp;&rArr;&nbsp;&nbsp;&nbsp;<a href="#[48c]">WM_DefaultProc</a><BR>
 <LI><a href="#[4a4]">WM__InvalidateRect</a>&nbsp;&nbsp;&nbsp;&rArr;&nbsp;&nbsp;&nbsp;<a href="#[4a4]">WM__InvalidateRect</a><BR>
 <LI><a href="#[498]">WM_InvalidateWindowAndDescsEx</a>&nbsp;&nbsp;&nbsp;&rArr;&nbsp;&nbsp;&nbsp;<a href="#[498]">WM_InvalidateWindowAndDescsEx</a><BR>
 <LI><a href="#[493]">WM__InvalidateDrawAndDescs</a>&nbsp;&nbsp;&nbsp;&rArr;&nbsp;&nbsp;&nbsp;<a href="#[493]">WM__InvalidateDrawAndDescs</a><BR>
 <LI><a href="#[4ba]">_Findy1</a>&nbsp;&nbsp;&nbsp;&rArr;&nbsp;&nbsp;&nbsp;<a href="#[4ba]">_Findy1</a><BR>
 <LI><a href="#[4bc]">_Findx1</a>&nbsp;&nbsp;&nbsp;&rArr;&nbsp;&nbsp;&nbsp;<a href="#[4bc]">_Findx1</a><BR>
 <LI><a href="#[4bb]">_Findx0</a>&nbsp;&nbsp;&nbsp;&rArr;&nbsp;&nbsp;&nbsp;<a href="#[4bb]">_Findx0</a><BR>
</UL>
<P>
<H3>
Function Pointers
</H3><UL>
 <LI><a href="#[9b]">ACMode</a> from scpi-def.o(.text) referenced from scpi-def.o(.constdata)
 <LI><a href="#[29]">ADC_IRQHandler</a> from startup_lpc177x_8x.o(.text) referenced from startup_lpc177x_8x.o(RESET)
 <LI><a href="#[8f]">ARCQ1</a> from scpi-def.o(.text) referenced from scpi-def.o(.constdata)
 <LI><a href="#[90]">ARCS1</a> from scpi-def.o(.text) referenced from scpi-def.o(.constdata)
 <LI><a href="#[2a]">BOD_IRQHandler</a> from startup_lpc177x_8x.o(.text) referenced from startup_lpc177x_8x.o(RESET)
 <LI><a href="#[d]">BusFault_Handler</a> from startup_lpc177x_8x.o(.text) referenced from startup_lpc177x_8x.o(RESET)
 <LI><a href="#[35]">CANActivity_IRQHandler</a> from startup_lpc177x_8x.o(.text) referenced from startup_lpc177x_8x.o(RESET)
 <LI><a href="#[2c]">CAN_IRQHandler</a> from startup_lpc177x_8x.o(.text) referenced from startup_lpc177x_8x.o(RESET)
 <LI><a href="#[87]">CLOWAcQ1</a> from scpi-def.o(.text) referenced from scpi-def.o(.constdata)
 <LI><a href="#[88]">CLOWAcS1</a> from scpi-def.o(.text) referenced from scpi-def.o(.constdata)
 <LI><a href="#[85]">CUpperAcQ1</a> from scpi-def.o(.text) referenced from scpi-def.o(.constdata)
 <LI><a href="#[86]">CUpperAcS1</a> from scpi-def.o(.text) referenced from scpi-def.o(.constdata)
 <LI><a href="#[9c]">DCMode</a> from scpi-def.o(.text) referenced from scpi-def.o(.constdata)
 <LI><a href="#[2d]">DMA_IRQHandler</a> from startup_lpc177x_8x.o(.text) referenced from startup_lpc177x_8x.o(RESET)
 <LI><a href="#[77]">DMM_ConfigureVoltageDc</a> from scpi-def.o(.text) referenced from scpi-def.o(.constdata)
 <LI><a href="#[79]">DMM_MeasureVoltageAcQ</a> from scpi-def.o(.text) referenced from scpi-def.o(.constdata)
 <LI><a href="#[76]">DMM_MeasureVoltageDcQ</a> from scpi-def.o(.text) referenced from scpi-def.o(.constdata)
 <LI><a href="#[10]">DebugMon_Handler</a> from startup_lpc177x_8x.o(.text) referenced from startup_lpc177x_8x.o(RESET)
 <LI><a href="#[3b]">EEPROM_IRQHandler</a> from startup_lpc177x_8x.o(.text) referenced from startup_lpc177x_8x.o(RESET)
 <LI><a href="#[25]">EINT0_IRQHandler</a> from startup_lpc177x_8x.o(.text) referenced from startup_lpc177x_8x.o(RESET)
 <LI><a href="#[26]">EINT1_IRQHandler</a> from startup_lpc177x_8x.o(.text) referenced from startup_lpc177x_8x.o(RESET)
 <LI><a href="#[27]">EINT2_IRQHandler</a> from startup_lpc177x_8x.o(.text) referenced from startup_lpc177x_8x.o(RESET)
 <LI><a href="#[28]">EINT3_IRQHandler</a> from startup_lpc177x_8x.o(.text) referenced from startup_lpc177x_8x.o(RESET)
 <LI><a href="#[2f]">ENET_IRQHandler</a> from startup_lpc177x_8x.o(.text) referenced from startup_lpc177x_8x.o(RESET)
 <LI><a href="#[91]">FREQQ1</a> from scpi-def.o(.text) referenced from scpi-def.o(.constdata)
 <LI><a href="#[92]">FREQS1</a> from scpi-def.o(.text) referenced from scpi-def.o(.constdata)
 <LI><a href="#[8d]">FTIMQ1</a> from scpi-def.o(.text) referenced from scpi-def.o(.constdata)
 <LI><a href="#[8e]">FTIMS1</a> from scpi-def.o(.text) referenced from scpi-def.o(.constdata)
 <LI><a href="#[39]">GPIO_IRQHandler</a> from main.o(.text) referenced from startup_lpc177x_8x.o(RESET)
 <LI><a href="#[ab]">GUIMONO_DispChar</a> from gui_charm.o(i.GUIMONO_DispChar) referenced from f6x8.o(.constdata)
 <LI><a href="#[ac]">GUIMONO_GetCharDistX</a> from gui_charm.o(i.GUIMONO_GetCharDistX) referenced from f6x8.o(.constdata)
 <LI><a href="#[ad]">GUIMONO_GetFontInfo</a> from gui_charm.o(i.GUIMONO_GetFontInfo) referenced from f6x8.o(.constdata)
 <LI><a href="#[ae]">GUIMONO_IsInFont</a> from gui_charm.o(i.GUIMONO_IsInFont) referenced from f6x8.o(.constdata)
 <LI><a href="#[5e]">GUIPROP_DispChar</a> from gui_charp.o(i.GUIPROP_DispChar) referenced 6 times from gui_fontxbffon16.o(.constdata)
 <LI><a href="#[5f]">GUIPROP_GetCharDistX</a> from gui_charp.o(i.GUIPROP_GetCharDistX) referenced 6 times from gui_fontxbffon16.o(.constdata)
 <LI><a href="#[60]">GUIPROP_GetFontInfo</a> from gui_charp.o(i.GUIPROP_GetFontInfo) referenced 6 times from gui_fontxbffon16.o(.constdata)
 <LI><a href="#[61]">GUIPROP_IsInFont</a> from gui_charp.o(i.GUIPROP_IsInFont) referenced 6 times from gui_fontxbffon16.o(.constdata)
 <LI><a href="#[5c]">GUI_MEMDEV__WriteToActiveOpaque</a> from guidev_writetoactiveopaque.o(i.GUI_MEMDEV__WriteToActiveOpaque) referenced from guidev_16.o(i._GetDevFunc)
 <LI><a href="#[8]">GUI_X_ExecIdle</a> from gui_x.o(.text) referenced 2 times from gui_waitevent.o(.data)
 <LI><a href="#[b]">HardFault_Handler</a> from startup_lpc177x_8x.o(.text) referenced from startup_lpc177x_8x.o(RESET)
 <LI><a href="#[1d]">I2C0_IRQHandler</a> from startup_lpc177x_8x.o(.text) referenced from startup_lpc177x_8x.o(RESET)
 <LI><a href="#[1e]">I2C1_IRQHandler</a> from startup_lpc177x_8x.o(.text) referenced from startup_lpc177x_8x.o(RESET)
 <LI><a href="#[1f]">I2C2_IRQHandler</a> from startup_lpc177x_8x.o(.text) referenced from startup_lpc177x_8x.o(RESET)
 <LI><a href="#[2e]">I2S_IRQHandler</a> from startup_lpc177x_8x.o(.text) referenced from startup_lpc177x_8x.o(RESET)
 <LI><a href="#[9d]">IRMode</a> from scpi-def.o(.text) referenced from scpi-def.o(.constdata)
 <LI><a href="#[46]">LCD_DrawHLine</a> from lcd.o(i.LCD_DrawHLine) referenced from gui_core.o(.constdata)
 <LI><a href="#[46]">LCD_DrawHLine</a> from lcd.o(i.LCD_DrawHLine) referenced from gui_drawgradientrounded.o(i.GUI_DrawGradientRoundedV)
 <LI><a href="#[a1]">LCD_DrawPixel</a> from lcd.o(i.LCD_DrawPixel) referenced from gui_core.o(.constdata)
 <LI><a href="#[6]">LCD_GetpPalConvTableBM</a> from lcd_color.o(i.LCD_GetpPalConvTableBM) referenced 2 times from gui_core.o(.data)
 <LI><a href="#[38]">LCD_IRQHandler</a> from startup_lpc177x_8x.o(.text) referenced from startup_lpc177x_8x.o(RESET)
 <LI><a href="#[a7]">LCD_Index2Color_565</a> from guicc_565.o(i.LCD_Index2Color_565) referenced from guicc_565.o(.constdata)
 <LI><a href="#[30]">MCI_IRQHandler</a> from startup_lpc177x_8x.o(.text) referenced from startup_lpc177x_8x.o(RESET)
 <LI><a href="#[31]">MCPWM_IRQHandler</a> from startup_lpc177x_8x.o(.text) referenced from startup_lpc177x_8x.o(RESET)
 <LI><a href="#[c]">MemManage_Handler</a> from startup_lpc177x_8x.o(.text) referenced from startup_lpc177x_8x.o(RESET)
 <LI><a href="#[6d]">My_CoreTstQ</a> from scpi-def.o(.text) referenced from scpi-def.o(.constdata)
 <LI><a href="#[a]">NMI_Handler</a> from startup_lpc177x_8x.o(.text) referenced from startup_lpc177x_8x.o(RESET)
 <LI><a href="#[93]">OPENQ1</a> from scpi-def.o(.text) referenced from scpi-def.o(.constdata)
 <LI><a href="#[94]">OPENS1</a> from scpi-def.o(.text) referenced from scpi-def.o(.constdata)
 <LI><a href="#[9e]">OSMode</a> from scpi-def.o(.text) referenced from scpi-def.o(.constdata)
 <LI><a href="#[23]">PLL0_IRQHandler</a> from startup_lpc177x_8x.o(.text) referenced from startup_lpc177x_8x.o(RESET)
 <LI><a href="#[33]">PLL1_IRQHandler</a> from startup_lpc177x_8x.o(.text) referenced from startup_lpc177x_8x.o(RESET)
 <LI><a href="#[3a]">PWM0_IRQHandler</a> from startup_lpc177x_8x.o(.text) referenced from startup_lpc177x_8x.o(RESET)
 <LI><a href="#[1c]">PWM1_IRQHandler</a> from startup_lpc177x_8x.o(.text) referenced from startup_lpc177x_8x.o(RESET)
 <LI><a href="#[81]">PageQuery</a> from scpi-def.o(.text) referenced from scpi-def.o(.constdata)
 <LI><a href="#[82]">PageSet</a> from scpi-def.o(.text) referenced from scpi-def.o(.constdata)
 <LI><a href="#[11]">PendSV_Handler</a> from startup_lpc177x_8x.o(.text) referenced from startup_lpc177x_8x.o(RESET)
 <LI><a href="#[32]">QEI_IRQHandler</a> from startup_lpc177x_8x.o(.text) referenced from startup_lpc177x_8x.o(RESET)
 <LI><a href="#[24]">RTC_IRQHandler</a> from startup_lpc177x_8x.o(.text) referenced from startup_lpc177x_8x.o(RESET)
 <LI><a href="#[8b]">RTIMQ1</a> from scpi-def.o(.text) referenced from scpi-def.o(.constdata)
 <LI><a href="#[8c]">RTIMS1</a> from scpi-def.o(.text) referenced from scpi-def.o(.constdata)
 <LI><a href="#[9f]">ReadRes</a> from scpi-def.o(.text) referenced from scpi-def.o(.constdata)
 <LI><a href="#[9]">Reset_Handler</a> from startup_lpc177x_8x.o(.text) referenced from startup_lpc177x_8x.o(RESET)
 <LI><a href="#[62]">SCPI_CoreCls</a> from ieee488.o(.text) referenced from scpi-def.o(.constdata)
 <LI><a href="#[63]">SCPI_CoreEse</a> from ieee488.o(.text) referenced from scpi-def.o(.constdata)
 <LI><a href="#[64]">SCPI_CoreEseQ</a> from ieee488.o(.text) referenced from scpi-def.o(.constdata)
 <LI><a href="#[65]">SCPI_CoreEsrQ</a> from ieee488.o(.text) referenced from scpi-def.o(.constdata)
 <LI><a href="#[66]">SCPI_CoreIdnQ</a> from ieee488.o(.text) referenced from scpi-def.o(.constdata)
 <LI><a href="#[67]">SCPI_CoreOpc</a> from ieee488.o(.text) referenced from scpi-def.o(.constdata)
 <LI><a href="#[68]">SCPI_CoreOpcQ</a> from ieee488.o(.text) referenced from scpi-def.o(.constdata)
 <LI><a href="#[69]">SCPI_CoreRst</a> from ieee488.o(.text) referenced from scpi-def.o(.constdata)
 <LI><a href="#[6a]">SCPI_CoreSre</a> from ieee488.o(.text) referenced from scpi-def.o(.constdata)
 <LI><a href="#[6b]">SCPI_CoreSreQ</a> from ieee488.o(.text) referenced from scpi-def.o(.constdata)
 <LI><a href="#[6c]">SCPI_CoreStbQ</a> from ieee488.o(.text) referenced from scpi-def.o(.constdata)
 <LI><a href="#[6e]">SCPI_CoreWai</a> from ieee488.o(.text) referenced from scpi-def.o(.constdata)
 <LI><a href="#[75]">SCPI_StatusPreset</a> from minimal.o(.text) referenced from scpi-def.o(.constdata)
 <LI><a href="#[73]">SCPI_StatusQuestionableEnable</a> from minimal.o(.text) referenced from scpi-def.o(.constdata)
 <LI><a href="#[74]">SCPI_StatusQuestionableEnableQ</a> from minimal.o(.text) referenced from scpi-def.o(.constdata)
 <LI><a href="#[72]">SCPI_StatusQuestionableEventQ</a> from minimal.o(.text) referenced from scpi-def.o(.constdata)
 <LI><a href="#[78]">SCPI_StubQ</a> from minimal.o(.text) referenced 7 times from scpi-def.o(.constdata)
 <LI><a href="#[7a]">SCPI_SystemCommTcpipControlQ</a> from test.o(.text) referenced from scpi-def.o(.constdata)
 <LI><a href="#[70]">SCPI_SystemErrorCountQ</a> from minimal.o(.text) referenced from scpi-def.o(.constdata)
 <LI><a href="#[6f]">SCPI_SystemErrorNextQ</a> from minimal.o(.text) referenced from scpi-def.o(.constdata)
 <LI><a href="#[71]">SCPI_SystemVersionQ</a> from minimal.o(.text) referenced from scpi-def.o(.constdata)
 <LI><a href="#[5]">SCPI_Write</a> from test.o(.text) referenced 2 times from scpi-def.o(.data)
 <LI><a href="#[95]">SHORTQ1</a> from scpi-def.o(.text) referenced from scpi-def.o(.constdata)
 <LI><a href="#[96]">SHORTS1</a> from scpi-def.o(.text) referenced from scpi-def.o(.constdata)
 <LI><a href="#[20]">SPIFI_IRQHandler</a> from startup_lpc177x_8x.o(.text) referenced from startup_lpc177x_8x.o(RESET)
 <LI><a href="#[21]">SSP0_IRQHandler</a> from startup_lpc177x_8x.o(.text) referenced from startup_lpc177x_8x.o(RESET)
 <LI><a href="#[22]">SSP1_IRQHandler</a> from startup_lpc177x_8x.o(.text) referenced from startup_lpc177x_8x.o(RESET)
 <LI><a href="#[37]">SSP2_IRQHandler</a> from startup_lpc177x_8x.o(.text) referenced from startup_lpc177x_8x.o(RESET)
 <LI><a href="#[f]">SVC_Handler</a> from startup_lpc177x_8x.o(.text) referenced from startup_lpc177x_8x.o(RESET)
 <LI><a href="#[99]">SetStep</a> from scpi-def.o(.text) referenced from scpi-def.o(.constdata)
 <LI><a href="#[9a]">SetTSteps</a> from scpi-def.o(.text) referenced from scpi-def.o(.constdata)
 <LI><a href="#[97]">StartT</a> from scpi-def.o(.text) referenced from scpi-def.o(.constdata)
 <LI><a href="#[98]">StopT</a> from scpi-def.o(.text) referenced from scpi-def.o(.constdata)
 <LI><a href="#[12]">SysTick_Handler</a> from key.o(.text) referenced from startup_lpc177x_8x.o(RESET)
 <LI><a href="#[3c]">SystemInit</a> from system_lpc177x_8x.o(.text) referenced from startup_lpc177x_8x.o(.text)
 <LI><a href="#[7f]">TEST_ArbQ</a> from scpi-def.o(.text) referenced from scpi-def.o(.constdata)
 <LI><a href="#[7b]">TEST_Bool</a> from scpi-def.o(.text) referenced from scpi-def.o(.constdata)
 <LI><a href="#[80]">TEST_Chanlst</a> from scpi-def.o(.text) referenced from scpi-def.o(.constdata)
 <LI><a href="#[7c]">TEST_ChoiceQ</a> from scpi-def.o(.text) referenced from scpi-def.o(.constdata)
 <LI><a href="#[7d]">TEST_Numbers</a> from scpi-def.o(.text) referenced from scpi-def.o(.constdata)
 <LI><a href="#[7e]">TEST_Text</a> from scpi-def.o(.text) referenced from scpi-def.o(.constdata)
 <LI><a href="#[14]">TIMER0_IRQHandler</a> from timer.o(.text) referenced from startup_lpc177x_8x.o(RESET)
 <LI><a href="#[15]">TIMER1_IRQHandler</a> from timer.o(.text) referenced from startup_lpc177x_8x.o(RESET)
 <LI><a href="#[16]">TIMER2_IRQHandler</a> from timer.o(.text) referenced from startup_lpc177x_8x.o(RESET)
 <LI><a href="#[17]">TIMER3_IRQHandler</a> from timer.o(.text) referenced from startup_lpc177x_8x.o(RESET)
 <LI><a href="#[89]">TTIMQ1</a> from scpi-def.o(.text) referenced from scpi-def.o(.constdata)
 <LI><a href="#[8a]">TTIMS1</a> from scpi-def.o(.text) referenced from scpi-def.o(.constdata)
 <LI><a href="#[18]">UART0_IRQHandler</a> from debug_frmwrk.o(.text) referenced from startup_lpc177x_8x.o(RESET)
 <LI><a href="#[19]">UART1_IRQHandler</a> from startup_lpc177x_8x.o(.text) referenced from startup_lpc177x_8x.o(RESET)
 <LI><a href="#[1a]">UART2_IRQHandler</a> from startup_lpc177x_8x.o(.text) referenced from startup_lpc177x_8x.o(RESET)
 <LI><a href="#[1b]">UART3_IRQHandler</a> from debug_frmwrk.o(.text) referenced from startup_lpc177x_8x.o(RESET)
 <LI><a href="#[36]">UART4_IRQHandler</a> from startup_lpc177x_8x.o(.text) referenced from startup_lpc177x_8x.o(RESET)
 <LI><a href="#[292]">UARTGetChar</a> from debug_frmwrk.o(.text) referenced 2 times from debug_frmwrk.o(.text)
 <LI><a href="#[294]">UARTGetValue</a> from debug_frmwrk.o(.text) referenced 2 times from debug_frmwrk.o(.text)
 <LI><a href="#[183]">UARTPutChar</a> from debug_frmwrk.o(.text) referenced 2 times from debug_frmwrk.o(.text)
 <LI><a href="#[296]">UARTPutDec</a> from debug_frmwrk.o(.text) referenced 2 times from debug_frmwrk.o(.text)
 <LI><a href="#[297]">UARTPutDec16</a> from debug_frmwrk.o(.text) referenced 2 times from debug_frmwrk.o(.text)
 <LI><a href="#[298]">UARTPutDec32</a> from debug_frmwrk.o(.text) referenced 2 times from debug_frmwrk.o(.text)
 <LI><a href="#[29a]">UARTPutHex</a> from debug_frmwrk.o(.text) referenced 2 times from debug_frmwrk.o(.text)
 <LI><a href="#[29c]">UARTPutHex16</a> from debug_frmwrk.o(.text) referenced 2 times from debug_frmwrk.o(.text)
 <LI><a href="#[29b]">UARTPutHex16_</a> from debug_frmwrk.o(.text) referenced 2 times from debug_frmwrk.o(.text)
 <LI><a href="#[29e]">UARTPutHex32</a> from debug_frmwrk.o(.text) referenced 2 times from debug_frmwrk.o(.text)
 <LI><a href="#[29d]">UARTPutHex32_</a> from debug_frmwrk.o(.text) referenced 2 times from debug_frmwrk.o(.text)
 <LI><a href="#[299]">UARTPutHex_</a> from debug_frmwrk.o(.text) referenced 2 times from debug_frmwrk.o(.text)
 <LI><a href="#[293]">UARTPuts</a> from debug_frmwrk.o(.text) referenced 2 times from debug_frmwrk.o(.text)
 <LI><a href="#[295]">UARTPuts_</a> from debug_frmwrk.o(.text) referenced 2 times from debug_frmwrk.o(.text)
 <LI><a href="#[34]">USBActivity_IRQHandler</a> from startup_lpc177x_8x.o(.text) referenced from startup_lpc177x_8x.o(RESET)
 <LI><a href="#[2b]">USB_IRQHandler</a> from usbhost_lpc17xx.o(.text) referenced from startup_lpc177x_8x.o(RESET)
 <LI><a href="#[e]">UsageFault_Handler</a> from startup_lpc177x_8x.o(.text) referenced from startup_lpc177x_8x.o(RESET)
 <LI><a href="#[83]">VoltageAcQ1</a> from scpi-def.o(.text) referenced from scpi-def.o(.constdata)
 <LI><a href="#[84]">VoltageAcS1</a> from scpi-def.o(.text) referenced from scpi-def.o(.constdata)
 <LI><a href="#[a0]">VoltageDcQ1</a> from scpi-def.o(.text) referenced from scpi-def.o(.constdata)
 <LI><a href="#[13]">WDT_IRQHandler</a> from startup_lpc177x_8x.o(.text) referenced from startup_lpc177x_8x.o(RESET)
 <LI><a href="#[a4]">_CalcSizeOfChar</a> from gui_uc_encodeutf8.o(i._CalcSizeOfChar) referenced 2 times from gui_uc_encodeutf8.o(.constdata)
 <LI><a href="#[a9]">_Color2IndexBulk</a> from guicc_565.o(i._Color2IndexBulk) referenced from guicc_565.o(.constdata)
 <LI><a href="#[ce]">_Color2Index_0</a> from guicc_0.o(i._Color2Index_0) referenced from guicc_0.o(.constdata)
 <LI><a href="#[a6]">_Color2Index_565</a> from guicc_565.o(i._Color2Index_565) referenced from guicc_565.o(.constdata)
 <LI><a href="#[58]">_CopyBuffer</a> from guidrv_lin_16.o(i._CopyBuffer) referenced from guidrv_lin_16.o(i._GetDevFunc)
 <LI><a href="#[af]">_DrawBitmap</a> from guidrv_lin_16.o(i._DrawBitmap) referenced 2 times from guidrv_lin_16.o(.constdata)
 <LI><a href="#[b0]">_DrawHLine</a> from guidrv_lin_16.o(i._DrawHLine) referenced 2 times from guidrv_lin_16.o(.constdata)
 <LI><a href="#[b1]">_DrawVLine</a> from guidrv_lin_16.o(i._DrawVLine) referenced 2 times from guidrv_lin_16.o(.constdata)
 <LI><a href="#[a5]">_Encode</a> from gui_uc_encodeutf8.o(i._Encode) referenced 2 times from gui_uc_encodeutf8.o(.constdata)
 <LI><a href="#[b2]">_FillRect</a> from guidrv_lin_16.o(i._FillRect) referenced 2 times from guidrv_lin_16.o(.constdata)
 <LI><a href="#[a2]">_GetCharCode</a> from gui_uc_encodeutf8.o(i._GetCharCode) referenced 2 times from gui_uc_encodeutf8.o(.constdata)
 <LI><a href="#[a3]">_GetCharSize</a> from gui_uc_encodeutf8.o(i._GetCharSize) referenced 2 times from gui_uc_encodeutf8.o(.constdata)
 <LI><a href="#[b9]">_GetDevData</a> from guidrv_lin_16.o(i._GetDevData) referenced 2 times from guidrv_lin_16.o(.constdata)
 <LI><a href="#[b7]">_GetDevFunc</a> from guidrv_lin_16.o(i._GetDevFunc) referenced 2 times from guidrv_lin_16.o(.constdata)
 <LI><a href="#[b8]">_GetDevProp</a> from guidrv_lin_16.o(i._GetDevProp) referenced 2 times from guidrv_lin_16.o(.constdata)
 <LI><a href="#[d0]">_GetIndexMask_0</a> from guicc_0.o(i._GetIndexMask_0) referenced from guicc_0.o(.constdata)
 <LI><a href="#[a8]">_GetIndexMask_565</a> from guicc_565.o(i._GetIndexMask_565) referenced from guicc_565.o(.constdata)
 <LI><a href="#[b3]">_GetPixelIndex</a> from guidrv_lin_16.o(i._GetPixelIndex) referenced 2 times from guidrv_lin_16.o(.constdata)
 <LI><a href="#[4f]">_GetPos</a> from guidrv_lin_16.o(i._GetPos) referenced from guidrv_lin_16.o(i._GetDevFunc)
 <LI><a href="#[ba]">_GetRect</a> from guidrv_lin_16.o(i._GetRect) referenced 2 times from guidrv_lin_16.o(.constdata)
 <LI><a href="#[aa]">_Index2ColorBulk</a> from guicc_565.o(i._Index2ColorBulk) referenced from guicc_565.o(.constdata)
 <LI><a href="#[cf]">_Index2Color_0</a> from guicc_0.o(i._Index2Color_0) referenced from guicc_0.o(.constdata)
 <LI><a href="#[52]">_Init</a> from guidrv_lin_16.o(i._Init) referenced from guidrv_lin_16.o(i._GetDevFunc)
 <LI><a href="#[7]">_Log2VisBuffered</a> from gui_charline.o(i._Log2VisBuffered) referenced 2 times from gui_charline.o(.data)
 <LI><a href="#[54]">_Off</a> from guidrv_lin_16.o(i._Off) referenced from guidrv_lin_16.o(i._GetDevFunc)
 <LI><a href="#[53]">_On</a> from guidrv_lin_16.o(i._On) referenced from guidrv_lin_16.o(i._GetDevFunc)
 <LI><a href="#[45]">_OnExit</a> from gui_task.o(i._OnExit) referenced from gui_task.o(i.GUITASK_Init)
 <LI><a href="#[47]">_OnExit</a> from gui_core.o(i._OnExit) referenced from gui_core.o(i.GUI__Config)
 <LI><a href="#[48]">_OnExit</a> from lcd_color.o(i._OnExit) referenced from lcd_color.o(i.LCD_InitColors)
 <LI><a href="#[4a]">_OnExit</a> from wm.o(i._OnExit) referenced from wm.o(i.WM_Init)
 <LI><a href="#[5d]">_OnExit</a> from gui_alloc.o(i._OnExit) referenced from gui_alloc.o(i._InitOnce)
 <LI><a href="#[5b]">_ReadRect</a> from guidrv_lin_16.o(i._ReadRect) referenced from guidrv_lin_16.o(i._GetDevFunc)
 <LI><a href="#[50]">_SetAlpha</a> from guidrv_lin_16.o(i._SetAlpha) referenced from guidrv_lin_16.o(i._GetDevFunc)
 <LI><a href="#[55]">_SetAlphaMode</a> from guidrv_lin_16.o(i._SetAlphaMode) referenced from guidrv_lin_16.o(i._GetDevFunc)
 <LI><a href="#[c0]">_SetBkColor</a> from lcd.o(i._SetBkColor) referenced from lcd.o(.constdata)
 <LI><a href="#[57]">_SetChroma</a> from guidrv_lin_16.o(i._SetChroma) referenced from guidrv_lin_16.o(i._GetDevFunc)
 <LI><a href="#[56]">_SetChromaMode</a> from guidrv_lin_16.o(i._SetChromaMode) referenced from guidrv_lin_16.o(i._GetDevFunc)
 <LI><a href="#[bf]">_SetColor</a> from lcd.o(i._SetColor) referenced from lcd.o(.constdata)
 <LI><a href="#[5a]">_SetDevFunc</a> from guidrv_lin_16.o(i._SetDevFunc) referenced from guidrv_lin_16.o(i._GetDevFunc)
 <LI><a href="#[c1]">_SetDrawMode</a> from lcd.o(i._SetDrawMode) referenced from lcd.o(.constdata)
 <LI><a href="#[b6]">_SetOrg</a> from guidrv_lin_16.o(i._SetOrg) referenced 2 times from guidrv_lin_16.o(.constdata)
 <LI><a href="#[b4]">_SetPixelIndex</a> from guidrv_lin_16.o(i._SetPixelIndex) referenced 2 times from guidrv_lin_16.o(.constdata)
 <LI><a href="#[4e]">_SetPos</a> from guidrv_lin_16.o(i._SetPos) referenced from guidrv_lin_16.o(i._GetDevFunc)
 <LI><a href="#[4d]">_SetSize</a> from guidrv_lin_16.o(i._SetSize) referenced from guidrv_lin_16.o(i._GetDevFunc)
 <LI><a href="#[4b]">_SetVRAMAddr</a> from guidrv_lin_16.o(i._SetVRAMAddr) referenced from guidrv_lin_16.o(i._GetDevFunc)
 <LI><a href="#[4c]">_SetVSize</a> from guidrv_lin_16.o(i._SetVSize) referenced from guidrv_lin_16.o(i._GetDevFunc)
 <LI><a href="#[51]">_SetVis</a> from guidrv_lin_16.o(i._SetVis) referenced from guidrv_lin_16.o(i._GetDevFunc)
 <LI><a href="#[59]">_ShowBuffer</a> from guidrv_lin_16.o(i._ShowBuffer) referenced from guidrv_lin_16.o(i._GetDevFunc)
 <LI><a href="#[b5]">_XorPixel</a> from guidrv_lin_16.o(i._XorPixel) referenced 2 times from guidrv_lin_16.o(.constdata)
 <LI><a href="#[d1]">__main</a> from __main.o(!!!main) referenced from startup_lpc177x_8x.o(.text)
 <LI><a href="#[49]">_cbBackWin</a> from wm.o(i._cbBackWin) referenced from wm.o(i.WM_Init)
 <LI><a href="#[3e]">_get_lc_ctype</a> from lc_ctype_c.o(locale$$code) referenced from rt_ctype_table.o(.text)
 <LI><a href="#[41]">_printf_input_char</a> from _printf_char_common.o(.text) referenced from _printf_char_common.o(.text)
 <LI><a href="#[43]">_sbackspace</a> from _sgetc.o(.text) referenced from strtod.o(.text)
 <LI><a href="#[42]">_sgetc</a> from _sgetc.o(.text) referenced from strtod.o(.text)
 <LI><a href="#[40]">_snputc</a> from _snputc.o(.text) referenced from noretval__2snprintf.o(.text)
 <LI><a href="#[3f]">_sputc</a> from _sputc.o(.text) referenced from noretval__2sprintf.o(.text)
 <LI><a href="#[44]">isspace</a> from isspace.o(.text) referenced from strtod.o(.text)
</UL>
<P>
<H3>
Global Symbols
</H3>
<P><STRONG><a name="[d1]"></a>__main</STRONG> (Thumb, 8 bytes, Stack size 0 bytes, __main.o(!!!main))
<BR><BR>[Calls]<UL><LI><a href="#[d3]">&gt;&gt;</a>&nbsp;&nbsp;&nbsp;__rt_entry
<LI><a href="#[d2]">&gt;&gt;</a>&nbsp;&nbsp;&nbsp;__scatterload
</UL>

<P><STRONG><a name="[d2]"></a>__scatterload</STRONG> (Thumb, 0 bytes, Stack size unknown bytes, __scatter.o(!!!scatter))
<BR><BR>[Called By]<UL><LI><a href="#[d1]">&gt;&gt;</a>&nbsp;&nbsp;&nbsp;__main
</UL>

<P><STRONG><a name="[d4]"></a>__scatterload_rt2</STRONG> (Thumb, 44 bytes, Stack size unknown bytes, __scatter.o(!!!scatter), UNUSED)
<BR><BR>[Calls]<UL><LI><a href="#[d3]">&gt;&gt;</a>&nbsp;&nbsp;&nbsp;__rt_entry
</UL>

<P><STRONG><a name="[4f6]"></a>__scatterload_rt2_thumb_only</STRONG> (Thumb, 0 bytes, Stack size unknown bytes, __scatter.o(!!!scatter), UNUSED)

<P><STRONG><a name="[4f7]"></a>__scatterload_null</STRONG> (Thumb, 0 bytes, Stack size unknown bytes, __scatter.o(!!!scatter), UNUSED)

<P><STRONG><a name="[4f8]"></a>__decompress</STRONG> (Thumb, 90 bytes, Stack size unknown bytes, __dczerorl2.o(!!dczerorl2), UNUSED)

<P><STRONG><a name="[4f9]"></a>__decompress1</STRONG> (Thumb, 0 bytes, Stack size unknown bytes, __dczerorl2.o(!!dczerorl2), UNUSED)

<P><STRONG><a name="[4fa]"></a>__scatterload_zeroinit</STRONG> (Thumb, 28 bytes, Stack size unknown bytes, __scatter_zi.o(!!handler_zi), UNUSED)

<P><STRONG><a name="[d5]"></a>_printf_f</STRONG> (Thumb, 0 bytes, Stack size unknown bytes, _printf_f.o(.ARM.Collect$$_printf_percent$$00000003))
<BR><BR>[Stack]<UL><LI>Max Depth = 324 + Unknown Stack Size
<LI>Call Chain = _printf_f &rArr; _printf_fp_dec &rArr; _printf_fp_dec_real &rArr; _fp_digits &rArr; _btod_etento &rArr; _btod_emul &rArr; _e2e
</UL>
<BR>[Calls]<UL><LI><a href="#[d6]">&gt;&gt;</a>&nbsp;&nbsp;&nbsp;_printf_fp_dec
</UL>

<P><STRONG><a name="[3ca]"></a>_printf_percent</STRONG> (Thumb, 0 bytes, Stack size unknown bytes, _printf_percent.o(.ARM.Collect$$_printf_percent$$00000000))
<BR><BR>[Called By]<UL><LI><a href="#[3c8]">&gt;&gt;</a>&nbsp;&nbsp;&nbsp;__printf
</UL>

<P><STRONG><a name="[d7]"></a>_printf_g</STRONG> (Thumb, 0 bytes, Stack size unknown bytes, _printf_g.o(.ARM.Collect$$_printf_percent$$00000005))
<BR><BR>[Stack]<UL><LI>Max Depth = 324 + Unknown Stack Size
<LI>Call Chain = _printf_g &rArr; _printf_fp_dec &rArr; _printf_fp_dec_real &rArr; _fp_digits &rArr; _btod_etento &rArr; _btod_emul &rArr; _e2e
</UL>
<BR>[Calls]<UL><LI><a href="#[d6]">&gt;&gt;</a>&nbsp;&nbsp;&nbsp;_printf_fp_dec
</UL>

<P><STRONG><a name="[d8]"></a>_printf_d</STRONG> (Thumb, 0 bytes, Stack size unknown bytes, _printf_d.o(.ARM.Collect$$_printf_percent$$00000009))
<BR><BR>[Stack]<UL><LI>Max Depth = 72 + Unknown Stack Size
<LI>Call Chain = _printf_d &rArr; _printf_int_dec &rArr; _printf_int_common &rArr; _printf_post_padding
</UL>
<BR>[Calls]<UL><LI><a href="#[d9]">&gt;&gt;</a>&nbsp;&nbsp;&nbsp;_printf_int_dec
</UL>

<P><STRONG><a name="[da]"></a>_printf_s</STRONG> (Thumb, 0 bytes, Stack size unknown bytes, _printf_s.o(.ARM.Collect$$_printf_percent$$00000014))
<BR><BR>[Stack]<UL><LI>Max Depth = 40 + Unknown Stack Size
<LI>Call Chain = _printf_s &rArr; _printf_string &rArr; _printf_cs_common &rArr; _printf_str &rArr; _printf_post_padding
</UL>
<BR>[Calls]<UL><LI><a href="#[db]">&gt;&gt;</a>&nbsp;&nbsp;&nbsp;_printf_string
</UL>

<P><STRONG><a name="[4fb]"></a>_printf_percent_end</STRONG> (Thumb, 0 bytes, Stack size unknown bytes, _printf_percent_end.o(.ARM.Collect$$_printf_percent$$00000017))

<P><STRONG><a name="[e4]"></a>__rt_lib_init</STRONG> (Thumb, 0 bytes, Stack size unknown bytes, libinit.o(.ARM.Collect$$libinit$$00000000))
<BR><BR>[Called By]<UL><LI><a href="#[e3]">&gt;&gt;</a>&nbsp;&nbsp;&nbsp;__rt_entry_li
</UL>

<P><STRONG><a name="[4fc]"></a>__rt_lib_init_fp_1</STRONG> (Thumb, 0 bytes, Stack size unknown bytes, libinit2.o(.ARM.Collect$$libinit$$00000002))

<P><STRONG><a name="[4fd]"></a>__rt_lib_init_heap_1</STRONG> (Thumb, 0 bytes, Stack size unknown bytes, libinit2.o(.ARM.Collect$$libinit$$0000000A))

<P><STRONG><a name="[dc]"></a>__rt_lib_init_lc_common</STRONG> (Thumb, 0 bytes, Stack size unknown bytes, libinit2.o(.ARM.Collect$$libinit$$0000000F))
<BR><BR>[Calls]<UL><LI><a href="#[dd]">&gt;&gt;</a>&nbsp;&nbsp;&nbsp;__rt_locale
</UL>

<P><STRONG><a name="[4fe]"></a>__rt_lib_init_preinit_1</STRONG> (Thumb, 0 bytes, Stack size unknown bytes, libinit2.o(.ARM.Collect$$libinit$$00000004))

<P><STRONG><a name="[4ff]"></a>__rt_lib_init_rand_1</STRONG> (Thumb, 0 bytes, Stack size unknown bytes, libinit2.o(.ARM.Collect$$libinit$$0000000E))

<P><STRONG><a name="[500]"></a>__rt_lib_init_user_alloc_1</STRONG> (Thumb, 0 bytes, Stack size unknown bytes, libinit2.o(.ARM.Collect$$libinit$$0000000C))

<P><STRONG><a name="[501]"></a>__rt_lib_init_lc_collate_1</STRONG> (Thumb, 0 bytes, Stack size unknown bytes, libinit2.o(.ARM.Collect$$libinit$$00000011))

<P><STRONG><a name="[de]"></a>__rt_lib_init_lc_ctype_2</STRONG> (Thumb, 0 bytes, Stack size unknown bytes, libinit2.o(.ARM.Collect$$libinit$$00000012))
<BR><BR>[Stack]<UL><LI>Max Depth = 8 + Unknown Stack Size
<LI>Call Chain = __rt_lib_init_lc_ctype_2 &rArr; _get_lc_ctype
</UL>
<BR>[Calls]<UL><LI><a href="#[3e]">&gt;&gt;</a>&nbsp;&nbsp;&nbsp;_get_lc_ctype
</UL>

<P><STRONG><a name="[502]"></a>__rt_lib_init_lc_ctype_1</STRONG> (Thumb, 0 bytes, Stack size unknown bytes, libinit2.o(.ARM.Collect$$libinit$$00000013))

<P><STRONG><a name="[503]"></a>__rt_lib_init_lc_monetary_1</STRONG> (Thumb, 0 bytes, Stack size unknown bytes, libinit2.o(.ARM.Collect$$libinit$$00000015))

<P><STRONG><a name="[df]"></a>__rt_lib_init_lc_numeric_2</STRONG> (Thumb, 0 bytes, Stack size unknown bytes, libinit2.o(.ARM.Collect$$libinit$$00000016))
<BR><BR>[Stack]<UL><LI>Max Depth = 8 + Unknown Stack Size
<LI>Call Chain = __rt_lib_init_lc_numeric_2 &rArr; _get_lc_numeric
</UL>
<BR>[Calls]<UL><LI><a href="#[e0]">&gt;&gt;</a>&nbsp;&nbsp;&nbsp;_get_lc_numeric
</UL>

<P><STRONG><a name="[504]"></a>__rt_lib_init_alloca_1</STRONG> (Thumb, 0 bytes, Stack size unknown bytes, libinit2.o(.ARM.Collect$$libinit$$0000002E))

<P><STRONG><a name="[505]"></a>__rt_lib_init_argv_1</STRONG> (Thumb, 0 bytes, Stack size unknown bytes, libinit2.o(.ARM.Collect$$libinit$$0000002C))

<P><STRONG><a name="[506]"></a>__rt_lib_init_atexit_1</STRONG> (Thumb, 0 bytes, Stack size unknown bytes, libinit2.o(.ARM.Collect$$libinit$$0000001B))

<P><STRONG><a name="[507]"></a>__rt_lib_init_clock_1</STRONG> (Thumb, 0 bytes, Stack size unknown bytes, libinit2.o(.ARM.Collect$$libinit$$00000021))

<P><STRONG><a name="[508]"></a>__rt_lib_init_cpp_1</STRONG> (Thumb, 0 bytes, Stack size unknown bytes, libinit2.o(.ARM.Collect$$libinit$$00000032))

<P><STRONG><a name="[509]"></a>__rt_lib_init_exceptions_1</STRONG> (Thumb, 0 bytes, Stack size unknown bytes, libinit2.o(.ARM.Collect$$libinit$$00000030))

<P><STRONG><a name="[50a]"></a>__rt_lib_init_fp_trap_1</STRONG> (Thumb, 0 bytes, Stack size unknown bytes, libinit2.o(.ARM.Collect$$libinit$$0000001F))

<P><STRONG><a name="[50b]"></a>__rt_lib_init_getenv_1</STRONG> (Thumb, 0 bytes, Stack size unknown bytes, libinit2.o(.ARM.Collect$$libinit$$00000023))

<P><STRONG><a name="[50c]"></a>__rt_lib_init_lc_numeric_1</STRONG> (Thumb, 0 bytes, Stack size unknown bytes, libinit2.o(.ARM.Collect$$libinit$$00000017))

<P><STRONG><a name="[50d]"></a>__rt_lib_init_lc_time_1</STRONG> (Thumb, 0 bytes, Stack size unknown bytes, libinit2.o(.ARM.Collect$$libinit$$00000019))

<P><STRONG><a name="[50e]"></a>__rt_lib_init_return</STRONG> (Thumb, 0 bytes, Stack size unknown bytes, libinit2.o(.ARM.Collect$$libinit$$00000033))

<P><STRONG><a name="[50f]"></a>__rt_lib_init_signal_1</STRONG> (Thumb, 0 bytes, Stack size unknown bytes, libinit2.o(.ARM.Collect$$libinit$$0000001D))

<P><STRONG><a name="[510]"></a>__rt_lib_init_stdio_1</STRONG> (Thumb, 0 bytes, Stack size unknown bytes, libinit2.o(.ARM.Collect$$libinit$$00000025))

<P><STRONG><a name="[e9]"></a>__rt_lib_shutdown</STRONG> (Thumb, 0 bytes, Stack size unknown bytes, libshutdown.o(.ARM.Collect$$libshutdown$$00000000))
<BR><BR>[Called By]<UL><LI><a href="#[e8]">&gt;&gt;</a>&nbsp;&nbsp;&nbsp;__rt_exit_ls
</UL>

<P><STRONG><a name="[511]"></a>__rt_lib_shutdown_cpp_1</STRONG> (Thumb, 0 bytes, Stack size unknown bytes, libshutdown2.o(.ARM.Collect$$libshutdown$$00000002))

<P><STRONG><a name="[512]"></a>__rt_lib_shutdown_fp_trap_1</STRONG> (Thumb, 0 bytes, Stack size unknown bytes, libshutdown2.o(.ARM.Collect$$libshutdown$$00000007))

<P><STRONG><a name="[513]"></a>__rt_lib_shutdown_heap_1</STRONG> (Thumb, 0 bytes, Stack size unknown bytes, libshutdown2.o(.ARM.Collect$$libshutdown$$0000000F))

<P><STRONG><a name="[514]"></a>__rt_lib_shutdown_return</STRONG> (Thumb, 0 bytes, Stack size unknown bytes, libshutdown2.o(.ARM.Collect$$libshutdown$$00000010))

<P><STRONG><a name="[515]"></a>__rt_lib_shutdown_signal_1</STRONG> (Thumb, 0 bytes, Stack size unknown bytes, libshutdown2.o(.ARM.Collect$$libshutdown$$0000000A))

<P><STRONG><a name="[516]"></a>__rt_lib_shutdown_stdio_1</STRONG> (Thumb, 0 bytes, Stack size unknown bytes, libshutdown2.o(.ARM.Collect$$libshutdown$$00000004))

<P><STRONG><a name="[517]"></a>__rt_lib_shutdown_user_alloc_1</STRONG> (Thumb, 0 bytes, Stack size unknown bytes, libshutdown2.o(.ARM.Collect$$libshutdown$$0000000C))

<P><STRONG><a name="[d3]"></a>__rt_entry</STRONG> (Thumb, 0 bytes, Stack size unknown bytes, __rtentry.o(.ARM.Collect$$rtentry$$00000000))
<BR><BR>[Called By]<UL><LI><a href="#[d1]">&gt;&gt;</a>&nbsp;&nbsp;&nbsp;__main
<LI><a href="#[d4]">&gt;&gt;</a>&nbsp;&nbsp;&nbsp;__scatterload_rt2
</UL>

<P><STRONG><a name="[518]"></a>__rt_entry_presh_1</STRONG> (Thumb, 0 bytes, Stack size unknown bytes, __rtentry2.o(.ARM.Collect$$rtentry$$00000002))

<P><STRONG><a name="[e1]"></a>__rt_entry_sh</STRONG> (Thumb, 0 bytes, Stack size unknown bytes, __rtentry4.o(.ARM.Collect$$rtentry$$00000004))
<BR><BR>[Stack]<UL><LI>Max Depth = 8 + Unknown Stack Size
<LI>Call Chain = __rt_entry_sh &rArr; __user_setup_stackheap
</UL>
<BR>[Calls]<UL><LI><a href="#[e2]">&gt;&gt;</a>&nbsp;&nbsp;&nbsp;__user_setup_stackheap
</UL>

<P><STRONG><a name="[e3]"></a>__rt_entry_li</STRONG> (Thumb, 0 bytes, Stack size unknown bytes, __rtentry2.o(.ARM.Collect$$rtentry$$0000000A))
<BR><BR>[Calls]<UL><LI><a href="#[e4]">&gt;&gt;</a>&nbsp;&nbsp;&nbsp;__rt_lib_init
</UL>

<P><STRONG><a name="[519]"></a>__rt_entry_postsh_1</STRONG> (Thumb, 0 bytes, Stack size unknown bytes, __rtentry2.o(.ARM.Collect$$rtentry$$00000009))

<P><STRONG><a name="[e5]"></a>__rt_entry_main</STRONG> (Thumb, 0 bytes, Stack size unknown bytes, __rtentry2.o(.ARM.Collect$$rtentry$$0000000D))
<BR><BR>[Stack]<UL><LI>Max Depth = 524 + Unknown Stack Size
<LI>Call Chain = __rt_entry_main &rArr; main &rArr; Setup_config_Process &rArr; atof &rArr; __strtod_int &rArr; _local_sscanf &rArr; _scanf_real &rArr; _scanf_really_real &rArr; _fp_value &rArr; _btod_etento &rArr; _btod_emul &rArr; _e2e
</UL>
<BR>[Calls]<UL><LI><a href="#[e6]">&gt;&gt;</a>&nbsp;&nbsp;&nbsp;main
<LI><a href="#[e7]">&gt;&gt;</a>&nbsp;&nbsp;&nbsp;exit
</UL>

<P><STRONG><a name="[51a]"></a>__rt_entry_postli_1</STRONG> (Thumb, 0 bytes, Stack size unknown bytes, __rtentry2.o(.ARM.Collect$$rtentry$$0000000C))

<P><STRONG><a name="[3f4]"></a>__rt_exit</STRONG> (Thumb, 0 bytes, Stack size unknown bytes, rtexit.o(.ARM.Collect$$rtexit$$00000000))
<BR><BR>[Called By]<UL><LI><a href="#[e7]">&gt;&gt;</a>&nbsp;&nbsp;&nbsp;exit
</UL>

<P><STRONG><a name="[e8]"></a>__rt_exit_ls</STRONG> (Thumb, 0 bytes, Stack size unknown bytes, rtexit2.o(.ARM.Collect$$rtexit$$00000003))
<BR><BR>[Calls]<UL><LI><a href="#[e9]">&gt;&gt;</a>&nbsp;&nbsp;&nbsp;__rt_lib_shutdown
</UL>

<P><STRONG><a name="[51b]"></a>__rt_exit_prels_1</STRONG> (Thumb, 0 bytes, Stack size unknown bytes, rtexit2.o(.ARM.Collect$$rtexit$$00000002))

<P><STRONG><a name="[ea]"></a>__rt_exit_exit</STRONG> (Thumb, 0 bytes, Stack size unknown bytes, rtexit2.o(.ARM.Collect$$rtexit$$00000004))
<BR><BR>[Calls]<UL><LI><a href="#[eb]">&gt;&gt;</a>&nbsp;&nbsp;&nbsp;_sys_exit
</UL>

<P><STRONG><a name="[ed]"></a>EMC_GPIO_Init</STRONG> (Thumb, 208 bytes, Stack size 0 bytes, ex_sdram.o(.text))
<BR><BR>[Called By]<UL><LI><a href="#[ec]">&gt;&gt;</a>&nbsp;&nbsp;&nbsp;SDRAM_Init
</UL>

<P><STRONG><a name="[ec]"></a>SDRAM_Init</STRONG> (Thumb, 318 bytes, Stack size 24 bytes, ex_sdram.o(.text))
<BR><BR>[Stack]<UL><LI>Max Depth = 24<LI>Call Chain = SDRAM_Init
</UL>
<BR>[Calls]<UL><LI><a href="#[ee]">&gt;&gt;</a>&nbsp;&nbsp;&nbsp;delayMs
<LI><a href="#[ed]">&gt;&gt;</a>&nbsp;&nbsp;&nbsp;EMC_GPIO_Init
</UL>
<BR>[Called By]<UL><LI><a href="#[f1]">&gt;&gt;</a>&nbsp;&nbsp;&nbsp;Power_Process
</UL>

<P><STRONG><a name="[e6]"></a>main</STRONG> (Thumb, 262 bytes, Stack size 0 bytes, main.o(.text))
<BR><BR>[Stack]<UL><LI>Max Depth = 524 + Unknown Stack Size
<LI>Call Chain = main &rArr; Setup_config_Process &rArr; atof &rArr; __strtod_int &rArr; _local_sscanf &rArr; _scanf_real &rArr; _scanf_really_real &rArr; _fp_value &rArr; _btod_etento &rArr; _btod_emul &rArr; _e2e
</UL>
<BR>[Calls]<UL><LI><a href="#[f6]">&gt;&gt;</a>&nbsp;&nbsp;&nbsp;Use_SysSetProcess
<LI><a href="#[f2]">&gt;&gt;</a>&nbsp;&nbsp;&nbsp;Test_Process
<LI><a href="#[f7]">&gt;&gt;</a>&nbsp;&nbsp;&nbsp;TestPause_Process
<LI><a href="#[f8]">&gt;&gt;</a>&nbsp;&nbsp;&nbsp;Sys_Process
<LI><a href="#[fd]">&gt;&gt;</a>&nbsp;&nbsp;&nbsp;Start_Process
<LI><a href="#[fc]">&gt;&gt;</a>&nbsp;&nbsp;&nbsp;Setup_config_Process
<LI><a href="#[f4]">&gt;&gt;</a>&nbsp;&nbsp;&nbsp;Setup_Process
<LI><a href="#[f1]">&gt;&gt;</a>&nbsp;&nbsp;&nbsp;Power_Process
<LI><a href="#[f9]">&gt;&gt;</a>&nbsp;&nbsp;&nbsp;Idem_Process
<LI><a href="#[fb]">&gt;&gt;</a>&nbsp;&nbsp;&nbsp;Finsh_Process
<LI><a href="#[f3]">&gt;&gt;</a>&nbsp;&nbsp;&nbsp;File_Process
<LI><a href="#[f0]">&gt;&gt;</a>&nbsp;&nbsp;&nbsp;EEPROM_Init
<LI><a href="#[f5]">&gt;&gt;</a>&nbsp;&nbsp;&nbsp;Debug_Process
<LI><a href="#[ef]">&gt;&gt;</a>&nbsp;&nbsp;&nbsp;CLKPWR_GetCLK
<LI><a href="#[fa]">&gt;&gt;</a>&nbsp;&nbsp;&nbsp;Abroat_Process
</UL>
<BR>[Called By]<UL><LI><a href="#[e5]">&gt;&gt;</a>&nbsp;&nbsp;&nbsp;__rt_entry_main
</UL>

<P><STRONG><a name="[fe]"></a>Main_Write</STRONG> (Thumb, 100 bytes, Stack size 24 bytes, main.o(.text), UNUSED)
<BR><BR>[Calls]<UL><LI><a href="#[101]">&gt;&gt;</a>&nbsp;&nbsp;&nbsp;FILE_Write
<LI><a href="#[100]">&gt;&gt;</a>&nbsp;&nbsp;&nbsp;FILE_Read
<LI><a href="#[ff]">&gt;&gt;</a>&nbsp;&nbsp;&nbsp;FILE_Open
<LI><a href="#[102]">&gt;&gt;</a>&nbsp;&nbsp;&nbsp;FILE_Close
</UL>

<P><STRONG><a name="[39]"></a>GPIO_IRQHandler</STRONG> (Thumb, 82 bytes, Stack size 8 bytes, main.o(.text))
<BR><BR>[Stack]<UL><LI>Max Depth = 8<LI>Call Chain = GPIO_IRQHandler
</UL>
<BR>[Calls]<UL><LI><a href="#[103]">&gt;&gt;</a>&nbsp;&nbsp;&nbsp;GPIO_GetIntStatus
<LI><a href="#[104]">&gt;&gt;</a>&nbsp;&nbsp;&nbsp;GPIO_ClearInt
</UL>
<BR>[Address Reference Count : 1]<UL><LI> startup_lpc177x_8x.o(RESET)
</UL>
<P><STRONG><a name="[105]"></a>MODS_Poll</STRONG> (Thumb, 186 bytes, Stack size 8 bytes, timer.o(.text))
<BR><BR>[Stack]<UL><LI>Max Depth = 300<LI>Call Chain = MODS_Poll &rArr; RecHandle &rArr; MODS_03H &rArr; MODS_SendWithCRC &rArr; UARTPutChar &rArr; UART_Send
</UL>
<BR>[Calls]<UL><LI><a href="#[106]">&gt;&gt;</a>&nbsp;&nbsp;&nbsp;RecHandle
</UL>
<BR>[Called By]<UL><LI><a href="#[14]">&gt;&gt;</a>&nbsp;&nbsp;&nbsp;TIMER0_IRQHandler
</UL>

<P><STRONG><a name="[ee]"></a>delayMs</STRONG> (Thumb, 252 bytes, Stack size 0 bytes, timer.o(.text))
<BR><BR>[Called By]<UL><LI><a href="#[1a9]">&gt;&gt;</a>&nbsp;&nbsp;&nbsp;Out_4094
<LI><a href="#[1a8]">&gt;&gt;</a>&nbsp;&nbsp;&nbsp;Range_Control
<LI><a href="#[ec]">&gt;&gt;</a>&nbsp;&nbsp;&nbsp;SDRAM_Init
<LI><a href="#[24c]">&gt;&gt;</a>&nbsp;&nbsp;&nbsp;Write_Cpld
<LI><a href="#[1ec]">&gt;&gt;</a>&nbsp;&nbsp;&nbsp;V_DA_out
</UL>

<P><STRONG><a name="[14]"></a>TIMER0_IRQHandler</STRONG> (Thumb, 148 bytes, Stack size 8 bytes, timer.o(.text))
<BR><BR>[Stack]<UL><LI>Max Depth = 308<LI>Call Chain = TIMER0_IRQHandler &rArr; MODS_Poll &rArr; RecHandle &rArr; MODS_03H &rArr; MODS_SendWithCRC &rArr; UARTPutChar &rArr; UART_Send
</UL>
<BR>[Calls]<UL><LI><a href="#[105]">&gt;&gt;</a>&nbsp;&nbsp;&nbsp;MODS_Poll
</UL>
<BR>[Address Reference Count : 1]<UL><LI> startup_lpc177x_8x.o(RESET)
</UL>
<P><STRONG><a name="[15]"></a>TIMER1_IRQHandler</STRONG> (Thumb, 60 bytes, Stack size 8 bytes, timer.o(.text))
<BR><BR>[Stack]<UL><LI>Max Depth = 32<LI>Call Chain = TIMER1_IRQHandler &rArr; HV_Ledon &rArr; GPIO_SetValue
</UL>
<BR>[Calls]<UL><LI><a href="#[107]">&gt;&gt;</a>&nbsp;&nbsp;&nbsp;HV_Ledon
<LI><a href="#[108]">&gt;&gt;</a>&nbsp;&nbsp;&nbsp;HV_Ledoff
</UL>
<BR>[Address Reference Count : 1]<UL><LI> startup_lpc177x_8x.o(RESET)
</UL>
<P><STRONG><a name="[16]"></a>TIMER2_IRQHandler</STRONG> (Thumb, 18 bytes, Stack size 0 bytes, timer.o(.text))
<BR>[Address Reference Count : 1]<UL><LI> startup_lpc177x_8x.o(RESET)
</UL>
<P><STRONG><a name="[17]"></a>TIMER3_IRQHandler</STRONG> (Thumb, 18 bytes, Stack size 0 bytes, timer.o(.text))
<BR>[Address Reference Count : 1]<UL><LI> startup_lpc177x_8x.o(RESET)
</UL>
<P><STRONG><a name="[1ee]"></a>enable_timer</STRONG> (Thumb, 48 bytes, Stack size 0 bytes, timer.o(.text))
<BR><BR>[Called By]<UL><LI><a href="#[f1]">&gt;&gt;</a>&nbsp;&nbsp;&nbsp;Power_Process
</UL>

<P><STRONG><a name="[51c]"></a>disable_timer</STRONG> (Thumb, 48 bytes, Stack size 0 bytes, timer.o(.text), UNUSED)

<P><STRONG><a name="[51d]"></a>reset_timer</STRONG> (Thumb, 66 bytes, Stack size 0 bytes, timer.o(.text), UNUSED)

<P><STRONG><a name="[109]"></a>init_timer</STRONG> (Thumb, 314 bytes, Stack size 16 bytes, timer.o(.text))
<BR><BR>[Stack]<UL><LI>Max Depth = 16<LI>Call Chain = init_timer
</UL>
<BR>[Calls]<UL><LI><a href="#[10a]">&gt;&gt;</a>&nbsp;&nbsp;&nbsp;NVIC_EnableIRQ
</UL>
<BR>[Called By]<UL><LI><a href="#[f1]">&gt;&gt;</a>&nbsp;&nbsp;&nbsp;Power_Process
</UL>

<P><STRONG><a name="[2f5]"></a>GLCD_Ctrl</STRONG> (Thumb, 96 bytes, Stack size 8 bytes, lpc177x_8x_lcd.o(.text))
<BR><BR>[Stack]<UL><LI>Max Depth = 8<LI>Call Chain = GLCD_Ctrl
</UL>
<BR>[Called By]<UL><LI><a href="#[2f1]">&gt;&gt;</a>&nbsp;&nbsp;&nbsp;_InitController
</UL>

<P><STRONG><a name="[10c]"></a>GLCD_SetPallet</STRONG> (Thumb, 18 bytes, Stack size 0 bytes, lpc177x_8x_lcd.o(.text))
<BR><BR>[Called By]<UL><LI><a href="#[10b]">&gt;&gt;</a>&nbsp;&nbsp;&nbsp;GLCD_Init
</UL>

<P><STRONG><a name="[10b]"></a>GLCD_Init</STRONG> (Thumb, 472 bytes, Stack size 12 bytes, lpc177x_8x_lcd.o(.text))
<BR><BR>[Stack]<UL><LI>Max Depth = 12<LI>Call Chain = GLCD_Init
</UL>
<BR>[Calls]<UL><LI><a href="#[10c]">&gt;&gt;</a>&nbsp;&nbsp;&nbsp;GLCD_SetPallet
</UL>
<BR>[Called By]<UL><LI><a href="#[2f1]">&gt;&gt;</a>&nbsp;&nbsp;&nbsp;_InitController
</UL>

<P><STRONG><a name="[1a5]"></a>lcd_Clear</STRONG> (Thumb, 20 bytes, Stack size 0 bytes, lpc177x_8x_lcd.o(.text), UNUSED)
<BR><BR>[Called By]<UL><LI><a href="#[1a4]">&gt;&gt;</a>&nbsp;&nbsp;&nbsp;Input_Num
</UL>

<P><STRONG><a name="[10e]"></a>LCD_SetPoint</STRONG> (Thumb, 36 bytes, Stack size 12 bytes, lpc177x_8x_lcd.o(.text), UNUSED)
<BR><BR>[Called By]<UL><LI><a href="#[119]">&gt;&gt;</a>&nbsp;&nbsp;&nbsp;LCD_ShowFontCN
<LI><a href="#[118]">&gt;&gt;</a>&nbsp;&nbsp;&nbsp;LCD_ShowFontCN_16
<LI><a href="#[117]">&gt;&gt;</a>&nbsp;&nbsp;&nbsp;LCD_ShowFontCN_40_55
<LI><a href="#[116]">&gt;&gt;</a>&nbsp;&nbsp;&nbsp;lcd_display_coord
<LI><a href="#[113]">&gt;&gt;</a>&nbsp;&nbsp;&nbsp;PutChar_12
<LI><a href="#[111]">&gt;&gt;</a>&nbsp;&nbsp;&nbsp;PutChar
<LI><a href="#[110]">&gt;&gt;</a>&nbsp;&nbsp;&nbsp;LCD429_PutPixel
<LI><a href="#[10d]">&gt;&gt;</a>&nbsp;&nbsp;&nbsp;LCD_DrawLine
</UL>

<P><STRONG><a name="[10d]"></a>LCD_DrawLine</STRONG> (Thumb, 250 bytes, Stack size 36 bytes, lpc177x_8x_lcd.o(.text), UNUSED)
<BR><BR>[Calls]<UL><LI><a href="#[10e]">&gt;&gt;</a>&nbsp;&nbsp;&nbsp;LCD_SetPoint
</UL>
<BR>[Called By]<UL><LI><a href="#[16d]">&gt;&gt;</a>&nbsp;&nbsp;&nbsp;Disp_SysLine
<LI><a href="#[10f]">&gt;&gt;</a>&nbsp;&nbsp;&nbsp;LCD_DrawRect_Rect
</UL>

<P><STRONG><a name="[10f]"></a>LCD_DrawRect_Rect</STRONG> (Thumb, 82 bytes, Stack size 28 bytes, lpc177x_8x_lcd.o(.text), UNUSED)
<BR><BR>[Calls]<UL><LI><a href="#[10d]">&gt;&gt;</a>&nbsp;&nbsp;&nbsp;LCD_DrawLine
</UL>
<BR>[Called By]<UL><LI><a href="#[1a4]">&gt;&gt;</a>&nbsp;&nbsp;&nbsp;Input_Num
</UL>

<P><STRONG><a name="[130]"></a>LCD_DrawRect</STRONG> (Thumb, 126 bytes, Stack size 24 bytes, lpc177x_8x_lcd.o(.text), UNUSED)
<BR><BR>[Called By]<UL><LI><a href="#[1bf]">&gt;&gt;</a>&nbsp;&nbsp;&nbsp;Disp_NumKeyboard_Set
<LI><a href="#[1a6]">&gt;&gt;</a>&nbsp;&nbsp;&nbsp;Disp_open
<LI><a href="#[1a4]">&gt;&gt;</a>&nbsp;&nbsp;&nbsp;Input_Num
<LI><a href="#[1a3]">&gt;&gt;</a>&nbsp;&nbsp;&nbsp;disp_Numtouch
<LI><a href="#[195]">&gt;&gt;</a>&nbsp;&nbsp;&nbsp;ListBox_Setup
<LI><a href="#[16a]">&gt;&gt;</a>&nbsp;&nbsp;&nbsp;Disp_ListScan_MidRect
<LI><a href="#[168]">&gt;&gt;</a>&nbsp;&nbsp;&nbsp;Disp_LimitList_MidRect
<LI><a href="#[162]">&gt;&gt;</a>&nbsp;&nbsp;&nbsp;Disp_Set_Time
<LI><a href="#[161]">&gt;&gt;</a>&nbsp;&nbsp;&nbsp;Disp_Debug_value
<LI><a href="#[159]">&gt;&gt;</a>&nbsp;&nbsp;&nbsp;Disp_Test_value
<LI><a href="#[141]">&gt;&gt;</a>&nbsp;&nbsp;&nbsp;Disp_List_Count_MidRect
<LI><a href="#[13f]">&gt;&gt;</a>&nbsp;&nbsp;&nbsp;Disp_Rang_Count_MidRect
<LI><a href="#[13d]">&gt;&gt;</a>&nbsp;&nbsp;&nbsp;Disp_Range_MidRect
<LI><a href="#[12f]">&gt;&gt;</a>&nbsp;&nbsp;&nbsp;Disp_TopBar_Color
<LI><a href="#[20c]">&gt;&gt;</a>&nbsp;&nbsp;&nbsp;Input_compvalue
</UL>

<P><STRONG><a name="[51e]"></a>LCD_DrawCircle</STRONG> (Thumb, 156 bytes, Stack size 32 bytes, lpc177x_8x_lcd.o(.text), UNUSED)

<P><STRONG><a name="[110]"></a>LCD429_PutPixel</STRONG> (Thumb, 20 bytes, Stack size 16 bytes, lpc177x_8x_lcd.o(.text), UNUSED)
<BR><BR>[Calls]<UL><LI><a href="#[10e]">&gt;&gt;</a>&nbsp;&nbsp;&nbsp;LCD_SetPoint
</UL>
<BR>[Called By]<UL><LI><a href="#[1a3]">&gt;&gt;</a>&nbsp;&nbsp;&nbsp;disp_Numtouch
</UL>

<P><STRONG><a name="[111]"></a>PutChar</STRONG> (Thumb, 96 bytes, Stack size 56 bytes, lpc177x_8x_lcd.o(.text), UNUSED)
<BR><BR>[Calls]<UL><LI><a href="#[112]">&gt;&gt;</a>&nbsp;&nbsp;&nbsp;GetASCIICode
<LI><a href="#[10e]">&gt;&gt;</a>&nbsp;&nbsp;&nbsp;LCD_SetPoint
</UL>
<BR>[Called By]<UL><LI><a href="#[159]">&gt;&gt;</a>&nbsp;&nbsp;&nbsp;Disp_Test_value
<LI><a href="#[11f]">&gt;&gt;</a>&nbsp;&nbsp;&nbsp;WriteString_16
<LI><a href="#[11c]">&gt;&gt;</a>&nbsp;&nbsp;&nbsp;WriteString
<LI><a href="#[115]">&gt;&gt;</a>&nbsp;&nbsp;&nbsp;GUI_Text
<LI><a href="#[20c]">&gt;&gt;</a>&nbsp;&nbsp;&nbsp;Input_compvalue
</UL>

<P><STRONG><a name="[113]"></a>PutChar_12</STRONG> (Thumb, 80 bytes, Stack size 48 bytes, lpc177x_8x_lcd.o(.text), UNUSED)
<BR><BR>[Calls]<UL><LI><a href="#[114]">&gt;&gt;</a>&nbsp;&nbsp;&nbsp;GetASCIICode_12
<LI><a href="#[10e]">&gt;&gt;</a>&nbsp;&nbsp;&nbsp;LCD_SetPoint
</UL>
<BR>[Called By]<UL><LI><a href="#[121]">&gt;&gt;</a>&nbsp;&nbsp;&nbsp;WriteString_12
</UL>

<P><STRONG><a name="[115]"></a>GUI_Text</STRONG> (Thumb, 80 bytes, Stack size 32 bytes, lpc177x_8x_lcd.o(.text), UNUSED)
<BR><BR>[Calls]<UL><LI><a href="#[111]">&gt;&gt;</a>&nbsp;&nbsp;&nbsp;PutChar
</UL>

<P><STRONG><a name="[116]"></a>lcd_display_coord</STRONG> (Thumb, 294 bytes, Stack size 52 bytes, lpc177x_8x_lcd.o(.text), UNUSED)
<BR><BR>[Calls]<UL><LI><a href="#[10e]">&gt;&gt;</a>&nbsp;&nbsp;&nbsp;LCD_SetPoint
</UL>

<P><STRONG><a name="[11d]"></a>findHzIndex</STRONG> (Thumb, 54 bytes, Stack size 8 bytes, lpc177x_8x_lcd.o(.text), UNUSED)
<BR><BR>[Called By]<UL><LI><a href="#[11c]">&gt;&gt;</a>&nbsp;&nbsp;&nbsp;WriteString
</UL>

<P><STRONG><a name="[120]"></a>findHzIndex_16</STRONG> (Thumb, 58 bytes, Stack size 8 bytes, lpc177x_8x_lcd.o(.text), UNUSED)
<BR><BR>[Called By]<UL><LI><a href="#[121]">&gt;&gt;</a>&nbsp;&nbsp;&nbsp;WriteString_12
<LI><a href="#[11f]">&gt;&gt;</a>&nbsp;&nbsp;&nbsp;WriteString_16
</UL>

<P><STRONG><a name="[117]"></a>LCD_ShowFontCN_40_55</STRONG> (Thumb, 138 bytes, Stack size 36 bytes, lpc177x_8x_lcd.o(.text), UNUSED)
<BR><BR>[Calls]<UL><LI><a href="#[10e]">&gt;&gt;</a>&nbsp;&nbsp;&nbsp;LCD_SetPoint
</UL>
<BR>[Called By]<UL><LI><a href="#[194]">&gt;&gt;</a>&nbsp;&nbsp;&nbsp;Disp_Usbflag
<LI><a href="#[185]">&gt;&gt;</a>&nbsp;&nbsp;&nbsp;Disp_RangeDispvalue
<LI><a href="#[180]">&gt;&gt;</a>&nbsp;&nbsp;&nbsp;Disp_Big_SecondUnit
<LI><a href="#[17f]">&gt;&gt;</a>&nbsp;&nbsp;&nbsp;Disp_Big_MainUnit
<LI><a href="#[17c]">&gt;&gt;</a>&nbsp;&nbsp;&nbsp;Disp_R_X
<LI><a href="#[17a]">&gt;&gt;</a>&nbsp;&nbsp;&nbsp;Disp_Cp_Rp
<LI><a href="#[11e]">&gt;&gt;</a>&nbsp;&nbsp;&nbsp;WriteString_Big
</UL>

<P><STRONG><a name="[118]"></a>LCD_ShowFontCN_16</STRONG> (Thumb, 252 bytes, Stack size 36 bytes, lpc177x_8x_lcd.o(.text), UNUSED)
<BR><BR>[Calls]<UL><LI><a href="#[10e]">&gt;&gt;</a>&nbsp;&nbsp;&nbsp;LCD_SetPoint
</UL>
<BR>[Called By]<UL><LI><a href="#[11b]">&gt;&gt;</a>&nbsp;&nbsp;&nbsp;WriteOneHzChar_16
</UL>

<P><STRONG><a name="[119]"></a>LCD_ShowFontCN</STRONG> (Thumb, 232 bytes, Stack size 36 bytes, lpc177x_8x_lcd.o(.text), UNUSED)
<BR><BR>[Calls]<UL><LI><a href="#[10e]">&gt;&gt;</a>&nbsp;&nbsp;&nbsp;LCD_SetPoint
</UL>
<BR>[Called By]<UL><LI><a href="#[11a]">&gt;&gt;</a>&nbsp;&nbsp;&nbsp;WriteOneHzChar
</UL>

<P><STRONG><a name="[11a]"></a>WriteOneHzChar</STRONG> (Thumb, 26 bytes, Stack size 20 bytes, lpc177x_8x_lcd.o(.text), UNUSED)
<BR><BR>[Calls]<UL><LI><a href="#[119]">&gt;&gt;</a>&nbsp;&nbsp;&nbsp;LCD_ShowFontCN
</UL>
<BR>[Called By]<UL><LI><a href="#[11c]">&gt;&gt;</a>&nbsp;&nbsp;&nbsp;WriteString
</UL>

<P><STRONG><a name="[11b]"></a>WriteOneHzChar_16</STRONG> (Thumb, 26 bytes, Stack size 20 bytes, lpc177x_8x_lcd.o(.text), UNUSED)
<BR><BR>[Calls]<UL><LI><a href="#[118]">&gt;&gt;</a>&nbsp;&nbsp;&nbsp;LCD_ShowFontCN_16
</UL>
<BR>[Called By]<UL><LI><a href="#[121]">&gt;&gt;</a>&nbsp;&nbsp;&nbsp;WriteString_12
<LI><a href="#[11f]">&gt;&gt;</a>&nbsp;&nbsp;&nbsp;WriteString_16
</UL>

<P><STRONG><a name="[11c]"></a>WriteString</STRONG> (Thumb, 198 bytes, Stack size 32 bytes, lpc177x_8x_lcd.o(.text), UNUSED)
<BR><BR>[Calls]<UL><LI><a href="#[11a]">&gt;&gt;</a>&nbsp;&nbsp;&nbsp;WriteOneHzChar
<LI><a href="#[11d]">&gt;&gt;</a>&nbsp;&nbsp;&nbsp;findHzIndex
<LI><a href="#[111]">&gt;&gt;</a>&nbsp;&nbsp;&nbsp;PutChar
</UL>

<P><STRONG><a name="[11e]"></a>WriteString_Big</STRONG> (Thumb, 150 bytes, Stack size 32 bytes, lpc177x_8x_lcd.o(.text), UNUSED)
<BR><BR>[Calls]<UL><LI><a href="#[117]">&gt;&gt;</a>&nbsp;&nbsp;&nbsp;LCD_ShowFontCN_40_55
</UL>
<BR>[Called By]<UL><LI><a href="#[17b]">&gt;&gt;</a>&nbsp;&nbsp;&nbsp;Disp__
</UL>

<P><STRONG><a name="[11f]"></a>WriteString_16</STRONG> (Thumb, 218 bytes, Stack size 32 bytes, lpc177x_8x_lcd.o(.text), UNUSED)
<BR><BR>[Calls]<UL><LI><a href="#[11b]">&gt;&gt;</a>&nbsp;&nbsp;&nbsp;WriteOneHzChar_16
<LI><a href="#[120]">&gt;&gt;</a>&nbsp;&nbsp;&nbsp;findHzIndex_16
<LI><a href="#[111]">&gt;&gt;</a>&nbsp;&nbsp;&nbsp;PutChar
</UL>
<BR>[Called By]<UL><LI><a href="#[1bf]">&gt;&gt;</a>&nbsp;&nbsp;&nbsp;Disp_NumKeyboard_Set
<LI><a href="#[1a4]">&gt;&gt;</a>&nbsp;&nbsp;&nbsp;Input_Num
<LI><a href="#[1a3]">&gt;&gt;</a>&nbsp;&nbsp;&nbsp;disp_Numtouch
<LI><a href="#[19a]">&gt;&gt;</a>&nbsp;&nbsp;&nbsp;Disp_Teststatue
<LI><a href="#[195]">&gt;&gt;</a>&nbsp;&nbsp;&nbsp;ListBox_Setup
<LI><a href="#[193]">&gt;&gt;</a>&nbsp;&nbsp;&nbsp;Disp_Range
<LI><a href="#[18c]">&gt;&gt;</a>&nbsp;&nbsp;&nbsp;Disp_Test_Unit_mA
<LI><a href="#[18b]">&gt;&gt;</a>&nbsp;&nbsp;&nbsp;Disp_Test_Unit_v
<LI><a href="#[189]">&gt;&gt;</a>&nbsp;&nbsp;&nbsp;Disp_Set_Unit_16
<LI><a href="#[187]">&gt;&gt;</a>&nbsp;&nbsp;&nbsp;Disp_Range_DispSecondUnit
<LI><a href="#[186]">&gt;&gt;</a>&nbsp;&nbsp;&nbsp;Disp_Range_DispMainUnit
<LI><a href="#[185]">&gt;&gt;</a>&nbsp;&nbsp;&nbsp;Disp_RangeDispvalue
<LI><a href="#[170]">&gt;&gt;</a>&nbsp;&nbsp;&nbsp;Disp_Sys_Item
<LI><a href="#[16c]">&gt;&gt;</a>&nbsp;&nbsp;&nbsp;Disp_ListScan_Item
<LI><a href="#[167]">&gt;&gt;</a>&nbsp;&nbsp;&nbsp;Disp_UserCheck_Item
<LI><a href="#[162]">&gt;&gt;</a>&nbsp;&nbsp;&nbsp;Disp_Set_Time
<LI><a href="#[161]">&gt;&gt;</a>&nbsp;&nbsp;&nbsp;Disp_Debug_value
<LI><a href="#[160]">&gt;&gt;</a>&nbsp;&nbsp;&nbsp;Disp_Debug_Reference
<LI><a href="#[159]">&gt;&gt;</a>&nbsp;&nbsp;&nbsp;Disp_Test_value
<LI><a href="#[143]">&gt;&gt;</a>&nbsp;&nbsp;&nbsp;Disp_List_Count_Item
<LI><a href="#[13c]">&gt;&gt;</a>&nbsp;&nbsp;&nbsp;Disp_Test_Item
<LI><a href="#[12f]">&gt;&gt;</a>&nbsp;&nbsp;&nbsp;Disp_TopBar_Color
<LI><a href="#[12e]">&gt;&gt;</a>&nbsp;&nbsp;&nbsp;Disp_Button_SysSet
<LI><a href="#[12d]">&gt;&gt;</a>&nbsp;&nbsp;&nbsp;Disp_Button_TestSet
<LI><a href="#[12c]">&gt;&gt;</a>&nbsp;&nbsp;&nbsp;Disp_Button_ItemScanSet
<LI><a href="#[12b]">&gt;&gt;</a>&nbsp;&nbsp;&nbsp;Disp_Button_ItemScan_no
<LI><a href="#[12a]">&gt;&gt;</a>&nbsp;&nbsp;&nbsp;Disp_Button_value1
<LI><a href="#[129]">&gt;&gt;</a>&nbsp;&nbsp;&nbsp;Disp_button_Num_Avg
<LI><a href="#[128]">&gt;&gt;</a>&nbsp;&nbsp;&nbsp;Disp_button_Num_Freq
<LI><a href="#[127]">&gt;&gt;</a>&nbsp;&nbsp;&nbsp;Disp_button_Num_Input
<LI><a href="#[126]">&gt;&gt;</a>&nbsp;&nbsp;&nbsp;Disp_button_Num_time
</UL>

<P><STRONG><a name="[121]"></a>WriteString_12</STRONG> (Thumb, 202 bytes, Stack size 32 bytes, lpc177x_8x_lcd.o(.text), UNUSED)
<BR><BR>[Calls]<UL><LI><a href="#[11b]">&gt;&gt;</a>&nbsp;&nbsp;&nbsp;WriteOneHzChar_16
<LI><a href="#[120]">&gt;&gt;</a>&nbsp;&nbsp;&nbsp;findHzIndex_16
<LI><a href="#[113]">&gt;&gt;</a>&nbsp;&nbsp;&nbsp;PutChar_12
</UL>
<BR>[Called By]<UL><LI><a href="#[18a]">&gt;&gt;</a>&nbsp;&nbsp;&nbsp;Disp_Set_Unit_12
<LI><a href="#[188]">&gt;&gt;</a>&nbsp;&nbsp;&nbsp;Disp_RangeCount
</UL>

<P><STRONG><a name="[150]"></a>Hex_Format</STRONG> (Thumb, 198 bytes, Stack size 20 bytes, lpc177x_8x_lcd.o(.text))
<BR><BR>[Stack]<UL><LI>Max Depth = 20<LI>Call Chain = Hex_Format
</UL>
<BR>[Called By]<UL><LI><a href="#[1c3]">&gt;&gt;</a>&nbsp;&nbsp;&nbsp;Disp_DelayTime
<LI><a href="#[188]">&gt;&gt;</a>&nbsp;&nbsp;&nbsp;Disp_RangeCount
<LI><a href="#[17d]">&gt;&gt;</a>&nbsp;&nbsp;&nbsp;Disp_Testvalue
<LI><a href="#[161]">&gt;&gt;</a>&nbsp;&nbsp;&nbsp;Disp_Debug_value
<LI><a href="#[160]">&gt;&gt;</a>&nbsp;&nbsp;&nbsp;Disp_Debug_Reference
<LI><a href="#[15d]">&gt;&gt;</a>&nbsp;&nbsp;&nbsp;DispSetConfig_value
<LI><a href="#[15b]">&gt;&gt;</a>&nbsp;&nbsp;&nbsp;DispSet_value
<LI><a href="#[159]">&gt;&gt;</a>&nbsp;&nbsp;&nbsp;Disp_Test_value
<LI><a href="#[156]">&gt;&gt;</a>&nbsp;&nbsp;&nbsp;Disp_Idel_Item
<LI><a href="#[153]">&gt;&gt;</a>&nbsp;&nbsp;&nbsp;Disp_Idel_list
<LI><a href="#[14f]">&gt;&gt;</a>&nbsp;&nbsp;&nbsp;Disp_Test_List
<LI><a href="#[219]">&gt;&gt;</a>&nbsp;&nbsp;&nbsp;BCD_Int
<LI><a href="#[218]">&gt;&gt;</a>&nbsp;&nbsp;&nbsp;V_BCD_Int
<LI><a href="#[253]">&gt;&gt;</a>&nbsp;&nbsp;&nbsp;CalTest_Process
</UL>

<P><STRONG><a name="[51f]"></a>lcd_image</STRONG> (Thumb, 40 bytes, Stack size 12 bytes, lpc177x_8x_lcd.o(.text), UNUSED)

<P><STRONG><a name="[520]"></a>lcd_image2</STRONG> (Thumb, 54 bytes, Stack size 16 bytes, lpc177x_8x_lcd.o(.text), UNUSED)

<P><STRONG><a name="[112]"></a>GetASCIICode</STRONG> (Thumb, 26 bytes, Stack size 16 bytes, asciilib.o(.text), UNUSED)
<BR><BR>[Calls]<UL><LI><a href="#[122]">&gt;&gt;</a>&nbsp;&nbsp;&nbsp;__aeabi_memcpy
</UL>
<BR>[Called By]<UL><LI><a href="#[111]">&gt;&gt;</a>&nbsp;&nbsp;&nbsp;PutChar
</UL>

<P><STRONG><a name="[114]"></a>GetASCIICode_12</STRONG> (Thumb, 28 bytes, Stack size 0 bytes, asciilib.o(.text), UNUSED)
<BR><BR>[Called By]<UL><LI><a href="#[113]">&gt;&gt;</a>&nbsp;&nbsp;&nbsp;PutChar_12
</UL>

<P><STRONG><a name="[123]"></a>Disp_Fastbutton</STRONG> (Thumb, 82 bytes, Stack size 24 bytes, use_disp.o(.text))
<BR><BR>[Stack]<UL><LI>Max Depth = 240<LI>Call Chain = Disp_Fastbutton &rArr; GUI_DrawGradientRoundedV &rArr; _DrawGradientRounded &rArr; GUI_GetColor &rArr; GUI_Lock &rArr; GUI_DEVICE_UnlinkTaskDevices
</UL>
<BR>[Calls]<UL><LI><a href="#[124]">&gt;&gt;</a>&nbsp;&nbsp;&nbsp;GUI_SetColor
<LI><a href="#[125]">&gt;&gt;</a>&nbsp;&nbsp;&nbsp;GUI_DrawGradientRoundedV
</UL>
<BR>[Called By]<UL><LI><a href="#[1c0]">&gt;&gt;</a>&nbsp;&nbsp;&nbsp;Disp_Pre_Uint
<LI><a href="#[16f]">&gt;&gt;</a>&nbsp;&nbsp;&nbsp;Disp_Sys
<LI><a href="#[164]">&gt;&gt;</a>&nbsp;&nbsp;&nbsp;dispSYSSetButtonvalue
<LI><a href="#[15e]">&gt;&gt;</a>&nbsp;&nbsp;&nbsp;dispSYSButtonvalue
<LI><a href="#[15c]">&gt;&gt;</a>&nbsp;&nbsp;&nbsp;DispSetup_ConfigButtonvalue
<LI><a href="#[15a]">&gt;&gt;</a>&nbsp;&nbsp;&nbsp;dispSetupButtonvalue
<LI><a href="#[158]">&gt;&gt;</a>&nbsp;&nbsp;&nbsp;Disp_Test_SetConfig_Item
<LI><a href="#[156]">&gt;&gt;</a>&nbsp;&nbsp;&nbsp;Disp_Idel_Item
<LI><a href="#[153]">&gt;&gt;</a>&nbsp;&nbsp;&nbsp;Disp_Idel_list
<LI><a href="#[147]">&gt;&gt;</a>&nbsp;&nbsp;&nbsp;Disp_Test_Set_Item
<LI><a href="#[146]">&gt;&gt;</a>&nbsp;&nbsp;&nbsp;Disp_SYS_Set_Item
<LI><a href="#[13c]">&gt;&gt;</a>&nbsp;&nbsp;&nbsp;Disp_Test_Item
</UL>

<P><STRONG><a name="[126]"></a>Disp_button_Num_time</STRONG> (Thumb, 42 bytes, Stack size 8 bytes, use_disp.o(.text), UNUSED)
<BR><BR>[Calls]<UL><LI><a href="#[11f]">&gt;&gt;</a>&nbsp;&nbsp;&nbsp;WriteString_16
</UL>
<BR>[Called By]<UL><LI><a href="#[20e]">&gt;&gt;</a>&nbsp;&nbsp;&nbsp;Disp_Set_Num
</UL>

<P><STRONG><a name="[127]"></a>Disp_button_Num_Input</STRONG> (Thumb, 106 bytes, Stack size 16 bytes, use_disp.o(.text), UNUSED)
<BR><BR>[Calls]<UL><LI><a href="#[11f]">&gt;&gt;</a>&nbsp;&nbsp;&nbsp;WriteString_16
</UL>
<BR>[Called By]<UL><LI><a href="#[210]">&gt;&gt;</a>&nbsp;&nbsp;&nbsp;Disp_Set_InputNum
<LI><a href="#[20c]">&gt;&gt;</a>&nbsp;&nbsp;&nbsp;Input_compvalue
</UL>

<P><STRONG><a name="[128]"></a>Disp_button_Num_Freq</STRONG> (Thumb, 30 bytes, Stack size 8 bytes, use_disp.o(.text), UNUSED)
<BR><BR>[Calls]<UL><LI><a href="#[11f]">&gt;&gt;</a>&nbsp;&nbsp;&nbsp;WriteString_16
</UL>
<BR>[Called By]<UL><LI><a href="#[211]">&gt;&gt;</a>&nbsp;&nbsp;&nbsp;Freq_Set_Num
<LI><a href="#[20f]">&gt;&gt;</a>&nbsp;&nbsp;&nbsp;Disp_Set_CompNum
</UL>

<P><STRONG><a name="[129]"></a>Disp_button_Num_Avg</STRONG> (Thumb, 30 bytes, Stack size 8 bytes, use_disp.o(.text), UNUSED)
<BR><BR>[Calls]<UL><LI><a href="#[11f]">&gt;&gt;</a>&nbsp;&nbsp;&nbsp;WriteString_16
</UL>
<BR>[Called By]<UL><LI><a href="#[213]">&gt;&gt;</a>&nbsp;&nbsp;&nbsp;Avg_Set_Num
</UL>

<P><STRONG><a name="[12a]"></a>Disp_Button_value1</STRONG> (Thumb, 220 bytes, Stack size 8 bytes, use_disp.o(.text), UNUSED)
<BR><BR>[Calls]<UL><LI><a href="#[11f]">&gt;&gt;</a>&nbsp;&nbsp;&nbsp;WriteString_16
</UL>
<BR>[Called By]<UL><LI><a href="#[143]">&gt;&gt;</a>&nbsp;&nbsp;&nbsp;Disp_List_Count_Item
</UL>

<P><STRONG><a name="[12b]"></a>Disp_Button_ItemScan_no</STRONG> (Thumb, 70 bytes, Stack size 8 bytes, use_disp.o(.text), UNUSED)
<BR><BR>[Calls]<UL><LI><a href="#[11f]">&gt;&gt;</a>&nbsp;&nbsp;&nbsp;WriteString_16
</UL>

<P><STRONG><a name="[12c]"></a>Disp_Button_ItemScanSet</STRONG> (Thumb, 194 bytes, Stack size 8 bytes, use_disp.o(.text), UNUSED)
<BR><BR>[Calls]<UL><LI><a href="#[11f]">&gt;&gt;</a>&nbsp;&nbsp;&nbsp;WriteString_16
</UL>

<P><STRONG><a name="[12d]"></a>Disp_Button_TestSet</STRONG> (Thumb, 458 bytes, Stack size 8 bytes, use_disp.o(.text), UNUSED)
<BR><BR>[Calls]<UL><LI><a href="#[11f]">&gt;&gt;</a>&nbsp;&nbsp;&nbsp;WriteString_16
</UL>
<BR>[Called By]<UL><LI><a href="#[16c]">&gt;&gt;</a>&nbsp;&nbsp;&nbsp;Disp_ListScan_Item
</UL>

<P><STRONG><a name="[12e]"></a>Disp_Button_SysSet</STRONG> (Thumb, 134 bytes, Stack size 8 bytes, use_disp.o(.text), UNUSED)
<BR><BR>[Calls]<UL><LI><a href="#[11f]">&gt;&gt;</a>&nbsp;&nbsp;&nbsp;WriteString_16
</UL>

<P><STRONG><a name="[12f]"></a>Disp_TopBar_Color</STRONG> (Thumb, 46 bytes, Stack size 16 bytes, use_disp.o(.text), UNUSED)
<BR><BR>[Calls]<UL><LI><a href="#[11f]">&gt;&gt;</a>&nbsp;&nbsp;&nbsp;WriteString_16
<LI><a href="#[130]">&gt;&gt;</a>&nbsp;&nbsp;&nbsp;LCD_DrawRect
</UL>
<BR>[Called By]<UL><LI><a href="#[170]">&gt;&gt;</a>&nbsp;&nbsp;&nbsp;Disp_Sys_Item
<LI><a href="#[16e]">&gt;&gt;</a>&nbsp;&nbsp;&nbsp;Disp_Sys_Screen
<LI><a href="#[16b]">&gt;&gt;</a>&nbsp;&nbsp;&nbsp;Disp_ListScan_Screen
<LI><a href="#[169]">&gt;&gt;</a>&nbsp;&nbsp;&nbsp;Disp_LimitList_Screen
<LI><a href="#[166]">&gt;&gt;</a>&nbsp;&nbsp;&nbsp;Disp_Usercheck_Screen
<LI><a href="#[142]">&gt;&gt;</a>&nbsp;&nbsp;&nbsp;Disp_List_CountScreen
<LI><a href="#[140]">&gt;&gt;</a>&nbsp;&nbsp;&nbsp;Disp_Range_CountScreen
<LI><a href="#[13e]">&gt;&gt;</a>&nbsp;&nbsp;&nbsp;Disp_RangeScreen
</UL>

<P><STRONG><a name="[131]"></a>Disp_MidRect</STRONG> (Thumb, 30 bytes, Stack size 8 bytes, use_disp.o(.text), UNUSED)
<BR><BR>[Calls]<UL><LI><a href="#[124]">&gt;&gt;</a>&nbsp;&nbsp;&nbsp;GUI_SetColor
<LI><a href="#[132]">&gt;&gt;</a>&nbsp;&nbsp;&nbsp;GUI_FillRoundedRect
</UL>
<BR>[Called By]<UL><LI><a href="#[138]">&gt;&gt;</a>&nbsp;&nbsp;&nbsp;Disp_TestScreen
</UL>

<P><STRONG><a name="[133]"></a>Disp_mainitem</STRONG> (Thumb, 66 bytes, Stack size 8 bytes, use_disp.o(.text))
<BR><BR>[Stack]<UL><LI>Max Depth = 224<LI>Call Chain = Disp_mainitem &rArr; GUI_DispStringAt &rArr; GUI_DispString &rArr; GUI__DispLine &rArr; WM__InitIVRSearch &rArr; WM__GetNextIVR &rArr; WM__ActivateClipRect &rArr; _SetClipRectUserIntersect &rArr; LCD_SetClipRectEx &rArr; GUI__IntersectRects
</UL>
<BR>[Calls]<UL><LI><a href="#[136]">&gt;&gt;</a>&nbsp;&nbsp;&nbsp;GUI_SetTextMode
<LI><a href="#[134]">&gt;&gt;</a>&nbsp;&nbsp;&nbsp;GUI_SetFont
<LI><a href="#[124]">&gt;&gt;</a>&nbsp;&nbsp;&nbsp;GUI_SetColor
<LI><a href="#[135]">&gt;&gt;</a>&nbsp;&nbsp;&nbsp;GUI_FillRect
<LI><a href="#[137]">&gt;&gt;</a>&nbsp;&nbsp;&nbsp;GUI_DispStringAt
</UL>
<BR>[Called By]<UL><LI><a href="#[16f]">&gt;&gt;</a>&nbsp;&nbsp;&nbsp;Disp_Sys
<LI><a href="#[158]">&gt;&gt;</a>&nbsp;&nbsp;&nbsp;Disp_Test_SetConfig_Item
<LI><a href="#[156]">&gt;&gt;</a>&nbsp;&nbsp;&nbsp;Disp_Idel_Item
<LI><a href="#[153]">&gt;&gt;</a>&nbsp;&nbsp;&nbsp;Disp_Idel_list
<LI><a href="#[147]">&gt;&gt;</a>&nbsp;&nbsp;&nbsp;Disp_Test_Set_Item
<LI><a href="#[146]">&gt;&gt;</a>&nbsp;&nbsp;&nbsp;Disp_SYS_Set_Item
<LI><a href="#[138]">&gt;&gt;</a>&nbsp;&nbsp;&nbsp;Disp_TestScreen
</UL>

<P><STRONG><a name="[138]"></a>Disp_TestScreen</STRONG> (Thumb, 14 bytes, Stack size 8 bytes, use_disp.o(.text), UNUSED)
<BR><BR>[Calls]<UL><LI><a href="#[133]">&gt;&gt;</a>&nbsp;&nbsp;&nbsp;Disp_mainitem
<LI><a href="#[131]">&gt;&gt;</a>&nbsp;&nbsp;&nbsp;Disp_MidRect
</UL>
<BR>[Called By]<UL><LI><a href="#[13c]">&gt;&gt;</a>&nbsp;&nbsp;&nbsp;Disp_Test_Item
</UL>

<P><STRONG><a name="[139]"></a>Disp_Fastset_Disp</STRONG> (Thumb, 130 bytes, Stack size 24 bytes, use_disp.o(.text), UNUSED)
<BR><BR>[Calls]<UL><LI><a href="#[136]">&gt;&gt;</a>&nbsp;&nbsp;&nbsp;GUI_SetTextMode
<LI><a href="#[124]">&gt;&gt;</a>&nbsp;&nbsp;&nbsp;GUI_SetColor
<LI><a href="#[13a]">&gt;&gt;</a>&nbsp;&nbsp;&nbsp;GUI_SetBkColor
<LI><a href="#[13b]">&gt;&gt;</a>&nbsp;&nbsp;&nbsp;GUI_DispStringInRect
</UL>
<BR>[Called By]<UL><LI><a href="#[13c]">&gt;&gt;</a>&nbsp;&nbsp;&nbsp;Disp_Test_Item
</UL>

<P><STRONG><a name="[13c]"></a>Disp_Test_Item</STRONG> (Thumb, 92 bytes, Stack size 8 bytes, use_disp.o(.text), UNUSED)
<BR><BR>[Calls]<UL><LI><a href="#[139]">&gt;&gt;</a>&nbsp;&nbsp;&nbsp;Disp_Fastset_Disp
<LI><a href="#[138]">&gt;&gt;</a>&nbsp;&nbsp;&nbsp;Disp_TestScreen
<LI><a href="#[123]">&gt;&gt;</a>&nbsp;&nbsp;&nbsp;Disp_Fastbutton
<LI><a href="#[11f]">&gt;&gt;</a>&nbsp;&nbsp;&nbsp;WriteString_16
</UL>

<P><STRONG><a name="[13d]"></a>Disp_Range_MidRect</STRONG> (Thumb, 24 bytes, Stack size 8 bytes, use_disp.o(.text), UNUSED)
<BR><BR>[Calls]<UL><LI><a href="#[130]">&gt;&gt;</a>&nbsp;&nbsp;&nbsp;LCD_DrawRect
</UL>
<BR>[Called By]<UL><LI><a href="#[13e]">&gt;&gt;</a>&nbsp;&nbsp;&nbsp;Disp_RangeScreen
</UL>

<P><STRONG><a name="[13e]"></a>Disp_RangeScreen</STRONG> (Thumb, 14 bytes, Stack size 8 bytes, use_disp.o(.text), UNUSED)
<BR><BR>[Calls]<UL><LI><a href="#[13d]">&gt;&gt;</a>&nbsp;&nbsp;&nbsp;Disp_Range_MidRect
<LI><a href="#[12f]">&gt;&gt;</a>&nbsp;&nbsp;&nbsp;Disp_TopBar_Color
</UL>

<P><STRONG><a name="[13f]"></a>Disp_Rang_Count_MidRect</STRONG> (Thumb, 44 bytes, Stack size 8 bytes, use_disp.o(.text), UNUSED)
<BR><BR>[Calls]<UL><LI><a href="#[130]">&gt;&gt;</a>&nbsp;&nbsp;&nbsp;LCD_DrawRect
</UL>
<BR>[Called By]<UL><LI><a href="#[140]">&gt;&gt;</a>&nbsp;&nbsp;&nbsp;Disp_Range_CountScreen
</UL>

<P><STRONG><a name="[140]"></a>Disp_Range_CountScreen</STRONG> (Thumb, 14 bytes, Stack size 8 bytes, use_disp.o(.text), UNUSED)
<BR><BR>[Calls]<UL><LI><a href="#[13f]">&gt;&gt;</a>&nbsp;&nbsp;&nbsp;Disp_Rang_Count_MidRect
<LI><a href="#[12f]">&gt;&gt;</a>&nbsp;&nbsp;&nbsp;Disp_TopBar_Color
</UL>

<P><STRONG><a name="[141]"></a>Disp_List_Count_MidRect</STRONG> (Thumb, 24 bytes, Stack size 8 bytes, use_disp.o(.text), UNUSED)
<BR><BR>[Calls]<UL><LI><a href="#[130]">&gt;&gt;</a>&nbsp;&nbsp;&nbsp;LCD_DrawRect
</UL>
<BR>[Called By]<UL><LI><a href="#[142]">&gt;&gt;</a>&nbsp;&nbsp;&nbsp;Disp_List_CountScreen
</UL>

<P><STRONG><a name="[142]"></a>Disp_List_CountScreen</STRONG> (Thumb, 14 bytes, Stack size 8 bytes, use_disp.o(.text), UNUSED)
<BR><BR>[Calls]<UL><LI><a href="#[141]">&gt;&gt;</a>&nbsp;&nbsp;&nbsp;Disp_List_Count_MidRect
<LI><a href="#[12f]">&gt;&gt;</a>&nbsp;&nbsp;&nbsp;Disp_TopBar_Color
</UL>
<BR>[Called By]<UL><LI><a href="#[143]">&gt;&gt;</a>&nbsp;&nbsp;&nbsp;Disp_List_Count_Item
</UL>

<P><STRONG><a name="[143]"></a>Disp_List_Count_Item</STRONG> (Thumb, 128 bytes, Stack size 8 bytes, use_disp.o(.text), UNUSED)
<BR><BR>[Calls]<UL><LI><a href="#[142]">&gt;&gt;</a>&nbsp;&nbsp;&nbsp;Disp_List_CountScreen
<LI><a href="#[12a]">&gt;&gt;</a>&nbsp;&nbsp;&nbsp;Disp_Button_value1
<LI><a href="#[11f]">&gt;&gt;</a>&nbsp;&nbsp;&nbsp;WriteString_16
</UL>

<P><STRONG><a name="[145]"></a>Disp_TestSet_MidRect</STRONG> (Thumb, 2 bytes, Stack size 0 bytes, use_disp.o(.text), UNUSED)
<BR><BR>[Called By]<UL><LI><a href="#[144]">&gt;&gt;</a>&nbsp;&nbsp;&nbsp;Disp_TestSetScreen
</UL>

<P><STRONG><a name="[144]"></a>Disp_TestSetScreen</STRONG> (Thumb, 8 bytes, Stack size 4 bytes, use_disp.o(.text), UNUSED)
<BR><BR>[Calls]<UL><LI><a href="#[145]">&gt;&gt;</a>&nbsp;&nbsp;&nbsp;Disp_TestSet_MidRect
</UL>

<P><STRONG><a name="[146]"></a>Disp_SYS_Set_Item</STRONG> (Thumb, 108 bytes, Stack size 8 bytes, use_disp.o(.text))
<BR><BR>[Stack]<UL><LI>Max Depth = 248<LI>Call Chain = Disp_SYS_Set_Item &rArr; Disp_Fastbutton &rArr; GUI_DrawGradientRoundedV &rArr; _DrawGradientRounded &rArr; GUI_GetColor &rArr; GUI_Lock &rArr; GUI_DEVICE_UnlinkTaskDevices
</UL>
<BR>[Calls]<UL><LI><a href="#[124]">&gt;&gt;</a>&nbsp;&nbsp;&nbsp;GUI_SetColor
<LI><a href="#[13a]">&gt;&gt;</a>&nbsp;&nbsp;&nbsp;GUI_SetBkColor
<LI><a href="#[137]">&gt;&gt;</a>&nbsp;&nbsp;&nbsp;GUI_DispStringAt
<LI><a href="#[133]">&gt;&gt;</a>&nbsp;&nbsp;&nbsp;Disp_mainitem
<LI><a href="#[123]">&gt;&gt;</a>&nbsp;&nbsp;&nbsp;Disp_Fastbutton
</UL>
<BR>[Called By]<UL><LI><a href="#[f6]">&gt;&gt;</a>&nbsp;&nbsp;&nbsp;Use_SysSetProcess
</UL>

<P><STRONG><a name="[147]"></a>Disp_Test_Set_Item</STRONG> (Thumb, 318 bytes, Stack size 16 bytes, use_disp.o(.text))
<BR><BR>[Stack]<UL><LI>Max Depth = 256<LI>Call Chain = Disp_Test_Set_Item &rArr; Disp_Fastbutton &rArr; GUI_DrawGradientRoundedV &rArr; _DrawGradientRounded &rArr; GUI_GetColor &rArr; GUI_Lock &rArr; GUI_DEVICE_UnlinkTaskDevices
</UL>
<BR>[Calls]<UL><LI><a href="#[124]">&gt;&gt;</a>&nbsp;&nbsp;&nbsp;GUI_SetColor
<LI><a href="#[13a]">&gt;&gt;</a>&nbsp;&nbsp;&nbsp;GUI_SetBkColor
<LI><a href="#[137]">&gt;&gt;</a>&nbsp;&nbsp;&nbsp;GUI_DispStringAt
<LI><a href="#[133]">&gt;&gt;</a>&nbsp;&nbsp;&nbsp;Disp_mainitem
<LI><a href="#[123]">&gt;&gt;</a>&nbsp;&nbsp;&nbsp;Disp_Fastbutton
</UL>
<BR>[Called By]<UL><LI><a href="#[1a4]">&gt;&gt;</a>&nbsp;&nbsp;&nbsp;Input_Num
<LI><a href="#[f4]">&gt;&gt;</a>&nbsp;&nbsp;&nbsp;Setup_Process
</UL>

<P><STRONG><a name="[148]"></a>disp_TestMSG</STRONG> (Thumb, 28 bytes, Stack size 8 bytes, use_disp.o(.text))
<BR><BR>[Stack]<UL><LI>Max Depth = 224<LI>Call Chain = disp_TestMSG &rArr; GUI_DispStringAt &rArr; GUI_DispString &rArr; GUI__DispLine &rArr; WM__InitIVRSearch &rArr; WM__GetNextIVR &rArr; WM__ActivateClipRect &rArr; _SetClipRectUserIntersect &rArr; LCD_SetClipRectEx &rArr; GUI__IntersectRects
</UL>
<BR>[Calls]<UL><LI><a href="#[137]">&gt;&gt;</a>&nbsp;&nbsp;&nbsp;GUI_DispStringAt
</UL>
<BR>[Called By]<UL><LI><a href="#[17d]">&gt;&gt;</a>&nbsp;&nbsp;&nbsp;Disp_Testvalue
<LI><a href="#[14f]">&gt;&gt;</a>&nbsp;&nbsp;&nbsp;Disp_Test_List
<LI><a href="#[f7]">&gt;&gt;</a>&nbsp;&nbsp;&nbsp;TestPause_Process
<LI><a href="#[f9]">&gt;&gt;</a>&nbsp;&nbsp;&nbsp;Idem_Process
</UL>

<P><STRONG><a name="[149]"></a>FToStr</STRONG> (Thumb, 312 bytes, Stack size 32 bytes, use_disp.o(.text))
<BR><BR>[Stack]<UL><LI>Max Depth = 64<LI>Call Chain = FToStr &rArr; __aeabi_d2uiz
</UL>
<BR>[Calls]<UL><LI><a href="#[14b]">&gt;&gt;</a>&nbsp;&nbsp;&nbsp;__aeabi_cdrcmple
<LI><a href="#[14a]">&gt;&gt;</a>&nbsp;&nbsp;&nbsp;__aeabi_ui2d
<LI><a href="#[14d]">&gt;&gt;</a>&nbsp;&nbsp;&nbsp;__aeabi_d2uiz
<LI><a href="#[14c]">&gt;&gt;</a>&nbsp;&nbsp;&nbsp;__aeabi_ddiv
</UL>
<BR>[Called By]<UL><LI><a href="#[14f]">&gt;&gt;</a>&nbsp;&nbsp;&nbsp;Disp_Test_List
</UL>

<P><STRONG><a name="[14e]"></a>IntToStr</STRONG> (Thumb, 306 bytes, Stack size 32 bytes, use_disp.o(.text))
<BR><BR>[Stack]<UL><LI>Max Depth = 64<LI>Call Chain = IntToStr &rArr; __aeabi_d2uiz
</UL>
<BR>[Calls]<UL><LI><a href="#[14b]">&gt;&gt;</a>&nbsp;&nbsp;&nbsp;__aeabi_cdrcmple
<LI><a href="#[14a]">&gt;&gt;</a>&nbsp;&nbsp;&nbsp;__aeabi_ui2d
<LI><a href="#[14d]">&gt;&gt;</a>&nbsp;&nbsp;&nbsp;__aeabi_d2uiz
<LI><a href="#[14c]">&gt;&gt;</a>&nbsp;&nbsp;&nbsp;__aeabi_ddiv
</UL>
<BR>[Called By]<UL><LI><a href="#[17d]">&gt;&gt;</a>&nbsp;&nbsp;&nbsp;Disp_Testvalue
<LI><a href="#[15b]">&gt;&gt;</a>&nbsp;&nbsp;&nbsp;DispSet_value
<LI><a href="#[156]">&gt;&gt;</a>&nbsp;&nbsp;&nbsp;Disp_Idel_Item
<LI><a href="#[14f]">&gt;&gt;</a>&nbsp;&nbsp;&nbsp;Disp_Test_List
</UL>

<P><STRONG><a name="[14f]"></a>Disp_Test_List</STRONG> (Thumb, 606 bytes, Stack size 16 bytes, use_disp.o(.text))
<BR><BR>[Stack]<UL><LI>Max Depth = 240<LI>Call Chain = Disp_Test_List &rArr; disp_TestMSG &rArr; GUI_DispStringAt &rArr; GUI_DispString &rArr; GUI__DispLine &rArr; WM__InitIVRSearch &rArr; WM__GetNextIVR &rArr; WM__ActivateClipRect &rArr; _SetClipRectUserIntersect &rArr; LCD_SetClipRectEx &rArr; GUI__IntersectRects
</UL>
<BR>[Calls]<UL><LI><a href="#[136]">&gt;&gt;</a>&nbsp;&nbsp;&nbsp;GUI_SetTextMode
<LI><a href="#[134]">&gt;&gt;</a>&nbsp;&nbsp;&nbsp;GUI_SetFont
<LI><a href="#[124]">&gt;&gt;</a>&nbsp;&nbsp;&nbsp;GUI_SetColor
<LI><a href="#[13a]">&gt;&gt;</a>&nbsp;&nbsp;&nbsp;GUI_SetBkColor
<LI><a href="#[137]">&gt;&gt;</a>&nbsp;&nbsp;&nbsp;GUI_DispStringAt
<LI><a href="#[14e]">&gt;&gt;</a>&nbsp;&nbsp;&nbsp;IntToStr
<LI><a href="#[149]">&gt;&gt;</a>&nbsp;&nbsp;&nbsp;FToStr
<LI><a href="#[148]">&gt;&gt;</a>&nbsp;&nbsp;&nbsp;disp_TestMSG
<LI><a href="#[150]">&gt;&gt;</a>&nbsp;&nbsp;&nbsp;Hex_Format
<LI><a href="#[151]">&gt;&gt;</a>&nbsp;&nbsp;&nbsp;strcat
</UL>
<BR>[Called By]<UL><LI><a href="#[f2]">&gt;&gt;</a>&nbsp;&nbsp;&nbsp;Test_Process
</UL>

<P><STRONG><a name="[152]"></a>IntToStr_mA</STRONG> (Thumb, 146 bytes, Stack size 32 bytes, use_disp.o(.text))
<BR><BR>[Stack]<UL><LI>Max Depth = 64<LI>Call Chain = IntToStr_mA &rArr; __aeabi_d2uiz
</UL>
<BR>[Calls]<UL><LI><a href="#[14b]">&gt;&gt;</a>&nbsp;&nbsp;&nbsp;__aeabi_cdrcmple
<LI><a href="#[14a]">&gt;&gt;</a>&nbsp;&nbsp;&nbsp;__aeabi_ui2d
<LI><a href="#[14d]">&gt;&gt;</a>&nbsp;&nbsp;&nbsp;__aeabi_d2uiz
<LI><a href="#[14c]">&gt;&gt;</a>&nbsp;&nbsp;&nbsp;__aeabi_ddiv
</UL>
<BR>[Called By]<UL><LI><a href="#[15b]">&gt;&gt;</a>&nbsp;&nbsp;&nbsp;DispSet_value
<LI><a href="#[156]">&gt;&gt;</a>&nbsp;&nbsp;&nbsp;Disp_Idel_Item
<LI><a href="#[153]">&gt;&gt;</a>&nbsp;&nbsp;&nbsp;Disp_Idel_list
</UL>

<P><STRONG><a name="[153]"></a>Disp_Idel_list</STRONG> (Thumb, 394 bytes, Stack size 16 bytes, use_disp.o(.text))
<BR><BR>[Stack]<UL><LI>Max Depth = 264<LI>Call Chain = Disp_Idel_list &rArr; GUI_DispDecAt &rArr; GUI_DispStringAt &rArr; GUI_DispString &rArr; GUI__DispLine &rArr; WM__InitIVRSearch &rArr; WM__GetNextIVR &rArr; WM__ActivateClipRect &rArr; _SetClipRectUserIntersect &rArr; LCD_SetClipRectEx &rArr; GUI__IntersectRects
</UL>
<BR>[Calls]<UL><LI><a href="#[134]">&gt;&gt;</a>&nbsp;&nbsp;&nbsp;GUI_SetFont
<LI><a href="#[124]">&gt;&gt;</a>&nbsp;&nbsp;&nbsp;GUI_SetColor
<LI><a href="#[137]">&gt;&gt;</a>&nbsp;&nbsp;&nbsp;GUI_DispStringAt
<LI><a href="#[154]">&gt;&gt;</a>&nbsp;&nbsp;&nbsp;GUI_DispDecAt
<LI><a href="#[155]">&gt;&gt;</a>&nbsp;&nbsp;&nbsp;GUI_DispCharAt
<LI><a href="#[152]">&gt;&gt;</a>&nbsp;&nbsp;&nbsp;IntToStr_mA
<LI><a href="#[133]">&gt;&gt;</a>&nbsp;&nbsp;&nbsp;Disp_mainitem
<LI><a href="#[123]">&gt;&gt;</a>&nbsp;&nbsp;&nbsp;Disp_Fastbutton
<LI><a href="#[150]">&gt;&gt;</a>&nbsp;&nbsp;&nbsp;Hex_Format
<LI><a href="#[151]">&gt;&gt;</a>&nbsp;&nbsp;&nbsp;strcat
</UL>
<BR>[Called By]<UL><LI><a href="#[f9]">&gt;&gt;</a>&nbsp;&nbsp;&nbsp;Idem_Process
</UL>

<P><STRONG><a name="[156]"></a>Disp_Idel_Item</STRONG> (Thumb, 2730 bytes, Stack size 16 bytes, use_disp.o(.text))
<BR><BR>[Stack]<UL><LI>Max Depth = 264 + Unknown Stack Size
<LI>Call Chain = Disp_Idel_Item &rArr; GUI_DispDecAt &rArr; GUI_DispStringAt &rArr; GUI_DispString &rArr; GUI__DispLine &rArr; WM__InitIVRSearch &rArr; WM__GetNextIVR &rArr; WM__ActivateClipRect &rArr; _SetClipRectUserIntersect &rArr; LCD_SetClipRectEx &rArr; GUI__IntersectRects
</UL>
<BR>[Calls]<UL><LI><a href="#[136]">&gt;&gt;</a>&nbsp;&nbsp;&nbsp;GUI_SetTextMode
<LI><a href="#[134]">&gt;&gt;</a>&nbsp;&nbsp;&nbsp;GUI_SetFont
<LI><a href="#[124]">&gt;&gt;</a>&nbsp;&nbsp;&nbsp;GUI_SetColor
<LI><a href="#[13a]">&gt;&gt;</a>&nbsp;&nbsp;&nbsp;GUI_SetBkColor
<LI><a href="#[137]">&gt;&gt;</a>&nbsp;&nbsp;&nbsp;GUI_DispStringAt
<LI><a href="#[154]">&gt;&gt;</a>&nbsp;&nbsp;&nbsp;GUI_DispDecAt
<LI><a href="#[152]">&gt;&gt;</a>&nbsp;&nbsp;&nbsp;IntToStr_mA
<LI><a href="#[14e]">&gt;&gt;</a>&nbsp;&nbsp;&nbsp;IntToStr
<LI><a href="#[133]">&gt;&gt;</a>&nbsp;&nbsp;&nbsp;Disp_mainitem
<LI><a href="#[123]">&gt;&gt;</a>&nbsp;&nbsp;&nbsp;Disp_Fastbutton
<LI><a href="#[150]">&gt;&gt;</a>&nbsp;&nbsp;&nbsp;Hex_Format
<LI><a href="#[151]">&gt;&gt;</a>&nbsp;&nbsp;&nbsp;strcat
<LI><a href="#[157]">&gt;&gt;</a>&nbsp;&nbsp;&nbsp;__2sprintf
</UL>
<BR>[Called By]<UL><LI><a href="#[f7]">&gt;&gt;</a>&nbsp;&nbsp;&nbsp;TestPause_Process
<LI><a href="#[f9]">&gt;&gt;</a>&nbsp;&nbsp;&nbsp;Idem_Process
</UL>

<P><STRONG><a name="[158]"></a>Disp_Test_SetConfig_Item</STRONG> (Thumb, 128 bytes, Stack size 8 bytes, use_disp.o(.text))
<BR><BR>[Stack]<UL><LI>Max Depth = 248<LI>Call Chain = Disp_Test_SetConfig_Item &rArr; Disp_Fastbutton &rArr; GUI_DrawGradientRoundedV &rArr; _DrawGradientRounded &rArr; GUI_GetColor &rArr; GUI_Lock &rArr; GUI_DEVICE_UnlinkTaskDevices
</UL>
<BR>[Calls]<UL><LI><a href="#[124]">&gt;&gt;</a>&nbsp;&nbsp;&nbsp;GUI_SetColor
<LI><a href="#[13a]">&gt;&gt;</a>&nbsp;&nbsp;&nbsp;GUI_SetBkColor
<LI><a href="#[137]">&gt;&gt;</a>&nbsp;&nbsp;&nbsp;GUI_DispStringAt
<LI><a href="#[133]">&gt;&gt;</a>&nbsp;&nbsp;&nbsp;Disp_mainitem
<LI><a href="#[123]">&gt;&gt;</a>&nbsp;&nbsp;&nbsp;Disp_Fastbutton
</UL>
<BR>[Called By]<UL><LI><a href="#[fc]">&gt;&gt;</a>&nbsp;&nbsp;&nbsp;Setup_config_Process
</UL>

<P><STRONG><a name="[159]"></a>Disp_Test_value</STRONG> (Thumb, 572 bytes, Stack size 16 bytes, use_disp.o(.text), UNUSED)
<BR><BR>[Calls]<UL><LI><a href="#[150]">&gt;&gt;</a>&nbsp;&nbsp;&nbsp;Hex_Format
<LI><a href="#[11f]">&gt;&gt;</a>&nbsp;&nbsp;&nbsp;WriteString_16
<LI><a href="#[111]">&gt;&gt;</a>&nbsp;&nbsp;&nbsp;PutChar
<LI><a href="#[130]">&gt;&gt;</a>&nbsp;&nbsp;&nbsp;LCD_DrawRect
</UL>

<P><STRONG><a name="[15a]"></a>dispSetupButtonvalue</STRONG> (Thumb, 432 bytes, Stack size 24 bytes, use_disp.o(.text))
<BR><BR>[Stack]<UL><LI>Max Depth = 264<LI>Call Chain = dispSetupButtonvalue &rArr; Disp_Fastbutton &rArr; GUI_DrawGradientRoundedV &rArr; _DrawGradientRounded &rArr; GUI_GetColor &rArr; GUI_Lock &rArr; GUI_DEVICE_UnlinkTaskDevices
</UL>
<BR>[Calls]<UL><LI><a href="#[136]">&gt;&gt;</a>&nbsp;&nbsp;&nbsp;GUI_SetTextMode
<LI><a href="#[124]">&gt;&gt;</a>&nbsp;&nbsp;&nbsp;GUI_SetColor
<LI><a href="#[13b]">&gt;&gt;</a>&nbsp;&nbsp;&nbsp;GUI_DispStringInRect
<LI><a href="#[123]">&gt;&gt;</a>&nbsp;&nbsp;&nbsp;Disp_Fastbutton
</UL>
<BR>[Called By]<UL><LI><a href="#[15b]">&gt;&gt;</a>&nbsp;&nbsp;&nbsp;DispSet_value
<LI><a href="#[253]">&gt;&gt;</a>&nbsp;&nbsp;&nbsp;CalTest_Process
</UL>

<P><STRONG><a name="[15b]"></a>DispSet_value</STRONG> (Thumb, 3260 bytes, Stack size 24 bytes, use_disp.o(.text))
<BR><BR>[Stack]<UL><LI>Max Depth = 288 + Unknown Stack Size
<LI>Call Chain = DispSet_value &rArr; dispSetupButtonvalue &rArr; Disp_Fastbutton &rArr; GUI_DrawGradientRoundedV &rArr; _DrawGradientRounded &rArr; GUI_GetColor &rArr; GUI_Lock &rArr; GUI_DEVICE_UnlinkTaskDevices
</UL>
<BR>[Calls]<UL><LI><a href="#[136]">&gt;&gt;</a>&nbsp;&nbsp;&nbsp;GUI_SetTextMode
<LI><a href="#[124]">&gt;&gt;</a>&nbsp;&nbsp;&nbsp;GUI_SetColor
<LI><a href="#[135]">&gt;&gt;</a>&nbsp;&nbsp;&nbsp;GUI_FillRect
<LI><a href="#[137]">&gt;&gt;</a>&nbsp;&nbsp;&nbsp;GUI_DispStringAt
<LI><a href="#[154]">&gt;&gt;</a>&nbsp;&nbsp;&nbsp;GUI_DispDecAt
<LI><a href="#[15a]">&gt;&gt;</a>&nbsp;&nbsp;&nbsp;dispSetupButtonvalue
<LI><a href="#[152]">&gt;&gt;</a>&nbsp;&nbsp;&nbsp;IntToStr_mA
<LI><a href="#[14e]">&gt;&gt;</a>&nbsp;&nbsp;&nbsp;IntToStr
<LI><a href="#[150]">&gt;&gt;</a>&nbsp;&nbsp;&nbsp;Hex_Format
<LI><a href="#[151]">&gt;&gt;</a>&nbsp;&nbsp;&nbsp;strcat
<LI><a href="#[157]">&gt;&gt;</a>&nbsp;&nbsp;&nbsp;__2sprintf
</UL>
<BR>[Called By]<UL><LI><a href="#[f4]">&gt;&gt;</a>&nbsp;&nbsp;&nbsp;Setup_Process
</UL>

<P><STRONG><a name="[15c]"></a>DispSetup_ConfigButtonvalue</STRONG> (Thumb, 156 bytes, Stack size 24 bytes, use_disp.o(.text))
<BR><BR>[Stack]<UL><LI>Max Depth = 264<LI>Call Chain = DispSetup_ConfigButtonvalue &rArr; Disp_Fastbutton &rArr; GUI_DrawGradientRoundedV &rArr; _DrawGradientRounded &rArr; GUI_GetColor &rArr; GUI_Lock &rArr; GUI_DEVICE_UnlinkTaskDevices
</UL>
<BR>[Calls]<UL><LI><a href="#[136]">&gt;&gt;</a>&nbsp;&nbsp;&nbsp;GUI_SetTextMode
[...]
</UL>
<BR>[Called By]<UL><LI><a href="#[c2]">&gt;&gt;</a>&nbsp;&nbsp;&nbsp;_DrawBitmap
</UL>

<P><STRONG><a name="[4b5]"></a>_DrawBitLine2BPP</STRONG> (Thumb, 220 bytes, Stack size 56 bytes, guidev_16.o(i._DrawBitLine2BPP))
<BR><BR>[Stack]<UL><LI>Max Depth = 56<LI>Call Chain = _DrawBitLine2BPP
</UL>
<BR>[Called By]<UL><LI><a href="#[c2]">&gt;&gt;</a>&nbsp;&nbsp;&nbsp;_DrawBitmap
</UL>

<P><STRONG><a name="[4b6]"></a>_DrawBitLine4BPP</STRONG> (Thumb, 346 bytes, Stack size 40 bytes, guidev_16.o(i._DrawBitLine4BPP))
<BR><BR>[Stack]<UL><LI>Max Depth = 40<LI>Call Chain = _DrawBitLine4BPP
</UL>
<BR>[Called By]<UL><LI><a href="#[c2]">&gt;&gt;</a>&nbsp;&nbsp;&nbsp;_DrawBitmap
</UL>

<P><STRONG><a name="[c2]"></a>_DrawBitmap</STRONG> (Thumb, 664 bytes, Stack size 112 bytes, guidev_16.o(i._DrawBitmap))
<BR><BR>[Stack]<UL><LI>Max Depth = 168<LI>Call Chain = _DrawBitmap &rArr; _DrawBitLine2BPP
</UL>
<BR>[Calls]<UL><LI><a href="#[427]">&gt;&gt;</a>&nbsp;&nbsp;&nbsp;GUI_ALLOC_UnlockH
<LI><a href="#[426]">&gt;&gt;</a>&nbsp;&nbsp;&nbsp;GUI_ALLOC_LockH
<LI><a href="#[4b2]">&gt;&gt;</a>&nbsp;&nbsp;&nbsp;GUI_USAGE_AddRect
<LI><a href="#[4b3]">&gt;&gt;</a>&nbsp;&nbsp;&nbsp;_XY2PTR
<LI><a href="#[4b6]">&gt;&gt;</a>&nbsp;&nbsp;&nbsp;_DrawBitLine4BPP
<LI><a href="#[4b5]">&gt;&gt;</a>&nbsp;&nbsp;&nbsp;_DrawBitLine2BPP
<LI><a href="#[4b4]">&gt;&gt;</a>&nbsp;&nbsp;&nbsp;_DrawBitLine1BPP
<LI><a href="#[122]">&gt;&gt;</a>&nbsp;&nbsp;&nbsp;__aeabi_memcpy
</UL>
<BR>[Address Reference Count : 1]<UL><LI> guidev_16.o(.constdata)
</UL>
<P><STRONG><a name="[c3]"></a>_DrawHLine</STRONG> (Thumb, 10 bytes, Stack size 8 bytes, guidev_16.o(i._DrawHLine))
<BR><BR>[Stack]<UL><LI>Max Depth = 104<LI>Call Chain = _DrawHLine &rArr; _FillRect &rArr; GUI_USAGE_AddRect
</UL>
<BR>[Calls]<UL><LI><a href="#[c5]">&gt;&gt;</a>&nbsp;&nbsp;&nbsp;_FillRect
</UL>
<BR>[Address Reference Count : 1]<UL><LI> guidev_16.o(.constdata)
</UL>
<P><STRONG><a name="[c4]"></a>_DrawVLine</STRONG> (Thumb, 180 bytes, Stack size 40 bytes, guidev_16.o(i._DrawVLine))
<BR><BR>[Stack]<UL><LI>Max Depth = 56<LI>Call Chain = _DrawVLine &rArr; _XY2PTR
</UL>
<BR>[Calls]<UL><LI><a href="#[427]">&gt;&gt;</a>&nbsp;&nbsp;&nbsp;GUI_ALLOC_UnlockH
<LI><a href="#[426]">&gt;&gt;</a>&nbsp;&nbsp;&nbsp;GUI_ALLOC_LockH
<LI><a href="#[4b3]">&gt;&gt;</a>&nbsp;&nbsp;&nbsp;_XY2PTR
</UL>
<BR>[Address Reference Count : 1]<UL><LI> guidev_16.o(.constdata)
</UL>
<P><STRONG><a name="[c5]"></a>_FillRect</STRONG> (Thumb, 166 bytes, Stack size 72 bytes, guidev_16.o(i._FillRect))
<BR><BR>[Stack]<UL><LI>Max Depth = 96<LI>Call Chain = _FillRect &rArr; GUI_USAGE_AddRect
</UL>
<BR>[Calls]<UL><LI><a href="#[427]">&gt;&gt;</a>&nbsp;&nbsp;&nbsp;GUI_ALLOC_UnlockH
<LI><a href="#[426]">&gt;&gt;</a>&nbsp;&nbsp;&nbsp;GUI_ALLOC_LockH
<LI><a href="#[4b9]">&gt;&gt;</a>&nbsp;&nbsp;&nbsp;GUI__memset16
<LI><a href="#[4b2]">&gt;&gt;</a>&nbsp;&nbsp;&nbsp;GUI_USAGE_AddRect
<LI><a href="#[4b3]">&gt;&gt;</a>&nbsp;&nbsp;&nbsp;_XY2PTR
</UL>
<BR>[Called By]<UL><LI><a href="#[c3]">&gt;&gt;</a>&nbsp;&nbsp;&nbsp;_DrawHLine
</UL>
<BR>[Address Reference Count : 1]<UL><LI> guidev_16.o(.constdata)
</UL>
<P><STRONG><a name="[cc]"></a>_GetDevData</STRONG> (Thumb, 12 bytes, Stack size 0 bytes, guidev_16.o(i._GetDevData))
<BR>[Address Reference Count : 1]<UL><LI> guidev_16.o(.constdata)
</UL>
<P><STRONG><a name="[ca]"></a>_GetDevFunc</STRONG> (Thumb, 12 bytes, Stack size 0 bytes, guidev_16.o(i._GetDevFunc))
<BR>[Address Reference Count : 1]<UL><LI> guidev_16.o(.constdata)
</UL>
<P><STRONG><a name="[cb]"></a>_GetDevProp</STRONG> (Thumb, 16 bytes, Stack size 0 bytes, guidev_16.o(i._GetDevProp))
<BR>[Address Reference Count : 1]<UL><LI> guidev_16.o(.constdata)
</UL>
<P><STRONG><a name="[c6]"></a>_GetPixelIndex</STRONG> (Thumb, 14 bytes, Stack size 8 bytes, guidev_16.o(i._GetPixelIndex))
<BR><BR>[Stack]<UL><LI>Max Depth = 24<LI>Call Chain = _GetPixelIndex &rArr; _XY2PTR
</UL>
<BR>[Calls]<UL><LI><a href="#[4b3]">&gt;&gt;</a>&nbsp;&nbsp;&nbsp;_XY2PTR
</UL>
<BR>[Address Reference Count : 1]<UL><LI> guidev_16.o(.constdata)
</UL>
<P><STRONG><a name="[cd]"></a>_GetRect</STRONG> (Thumb, 48 bytes, Stack size 16 bytes, guidev_16.o(i._GetRect))
<BR><BR>[Stack]<UL><LI>Max Depth = 16<LI>Call Chain = _GetRect
</UL>
<BR>[Calls]<UL><LI><a href="#[427]">&gt;&gt;</a>&nbsp;&nbsp;&nbsp;GUI_ALLOC_UnlockH
<LI><a href="#[426]">&gt;&gt;</a>&nbsp;&nbsp;&nbsp;GUI_ALLOC_LockH
</UL>
<BR>[Address Reference Count : 1]<UL><LI> guidev_16.o(.constdata)
</UL>
<P><STRONG><a name="[c9]"></a>_SetOrg</STRONG> (Thumb, 14 bytes, Stack size 0 bytes, guidev_16.o(i._SetOrg))
<BR>[Address Reference Count : 1]<UL><LI> guidev_16.o(.constdata)
</UL>
<P><STRONG><a name="[c7]"></a>_SetPixelIndex</STRONG> (Thumb, 66 bytes, Stack size 24 bytes, guidev_16.o(i._SetPixelIndex))
<BR><BR>[Stack]<UL><LI>Max Depth = 40<LI>Call Chain = _SetPixelIndex &rArr; _XY2PTR
</UL>
<BR>[Calls]<UL><LI><a href="#[427]">&gt;&gt;</a>&nbsp;&nbsp;&nbsp;GUI_ALLOC_UnlockH
<LI><a href="#[426]">&gt;&gt;</a>&nbsp;&nbsp;&nbsp;GUI_ALLOC_LockH
<LI><a href="#[4b3]">&gt;&gt;</a>&nbsp;&nbsp;&nbsp;_XY2PTR
</UL>
<BR>[Address Reference Count : 1]<UL><LI> guidev_16.o(.constdata)
</UL>
<P><STRONG><a name="[4b3]"></a>_XY2PTR</STRONG> (Thumb, 56 bytes, Stack size 16 bytes, guidev_16.o(i._XY2PTR))
<BR><BR>[Stack]<UL><LI>Max Depth = 16<LI>Call Chain = _XY2PTR
</UL>
<BR>[Calls]<UL><LI><a href="#[427]">&gt;&gt;</a>&nbsp;&nbsp;&nbsp;GUI_ALLOC_UnlockH
<LI><a href="#[426]">&gt;&gt;</a>&nbsp;&nbsp;&nbsp;GUI_ALLOC_LockH
</UL>
<BR>[Called By]<UL><LI><a href="#[c8]">&gt;&gt;</a>&nbsp;&nbsp;&nbsp;_XorPixel
<LI><a href="#[c7]">&gt;&gt;</a>&nbsp;&nbsp;&nbsp;_SetPixelIndex
<LI><a href="#[c6]">&gt;&gt;</a>&nbsp;&nbsp;&nbsp;_GetPixelIndex
<LI><a href="#[c5]">&gt;&gt;</a>&nbsp;&nbsp;&nbsp;_FillRect
<LI><a href="#[c4]">&gt;&gt;</a>&nbsp;&nbsp;&nbsp;_DrawVLine
<LI><a href="#[c2]">&gt;&gt;</a>&nbsp;&nbsp;&nbsp;_DrawBitmap
</UL>

<P><STRONG><a name="[c8]"></a>_XorPixel</STRONG> (Thumb, 78 bytes, Stack size 32 bytes, guidev_16.o(i._XorPixel))
<BR><BR>[Stack]<UL><LI>Max Depth = 48<LI>Call Chain = _XorPixel &rArr; _XY2PTR
</UL>
<BR>[Calls]<UL><LI><a href="#[427]">&gt;&gt;</a>&nbsp;&nbsp;&nbsp;GUI_ALLOC_UnlockH
<LI><a href="#[426]">&gt;&gt;</a>&nbsp;&nbsp;&nbsp;GUI_ALLOC_LockH
<LI><a href="#[4b3]">&gt;&gt;</a>&nbsp;&nbsp;&nbsp;_XY2PTR
</UL>
<BR>[Address Reference Count : 1]<UL><LI> guidev_16.o(.constdata)
</UL>
<P><STRONG><a name="[49f]"></a>_DesktopHandle2Index</STRONG> (Thumb, 28 bytes, Stack size 0 bytes, wm.o(i._DesktopHandle2Index))
<BR><BR>[Called By]<UL><LI><a href="#[4a3]">&gt;&gt;</a>&nbsp;&nbsp;&nbsp;WM__GetTopLevelLayer
<LI><a href="#[496]">&gt;&gt;</a>&nbsp;&nbsp;&nbsp;WM__ClipAtParentBorders
<LI><a href="#[49]">&gt;&gt;</a>&nbsp;&nbsp;&nbsp;_cbBackWin
</UL>

<P><STRONG><a name="[4a2]"></a>_FindNext_IVR</STRONG> (Thumb, 318 bytes, Stack size 32 bytes, wm.o(i._FindNext_IVR))
<BR><BR>[Stack]<UL><LI>Max Depth = 80<LI>Call Chain = _FindNext_IVR &rArr; _Findy1 &rArr;  _Findy1 (Cycle)
</UL>
<BR>[Calls]<UL><LI><a href="#[42e]">&gt;&gt;</a>&nbsp;&nbsp;&nbsp;GUI_ALLOC_h2p
<LI><a href="#[427]">&gt;&gt;</a>&nbsp;&nbsp;&nbsp;GUI_ALLOC_UnlockH
<LI><a href="#[426]">&gt;&gt;</a>&nbsp;&nbsp;&nbsp;GUI_ALLOC_LockH
<LI><a href="#[4ba]">&gt;&gt;</a>&nbsp;&nbsp;&nbsp;_Findy1
<LI><a href="#[4bc]">&gt;&gt;</a>&nbsp;&nbsp;&nbsp;_Findx1
<LI><a href="#[4bb]">&gt;&gt;</a>&nbsp;&nbsp;&nbsp;_Findx0
</UL>
<BR>[Called By]<UL><LI><a href="#[404]">&gt;&gt;</a>&nbsp;&nbsp;&nbsp;WM__GetNextIVR
</UL>

<P><STRONG><a name="[4bb]"></a>_Findx0</STRONG> (Thumb, 124 bytes, Stack size 32 bytes, wm.o(i._Findx0))
<BR><BR>[Stack]<UL><LI>Max Depth = 48 + In Cycle
<LI>Call Chain = _Findx0 &rArr;  _Findx0 (Cycle)
</UL>
<BR>[Calls]<UL><LI><a href="#[443]">&gt;&gt;</a>&nbsp;&nbsp;&nbsp;GUI__IntersectRects
<LI><a href="#[42e]">&gt;&gt;</a>&nbsp;&nbsp;&nbsp;GUI_ALLOC_h2p
<LI><a href="#[427]">&gt;&gt;</a>&nbsp;&nbsp;&nbsp;GUI_ALLOC_UnlockH
<LI><a href="#[426]">&gt;&gt;</a>&nbsp;&nbsp;&nbsp;GUI_ALLOC_LockH
<LI><a href="#[4bb]">&gt;&gt;</a>&nbsp;&nbsp;&nbsp;_Findx0
<LI><a href="#[4ad]">&gt;&gt;</a>&nbsp;&nbsp;&nbsp;GUI_RectsIntersect
</UL>
<BR>[Called By]<UL><LI><a href="#[4bb]">&gt;&gt;</a>&nbsp;&nbsp;&nbsp;_Findx0
<LI><a href="#[4a2]">&gt;&gt;</a>&nbsp;&nbsp;&nbsp;_FindNext_IVR
</UL>

<P><STRONG><a name="[4bc]"></a>_Findx1</STRONG> (Thumb, 114 bytes, Stack size 32 bytes, wm.o(i._Findx1))
<BR><BR>[Stack]<UL><LI>Max Depth = 48 + In Cycle
<LI>Call Chain = _Findx1 &rArr;  _Findx1 (Cycle)
</UL>
<BR>[Calls]<UL><LI><a href="#[443]">&gt;&gt;</a>&nbsp;&nbsp;&nbsp;GUI__IntersectRects
<LI><a href="#[42e]">&gt;&gt;</a>&nbsp;&nbsp;&nbsp;GUI_ALLOC_h2p
<LI><a href="#[427]">&gt;&gt;</a>&nbsp;&nbsp;&nbsp;GUI_ALLOC_UnlockH
<LI><a href="#[426]">&gt;&gt;</a>&nbsp;&nbsp;&nbsp;GUI_ALLOC_LockH
<LI><a href="#[4bc]">&gt;&gt;</a>&nbsp;&nbsp;&nbsp;_Findx1
<LI><a href="#[4ad]">&gt;&gt;</a>&nbsp;&nbsp;&nbsp;GUI_RectsIntersect
</UL>
<BR>[Called By]<UL><LI><a href="#[4bc]">&gt;&gt;</a>&nbsp;&nbsp;&nbsp;_Findx1
<LI><a href="#[4a2]">&gt;&gt;</a>&nbsp;&nbsp;&nbsp;_FindNext_IVR
</UL>

<P><STRONG><a name="[4ba]"></a>_Findy1</STRONG> (Thumb, 166 bytes, Stack size 32 bytes, wm.o(i._Findy1))
<BR><BR>[Stack]<UL><LI>Max Depth = 48 + In Cycle
<LI>Call Chain = _Findy1 &rArr;  _Findy1 (Cycle)
</UL>
<BR>[Calls]<UL><LI><a href="#[443]">&gt;&gt;</a>&nbsp;&nbsp;&nbsp;GUI__IntersectRects
<LI><a href="#[42e]">&gt;&gt;</a>&nbsp;&nbsp;&nbsp;GUI_ALLOC_h2p
<LI><a href="#[427]">&gt;&gt;</a>&nbsp;&nbsp;&nbsp;GUI_ALLOC_UnlockH
<LI><a href="#[426]">&gt;&gt;</a>&nbsp;&nbsp;&nbsp;GUI_ALLOC_LockH
<LI><a href="#[4ba]">&gt;&gt;</a>&nbsp;&nbsp;&nbsp;_Findy1
<LI><a href="#[4ad]">&gt;&gt;</a>&nbsp;&nbsp;&nbsp;GUI_RectsIntersect
</UL>
<BR>[Called By]<UL><LI><a href="#[4ba]">&gt;&gt;</a>&nbsp;&nbsp;&nbsp;_Findy1
<LI><a href="#[4a2]">&gt;&gt;</a>&nbsp;&nbsp;&nbsp;_FindNext_IVR
</UL>

<P><STRONG><a name="[499]"></a>_Invalidate1Abs</STRONG> (Thumb, 122 bytes, Stack size 32 bytes, wm.o(i._Invalidate1Abs))
<BR><BR>[Stack]<UL><LI>Max Depth = 48<LI>Call Chain = _Invalidate1Abs &rArr; GUI__IntersectRects
</UL>
<BR>[Calls]<UL><LI><a href="#[443]">&gt;&gt;</a>&nbsp;&nbsp;&nbsp;GUI__IntersectRects
<LI><a href="#[42e]">&gt;&gt;</a>&nbsp;&nbsp;&nbsp;GUI_ALLOC_h2p
<LI><a href="#[427]">&gt;&gt;</a>&nbsp;&nbsp;&nbsp;GUI_ALLOC_UnlockH
<LI><a href="#[426]">&gt;&gt;</a>&nbsp;&nbsp;&nbsp;GUI_ALLOC_LockH
<LI><a href="#[468]">&gt;&gt;</a>&nbsp;&nbsp;&nbsp;GUI_SignalEvent
<LI><a href="#[4c0]">&gt;&gt;</a>&nbsp;&nbsp;&nbsp;GUI_MergeRect
<LI><a href="#[4bf]">&gt;&gt;</a>&nbsp;&nbsp;&nbsp;WM__RectIsNZ
</UL>
<BR>[Called By]<UL><LI><a href="#[4a4]">&gt;&gt;</a>&nbsp;&nbsp;&nbsp;WM__InvalidateRect
<LI><a href="#[497]">&gt;&gt;</a>&nbsp;&nbsp;&nbsp;WM__Invalidate1Abs
<LI><a href="#[498]">&gt;&gt;</a>&nbsp;&nbsp;&nbsp;WM_InvalidateWindowAndDescsEx
</UL>

<P><STRONG><a name="[4a]"></a>_OnExit</STRONG> (Thumb, 48 bytes, Stack size 8 bytes, wm.o(i._OnExit))
<BR><BR>[Stack]<UL><LI>Max Depth = 8<LI>Call Chain = _OnExit
</UL>
<BR>[Address Reference Count : 1]<UL><LI> wm.o(i.WM_Init)
</UL>
<P><STRONG><a name="[49d]"></a>_SetClipRectUserIntersect</STRONG> (Thumb, 68 bytes, Stack size 24 bytes, wm.o(i._SetClipRectUserIntersect))
<BR><BR>[Stack]<UL><LI>Max Depth = 64<LI>Call Chain = _SetClipRectUserIntersect &rArr; LCD_SetClipRectEx &rArr; GUI__IntersectRects
</UL>
<BR>[Calls]<UL><LI><a href="#[427]">&gt;&gt;</a>&nbsp;&nbsp;&nbsp;GUI_ALLOC_UnlockH
<LI><a href="#[426]">&gt;&gt;</a>&nbsp;&nbsp;&nbsp;GUI_ALLOC_LockH
<LI><a href="#[47e]">&gt;&gt;</a>&nbsp;&nbsp;&nbsp;LCD_SetClipRectEx
<LI><a href="#[495]">&gt;&gt;</a>&nbsp;&nbsp;&nbsp;GUI__IntersectRect
<LI><a href="#[494]">&gt;&gt;</a>&nbsp;&nbsp;&nbsp;WM__Client2Screen
</UL>
<BR>[Called By]<UL><LI><a href="#[49c]">&gt;&gt;</a>&nbsp;&nbsp;&nbsp;WM__ActivateClipRect
</UL>

<P><STRONG><a name="[49]"></a>_cbBackWin</STRONG> (Thumb, 74 bytes, Stack size 8 bytes, wm.o(i._cbBackWin))
<BR><BR>[Stack]<UL><LI>Max Depth = 176<LI>Call Chain = _cbBackWin &rArr; WM_DefaultProc &rArr; WM_InvalidateWindow &rArr; WM_InvalidateRect &rArr; WM__InvalidateRectEx &rArr; WM__InvalidateRect &rArr;  WM__InvalidateRect (Cycle)
</UL>
<BR>[Calls]<UL><LI><a href="#[13a]">&gt;&gt;</a>&nbsp;&nbsp;&nbsp;GUI_SetBkColor
<LI><a href="#[1fc]">&gt;&gt;</a>&nbsp;&nbsp;&nbsp;GUI_Clear
<LI><a href="#[467]">&gt;&gt;</a>&nbsp;&nbsp;&nbsp;GUI_StoreKey
<LI><a href="#[48c]">&gt;&gt;</a>&nbsp;&nbsp;&nbsp;WM_DefaultProc
<LI><a href="#[49f]">&gt;&gt;</a>&nbsp;&nbsp;&nbsp;_DesktopHandle2Index
</UL>
<BR>[Address Reference Count : 1]<UL><LI> wm.o(i.WM_Init)
</UL>
<P><STRONG><a name="[ce]"></a>_Color2Index_0</STRONG> (Thumb, 84 bytes, Stack size 32 bytes, guicc_0.o(i._Color2Index_0))
<BR><BR>[Stack]<UL><LI>Max Depth = 48<LI>Call Chain = _Color2Index_0 &rArr; LCD_GetNumColors &rArr; _GetDevProp
</UL>
<BR>[Calls]<UL><LI><a href="#[476]">&gt;&gt;</a>&nbsp;&nbsp;&nbsp;LCD_GetPalette
<LI><a href="#[473]">&gt;&gt;</a>&nbsp;&nbsp;&nbsp;LCD_GetNumColors
<LI><a href="#[4a8]">&gt;&gt;</a>&nbsp;&nbsp;&nbsp;GUI_CalcColorDist
</UL>
<BR>[Address Reference Count : 1]<UL><LI> guicc_0.o(.constdata)
</UL>
<P><STRONG><a name="[d0]"></a>_GetIndexMask_0</STRONG> (Thumb, 82 bytes, Stack size 8 bytes, guicc_0.o(i._GetIndexMask_0))
<BR><BR>[Stack]<UL><LI>Max Depth = 24<LI>Call Chain = _GetIndexMask_0 &rArr; LCD_GetNumColors &rArr; _GetDevProp
</UL>
<BR>[Calls]<UL><LI><a href="#[473]">&gt;&gt;</a>&nbsp;&nbsp;&nbsp;LCD_GetNumColors
</UL>
<BR>[Address Reference Count : 1]<UL><LI> guicc_0.o(.constdata)
</UL>
<P><STRONG><a name="[cf]"></a>_Index2Color_0</STRONG> (Thumb, 32 bytes, Stack size 16 bytes, guicc_0.o(i._Index2Color_0))
<BR><BR>[Stack]<UL><LI>Max Depth = 32<LI>Call Chain = _Index2Color_0 &rArr; LCD_GetNumColors &rArr; _GetDevProp
</UL>
<BR>[Calls]<UL><LI><a href="#[476]">&gt;&gt;</a>&nbsp;&nbsp;&nbsp;LCD_GetPalette
<LI><a href="#[473]">&gt;&gt;</a>&nbsp;&nbsp;&nbsp;LCD_GetNumColors
</UL>
<BR>[Address Reference Count : 1]<UL><LI> guicc_0.o(.constdata)
</UL>
<P><STRONG><a name="[4a9]"></a>_Convert16</STRONG> (Thumb, 62 bytes, Stack size 40 bytes, guidev_writetoactiveopaque.o(i._Convert16))
<BR><BR>[Stack]<UL><LI>Max Depth = 48<LI>Call Chain = _Convert16 &rArr; GUI__CompactPixelIndices
</UL>
<BR>[Calls]<UL><LI><a href="#[4aa]">&gt;&gt;</a>&nbsp;&nbsp;&nbsp;GUI__CompactPixelIndices
</UL>
<BR>[Called By]<UL><LI><a href="#[45e]">&gt;&gt;</a>&nbsp;&nbsp;&nbsp;_WriteToActiveOpaque_8
</UL>

<P><STRONG><a name="[4ab]"></a>_Convert8</STRONG> (Thumb, 62 bytes, Stack size 40 bytes, guidev_writetoactiveopaque.o(i._Convert8))
<BR><BR>[Stack]<UL><LI>Max Depth = 48<LI>Call Chain = _Convert8 &rArr; GUI__CompactPixelIndices
</UL>
<BR>[Calls]<UL><LI><a href="#[4aa]">&gt;&gt;</a>&nbsp;&nbsp;&nbsp;GUI__CompactPixelIndices
</UL>
<BR>[Called By]<UL><LI><a href="#[45e]">&gt;&gt;</a>&nbsp;&nbsp;&nbsp;_WriteToActiveOpaque_8
</UL>

<P><STRONG><a name="[45e]"></a>_WriteToActiveOpaque_8</STRONG> (Thumb, 824 bytes, Stack size 168 bytes, guidev_writetoactiveopaque.o(i._WriteToActiveOpaque_8))
<BR><BR>[Stack]<UL><LI>Max Depth = 296<LI>Call Chain = _WriteToActiveOpaque_8 &rArr; GUI_ALLOC_AllocNoInit &rArr; _Alloc &rArr; _InitOnce &rArr; _EnlargeBlocks &rArr;  _Alloc (Cycle)
</UL>
<BR>[Calls]<UL><LI><a href="#[4c2]">&gt;&gt;</a>&nbsp;&nbsp;&nbsp;GUI_GetpfIndex2ColorEx
<LI><a href="#[4c3]">&gt;&gt;</a>&nbsp;&nbsp;&nbsp;GUI_GetpfColor2IndexEx
<LI><a href="#[4c1]">&gt;&gt;</a>&nbsp;&nbsp;&nbsp;GUI_GetBitsPerPixelEx
<LI><a href="#[417]">&gt;&gt;</a>&nbsp;&nbsp;&nbsp;LCD_DrawBitmap
<LI><a href="#[427]">&gt;&gt;</a>&nbsp;&nbsp;&nbsp;GUI_ALLOC_UnlockH
<LI><a href="#[426]">&gt;&gt;</a>&nbsp;&nbsp;&nbsp;GUI_ALLOC_LockH
<LI><a href="#[428]">&gt;&gt;</a>&nbsp;&nbsp;&nbsp;GUI_ALLOC_Free
<LI><a href="#[423]">&gt;&gt;</a>&nbsp;&nbsp;&nbsp;GUI_ALLOC_AllocNoInit
<LI><a href="#[481]">&gt;&gt;</a>&nbsp;&nbsp;&nbsp;LCD__DrawBitmap_1bpp
<LI><a href="#[4ab]">&gt;&gt;</a>&nbsp;&nbsp;&nbsp;_Convert8
<LI><a href="#[4a9]">&gt;&gt;</a>&nbsp;&nbsp;&nbsp;_Convert16
<LI><a href="#[45d]">&gt;&gt;</a>&nbsp;&nbsp;&nbsp;GUI_MEMDEV_GetDataPtr
</UL>
<BR>[Called By]<UL><LI><a href="#[5c]">&gt;&gt;</a>&nbsp;&nbsp;&nbsp;GUI_MEMDEV__WriteToActiveOpaque
</UL>

<P><STRONG><a name="[45f]"></a>_WriteToActiveOpaque_HT</STRONG> (Thumb, 826 bytes, Stack size 144 bytes, guidev_writetoactiveopaque.o(i._WriteToActiveOpaque_HT))
<BR><BR>[Stack]<UL><LI>Max Depth = 272<LI>Call Chain = _WriteToActiveOpaque_HT &rArr; GUI_ALLOC_AllocNoInit &rArr; _Alloc &rArr; _InitOnce &rArr; _EnlargeBlocks &rArr;  _Alloc (Cycle)
</UL>
<BR>[Calls]<UL><LI><a href="#[4c1]">&gt;&gt;</a>&nbsp;&nbsp;&nbsp;GUI_GetBitsPerPixelEx
<LI><a href="#[417]">&gt;&gt;</a>&nbsp;&nbsp;&nbsp;LCD_DrawBitmap
<LI><a href="#[427]">&gt;&gt;</a>&nbsp;&nbsp;&nbsp;GUI_ALLOC_UnlockH
<LI><a href="#[426]">&gt;&gt;</a>&nbsp;&nbsp;&nbsp;GUI_ALLOC_LockH
<LI><a href="#[428]">&gt;&gt;</a>&nbsp;&nbsp;&nbsp;GUI_ALLOC_Free
<LI><a href="#[423]">&gt;&gt;</a>&nbsp;&nbsp;&nbsp;GUI_ALLOC_AllocNoInit
</UL>
<BR>[Called By]<UL><LI><a href="#[5c]">&gt;&gt;</a>&nbsp;&nbsp;&nbsp;GUI_MEMDEV__WriteToActiveOpaque
</UL>

<P><STRONG><a name="[4e4]"></a>_dadd1</STRONG> (Thumb, 0 bytes, Stack size unknown bytes, daddsub_clz.o(x$fpl$dadd), UNUSED)
<BR><BR>[Called By]<UL><LI><a href="#[4e5]">&gt;&gt;</a>&nbsp;&nbsp;&nbsp;_dsub
<LI><a href="#[4e3]">&gt;&gt;</a>&nbsp;&nbsp;&nbsp;_drsb
</UL>

<P><STRONG><a name="[4d6]"></a>_dsub1</STRONG> (Thumb, 0 bytes, Stack size unknown bytes, daddsub_clz.o(x$fpl$dsub), UNUSED)
<BR><BR>[Called By]<UL><LI><a href="#[4e3]">&gt;&gt;</a>&nbsp;&nbsp;&nbsp;_drsb
<LI><a href="#[4d5]">&gt;&gt;</a>&nbsp;&nbsp;&nbsp;_dadd
</UL>

<P><STRONG><a name="[4f3]"></a>_fadd1</STRONG> (Thumb, 0 bytes, Stack size unknown bytes, faddsub_clz.o(x$fpl$fadd), UNUSED)
<BR><BR>[Called By]<UL><LI><a href="#[4f2]">&gt;&gt;</a>&nbsp;&nbsp;&nbsp;_fsub
</UL>

<P><STRONG><a name="[4e9]"></a>_fsub1</STRONG> (Thumb, 0 bytes, Stack size unknown bytes, faddsub_clz.o(x$fpl$fsub), UNUSED)
<BR><BR>[Called By]<UL><LI><a href="#[4e8]">&gt;&gt;</a>&nbsp;&nbsp;&nbsp;_fadd
</UL>

<P><STRONG><a name="[3d7]"></a>_fp_digits</STRONG> (Thumb, 432 bytes, Stack size 96 bytes, _printf_fp_dec.o(.text))
<BR><BR>[Stack]<UL><LI>Max Depth = 220<LI>Call Chain = _fp_digits &rArr; _btod_etento &rArr; _btod_emul &rArr; _e2e
</UL>
<BR>[Calls]<UL><LI><a href="#[3db]">&gt;&gt;</a>&nbsp;&nbsp;&nbsp;_btod_emul
<LI><a href="#[3da]">&gt;&gt;</a>&nbsp;&nbsp;&nbsp;_btod_ediv
<LI><a href="#[3d9]">&gt;&gt;</a>&nbsp;&nbsp;&nbsp;_btod_d2e
<LI><a href="#[3d8]">&gt;&gt;</a>&nbsp;&nbsp;&nbsp;_btod_etento
<LI><a href="#[3dc]">&gt;&gt;</a>&nbsp;&nbsp;&nbsp;_ll_udiv10
</UL>
<BR>[Called By]<UL><LI><a href="#[3dd]">&gt;&gt;</a>&nbsp;&nbsp;&nbsp;_printf_fp_dec_real
</UL>

<P><STRONG><a name="[41]"></a>_printf_input_char</STRONG> (Thumb, 10 bytes, Stack size 0 bytes, _printf_char_common.o(.text))
<BR>[Address Reference Count : 1]<UL><LI> _printf_char_common.o(.text)
</UL>
<P><STRONG><a name="[3e3]"></a>_local_sscanf</STRONG> (Thumb, 60 bytes, Stack size 56 bytes, strtod.o(.text))
<BR><BR>[Stack]<UL><LI>Max Depth = 396<LI>Call Chain = _local_sscanf &rArr; _scanf_real &rArr; _scanf_really_real &rArr; _fp_value &rArr; _btod_etento &rArr; _btod_emul &rArr; _e2e
</UL>
<BR>[Calls]<UL><LI><a href="#[3e4]">&gt;&gt;</a>&nbsp;&nbsp;&nbsp;_scanf_real
</UL>
<BR>[Called By]<UL><LI><a href="#[3e5]">&gt;&gt;</a>&nbsp;&nbsp;&nbsp;__strtod_int
</UL>

<P><STRONG><a name="[3ee]"></a>_fp_value</STRONG> (Thumb, 588 bytes, Stack size 96 bytes, scanf_fp.o(.text))
<BR><BR>[Stack]<UL><LI>Max Depth = 220<LI>Call Chain = _fp_value &rArr; _btod_etento &rArr; _btod_emul &rArr; _e2e
</UL>
<BR>[Calls]<UL><LI><a href="#[3cc]">&gt;&gt;</a>&nbsp;&nbsp;&nbsp;__aeabi_errno_addr
<LI><a href="#[1]">&gt;&gt;</a>&nbsp;&nbsp;&nbsp;__ieee_status
<LI><a href="#[3ef]">&gt;&gt;</a>&nbsp;&nbsp;&nbsp;_btod_emuld
<LI><a href="#[3f0]">&gt;&gt;</a>&nbsp;&nbsp;&nbsp;_btod_edivd
<LI><a href="#[3d8]">&gt;&gt;</a>&nbsp;&nbsp;&nbsp;_btod_etento
</UL>
<BR>[Called By]<UL><LI><a href="#[3f1]">&gt;&gt;</a>&nbsp;&nbsp;&nbsp;_scanf_really_real
</UL>
<P>
<H3>
Undefined Global Symbols
</H3><HR></body></html>
