<!doctype html public "-//w3c//dtd html 4.0 transitional//en">
<html><head>
<title>Static Call Graph - [.\Output\project.axf]</title></head>
<body><HR>
<H1>Static Call Graph for image .\Output\project.axf</H1><HR>
<BR><P>#&#060CALLGRAPH&#062# ARM Linker, 5060750: Last Updated: Tue Nov 02 16:54:20 2021
<BR><P>
<H3>Maximum Stack Usage =        524 bytes + Unknown(Functions without stacksize, Cycles, Untraceable Function Pointers)</H3><H3>
Call chain for Maximum Stack Depth:</H3>
__rt_entry_main &rArr; main &rArr; Setup_config_Process &rArr; atof &rArr; __strtod_int &rArr; _local_sscanf &rArr; _scanf_real &rArr; _scanf_really_real &rArr; _fp_value &rArr; _btod_etento &rArr; _btod_emul &rArr; _e2e
<P>
<H3>
Functions with no stack information
</H3><UL>
 <LI><a href="#[31a]">__user_initial_stackheap</a>
</UL>
</UL>
<P>
<H3>
Mutually Recursive functions
</H3> <LI><a href="#[9]">NMI_Handler</a>&nbsp;&nbsp;&nbsp;&rArr;&nbsp;&nbsp;&nbsp;<a href="#[9]">NMI_Handler</a><BR>
 <LI><a href="#[a]">HardFault_Handler</a>&nbsp;&nbsp;&nbsp;&rArr;&nbsp;&nbsp;&nbsp;<a href="#[a]">HardFault_Handler</a><BR>
 <LI><a href="#[b]">MemManage_Handler</a>&nbsp;&nbsp;&nbsp;&rArr;&nbsp;&nbsp;&nbsp;<a href="#[b]">MemManage_Handler</a><BR>
 <LI><a href="#[c]">BusFault_Handler</a>&nbsp;&nbsp;&nbsp;&rArr;&nbsp;&nbsp;&nbsp;<a href="#[c]">BusFault_Handler</a><BR>
 <LI><a href="#[d]">UsageFault_Handler</a>&nbsp;&nbsp;&nbsp;&rArr;&nbsp;&nbsp;&nbsp;<a href="#[d]">UsageFault_Handler</a><BR>
 <LI><a href="#[e]">SVC_Handler</a>&nbsp;&nbsp;&nbsp;&rArr;&nbsp;&nbsp;&nbsp;<a href="#[e]">SVC_Handler</a><BR>
 <LI><a href="#[f]">DebugMon_Handler</a>&nbsp;&nbsp;&nbsp;&rArr;&nbsp;&nbsp;&nbsp;<a href="#[f]">DebugMon_Handler</a><BR>
 <LI><a href="#[10]">PendSV_Handler</a>&nbsp;&nbsp;&nbsp;&rArr;&nbsp;&nbsp;&nbsp;<a href="#[10]">PendSV_Handler</a><BR>
 <LI><a href="#[28]">ADC_IRQHandler</a>&nbsp;&nbsp;&nbsp;&rArr;&nbsp;&nbsp;&nbsp;<a href="#[28]">ADC_IRQHandler</a><BR>
 <LI><a href="#[3e6]">_EnlargeBlocks</a>&nbsp;&nbsp;&nbsp;&rArr;&nbsp;&nbsp;&nbsp;<a href="#[353]">_Alloc</a><BR>
 <LI><a href="#[3ca]">WM__SendMessage</a>&nbsp;&nbsp;&nbsp;&rArr;&nbsp;&nbsp;&nbsp;<a href="#[3bb]">WM_DefaultProc</a><BR>
 <LI><a href="#[3d3]">WM__InvalidateRect</a>&nbsp;&nbsp;&nbsp;&rArr;&nbsp;&nbsp;&nbsp;<a href="#[3d3]">WM__InvalidateRect</a><BR>
 <LI><a href="#[3c7]">WM_InvalidateWindowAndDescsEx</a>&nbsp;&nbsp;&nbsp;&rArr;&nbsp;&nbsp;&nbsp;<a href="#[3c7]">WM_InvalidateWindowAndDescsEx</a><BR>
 <LI><a href="#[3c2]">WM__InvalidateDrawAndDescs</a>&nbsp;&nbsp;&nbsp;&rArr;&nbsp;&nbsp;&nbsp;<a href="#[3c2]">WM__InvalidateDrawAndDescs</a><BR>
 <LI><a href="#[3e9]">_Findy1</a>&nbsp;&nbsp;&nbsp;&rArr;&nbsp;&nbsp;&nbsp;<a href="#[3e9]">_Findy1</a><BR>
 <LI><a href="#[3eb]">_Findx1</a>&nbsp;&nbsp;&nbsp;&rArr;&nbsp;&nbsp;&nbsp;<a href="#[3eb]">_Findx1</a><BR>
 <LI><a href="#[3ea]">_Findx0</a>&nbsp;&nbsp;&nbsp;&rArr;&nbsp;&nbsp;&nbsp;<a href="#[3ea]">_Findx0</a><BR>
</UL>
<P>
<H3>
Function Pointers
</H3><UL>
 <LI><a href="#[28]">ADC_IRQHandler</a> from startup_lpc177x_8x.o(.text) referenced from startup_lpc177x_8x.o(RESET)
 <LI><a href="#[29]">BOD_IRQHandler</a> from startup_lpc177x_8x.o(.text) referenced from startup_lpc177x_8x.o(RESET)
 <LI><a href="#[c]">BusFault_Handler</a> from startup_lpc177x_8x.o(.text) referenced from startup_lpc177x_8x.o(RESET)
 <LI><a href="#[34]">CANActivity_IRQHandler</a> from startup_lpc177x_8x.o(.text) referenced from startup_lpc177x_8x.o(RESET)
 <LI><a href="#[2b]">CAN_IRQHandler</a> from startup_lpc177x_8x.o(.text) referenced from startup_lpc177x_8x.o(RESET)
 <LI><a href="#[2c]">DMA_IRQHandler</a> from startup_lpc177x_8x.o(.text) referenced from startup_lpc177x_8x.o(RESET)
 <LI><a href="#[f]">DebugMon_Handler</a> from startup_lpc177x_8x.o(.text) referenced from startup_lpc177x_8x.o(RESET)
 <LI><a href="#[3a]">EEPROM_IRQHandler</a> from startup_lpc177x_8x.o(.text) referenced from startup_lpc177x_8x.o(RESET)
 <LI><a href="#[24]">EINT0_IRQHandler</a> from startup_lpc177x_8x.o(.text) referenced from startup_lpc177x_8x.o(RESET)
 <LI><a href="#[25]">EINT1_IRQHandler</a> from startup_lpc177x_8x.o(.text) referenced from startup_lpc177x_8x.o(RESET)
 <LI><a href="#[26]">EINT2_IRQHandler</a> from startup_lpc177x_8x.o(.text) referenced from startup_lpc177x_8x.o(RESET)
 <LI><a href="#[27]">EINT3_IRQHandler</a> from startup_lpc177x_8x.o(.text) referenced from startup_lpc177x_8x.o(RESET)
 <LI><a href="#[2e]">ENET_IRQHandler</a> from startup_lpc177x_8x.o(.text) referenced from startup_lpc177x_8x.o(RESET)
 <LI><a href="#[38]">GPIO_IRQHandler</a> from main.o(.text) referenced from startup_lpc177x_8x.o(RESET)
 <LI><a href="#[6a]">GUIMONO_DispChar</a> from gui_charm.o(i.GUIMONO_DispChar) referenced from f6x8.o(.constdata)
 <LI><a href="#[6b]">GUIMONO_GetCharDistX</a> from gui_charm.o(i.GUIMONO_GetCharDistX) referenced from f6x8.o(.constdata)
 <LI><a href="#[6c]">GUIMONO_GetFontInfo</a> from gui_charm.o(i.GUIMONO_GetFontInfo) referenced from f6x8.o(.constdata)
 <LI><a href="#[6d]">GUIMONO_IsInFont</a> from gui_charm.o(i.GUIMONO_IsInFont) referenced from f6x8.o(.constdata)
 <LI><a href="#[5c]">GUIPROP_DispChar</a> from gui_charp.o(i.GUIPROP_DispChar) referenced 6 times from gui_fontxbffon16.o(.constdata)
 <LI><a href="#[5d]">GUIPROP_GetCharDistX</a> from gui_charp.o(i.GUIPROP_GetCharDistX) referenced 6 times from gui_fontxbffon16.o(.constdata)
 <LI><a href="#[5e]">GUIPROP_GetFontInfo</a> from gui_charp.o(i.GUIPROP_GetFontInfo) referenced 6 times from gui_fontxbffon16.o(.constdata)
 <LI><a href="#[5f]">GUIPROP_IsInFont</a> from gui_charp.o(i.GUIPROP_IsInFont) referenced 6 times from gui_fontxbffon16.o(.constdata)
 <LI><a href="#[5a]">GUI_MEMDEV__WriteToActiveOpaque</a> from guidev_writetoactiveopaque.o(i.GUI_MEMDEV__WriteToActiveOpaque) referenced from guidev_16.o(i._GetDevFunc)
 <LI><a href="#[7]">GUI_X_ExecIdle</a> from gui_x.o(.text) referenced 2 times from gui_waitevent.o(.data)
 <LI><a href="#[a]">HardFault_Handler</a> from startup_lpc177x_8x.o(.text) referenced from startup_lpc177x_8x.o(RESET)
 <LI><a href="#[1c]">I2C0_IRQHandler</a> from startup_lpc177x_8x.o(.text) referenced from startup_lpc177x_8x.o(RESET)
 <LI><a href="#[1d]">I2C1_IRQHandler</a> from startup_lpc177x_8x.o(.text) referenced from startup_lpc177x_8x.o(RESET)
 <LI><a href="#[1e]">I2C2_IRQHandler</a> from startup_lpc177x_8x.o(.text) referenced from startup_lpc177x_8x.o(RESET)
 <LI><a href="#[2d]">I2S_IRQHandler</a> from startup_lpc177x_8x.o(.text) referenced from startup_lpc177x_8x.o(RESET)
 <LI><a href="#[44]">LCD_DrawHLine</a> from lcd.o(i.LCD_DrawHLine) referenced from gui_core.o(.constdata)
 <LI><a href="#[44]">LCD_DrawHLine</a> from lcd.o(i.LCD_DrawHLine) referenced from gui_drawgradientrounded.o(i.GUI_DrawGradientRoundedV)
 <LI><a href="#[60]">LCD_DrawPixel</a> from lcd.o(i.LCD_DrawPixel) referenced from gui_core.o(.constdata)
 <LI><a href="#[5]">LCD_GetpPalConvTableBM</a> from lcd_color.o(i.LCD_GetpPalConvTableBM) referenced 2 times from gui_core.o(.data)
 <LI><a href="#[37]">LCD_IRQHandler</a> from startup_lpc177x_8x.o(.text) referenced from startup_lpc177x_8x.o(RESET)
 <LI><a href="#[66]">LCD_Index2Color_565</a> from guicc_565.o(i.LCD_Index2Color_565) referenced from guicc_565.o(.constdata)
 <LI><a href="#[2f]">MCI_IRQHandler</a> from startup_lpc177x_8x.o(.text) referenced from startup_lpc177x_8x.o(RESET)
 <LI><a href="#[30]">MCPWM_IRQHandler</a> from startup_lpc177x_8x.o(.text) referenced from startup_lpc177x_8x.o(RESET)
 <LI><a href="#[b]">MemManage_Handler</a> from startup_lpc177x_8x.o(.text) referenced from startup_lpc177x_8x.o(RESET)
 <LI><a href="#[9]">NMI_Handler</a> from startup_lpc177x_8x.o(.text) referenced from startup_lpc177x_8x.o(RESET)
 <LI><a href="#[22]">PLL0_IRQHandler</a> from startup_lpc177x_8x.o(.text) referenced from startup_lpc177x_8x.o(RESET)
 <LI><a href="#[32]">PLL1_IRQHandler</a> from startup_lpc177x_8x.o(.text) referenced from startup_lpc177x_8x.o(RESET)
 <LI><a href="#[39]">PWM0_IRQHandler</a> from startup_lpc177x_8x.o(.text) referenced from startup_lpc177x_8x.o(RESET)
 <LI><a href="#[1b]">PWM1_IRQHandler</a> from startup_lpc177x_8x.o(.text) referenced from startup_lpc177x_8x.o(RESET)
 <LI><a href="#[10]">PendSV_Handler</a> from startup_lpc177x_8x.o(.text) referenced from startup_lpc177x_8x.o(RESET)
 <LI><a href="#[31]">QEI_IRQHandler</a> from startup_lpc177x_8x.o(.text) referenced from startup_lpc177x_8x.o(RESET)
 <LI><a href="#[23]">RTC_IRQHandler</a> from startup_lpc177x_8x.o(.text) referenced from startup_lpc177x_8x.o(RESET)
 <LI><a href="#[8]">Reset_Handler</a> from startup_lpc177x_8x.o(.text) referenced from startup_lpc177x_8x.o(RESET)
 <LI><a href="#[1f]">SPIFI_IRQHandler</a> from startup_lpc177x_8x.o(.text) referenced from startup_lpc177x_8x.o(RESET)
 <LI><a href="#[20]">SSP0_IRQHandler</a> from startup_lpc177x_8x.o(.text) referenced from startup_lpc177x_8x.o(RESET)
 <LI><a href="#[21]">SSP1_IRQHandler</a> from startup_lpc177x_8x.o(.text) referenced from startup_lpc177x_8x.o(RESET)
 <LI><a href="#[36]">SSP2_IRQHandler</a> from startup_lpc177x_8x.o(.text) referenced from startup_lpc177x_8x.o(RESET)
 <LI><a href="#[e]">SVC_Handler</a> from startup_lpc177x_8x.o(.text) referenced from startup_lpc177x_8x.o(RESET)
 <LI><a href="#[11]">SysTick_Handler</a> from key.o(.text) referenced from startup_lpc177x_8x.o(RESET)
 <LI><a href="#[3b]">SystemInit</a> from system_lpc177x_8x.o(.text) referenced from startup_lpc177x_8x.o(.text)
 <LI><a href="#[13]">TIMER0_IRQHandler</a> from timer.o(.text) referenced from startup_lpc177x_8x.o(RESET)
 <LI><a href="#[14]">TIMER1_IRQHandler</a> from timer.o(.text) referenced from startup_lpc177x_8x.o(RESET)
 <LI><a href="#[15]">TIMER2_IRQHandler</a> from timer.o(.text) referenced from startup_lpc177x_8x.o(RESET)
 <LI><a href="#[16]">TIMER3_IRQHandler</a> from timer.o(.text) referenced from startup_lpc177x_8x.o(RESET)
 <LI><a href="#[17]">UART0_IRQHandler</a> from debug_frmwrk.o(.text) referenced from startup_lpc177x_8x.o(RESET)
 <LI><a href="#[18]">UART1_IRQHandler</a> from startup_lpc177x_8x.o(.text) referenced from startup_lpc177x_8x.o(RESET)
 <LI><a href="#[19]">UART2_IRQHandler</a> from startup_lpc177x_8x.o(.text) referenced from startup_lpc177x_8x.o(RESET)
 <LI><a href="#[1a]">UART3_IRQHandler</a> from startup_lpc177x_8x.o(.text) referenced from startup_lpc177x_8x.o(RESET)
 <LI><a href="#[35]">UART4_IRQHandler</a> from startup_lpc177x_8x.o(.text) referenced from startup_lpc177x_8x.o(RESET)
 <LI><a href="#[253]">UARTGetChar</a> from debug_frmwrk.o(.text) referenced from debug_frmwrk.o(.text)
 <LI><a href="#[255]">UARTGetValue</a> from debug_frmwrk.o(.text) referenced from debug_frmwrk.o(.text)
 <LI><a href="#[15c]">UARTPutChar</a> from debug_frmwrk.o(.text) referenced from debug_frmwrk.o(.text)
 <LI><a href="#[257]">UARTPutDec</a> from debug_frmwrk.o(.text) referenced from debug_frmwrk.o(.text)
 <LI><a href="#[258]">UARTPutDec16</a> from debug_frmwrk.o(.text) referenced from debug_frmwrk.o(.text)
 <LI><a href="#[259]">UARTPutDec32</a> from debug_frmwrk.o(.text) referenced from debug_frmwrk.o(.text)
 <LI><a href="#[25b]">UARTPutHex</a> from debug_frmwrk.o(.text) referenced from debug_frmwrk.o(.text)
 <LI><a href="#[25d]">UARTPutHex16</a> from debug_frmwrk.o(.text) referenced from debug_frmwrk.o(.text)
 <LI><a href="#[25c]">UARTPutHex16_</a> from debug_frmwrk.o(.text) referenced from debug_frmwrk.o(.text)
 <LI><a href="#[25f]">UARTPutHex32</a> from debug_frmwrk.o(.text) referenced from debug_frmwrk.o(.text)
 <LI><a href="#[25e]">UARTPutHex32_</a> from debug_frmwrk.o(.text) referenced from debug_frmwrk.o(.text)
 <LI><a href="#[25a]">UARTPutHex_</a> from debug_frmwrk.o(.text) referenced from debug_frmwrk.o(.text)
 <LI><a href="#[254]">UARTPuts</a> from debug_frmwrk.o(.text) referenced from debug_frmwrk.o(.text)
 <LI><a href="#[256]">UARTPuts_</a> from debug_frmwrk.o(.text) referenced from debug_frmwrk.o(.text)
 <LI><a href="#[33]">USBActivity_IRQHandler</a> from startup_lpc177x_8x.o(.text) referenced from startup_lpc177x_8x.o(RESET)
 <LI><a href="#[2a]">USB_IRQHandler</a> from usbhost_lpc17xx.o(.text) referenced from startup_lpc177x_8x.o(RESET)
 <LI><a href="#[d]">UsageFault_Handler</a> from startup_lpc177x_8x.o(.text) referenced from startup_lpc177x_8x.o(RESET)
 <LI><a href="#[12]">WDT_IRQHandler</a> from startup_lpc177x_8x.o(.text) referenced from startup_lpc177x_8x.o(RESET)
 <LI><a href="#[63]">_CalcSizeOfChar</a> from gui_uc_encodeutf8.o(i._CalcSizeOfChar) referenced 2 times from gui_uc_encodeutf8.o(.constdata)
 <LI><a href="#[68]">_Color2IndexBulk</a> from guicc_565.o(i._Color2IndexBulk) referenced from guicc_565.o(.constdata)
 <LI><a href="#[8d]">_Color2Index_0</a> from guicc_0.o(i._Color2Index_0) referenced from guicc_0.o(.constdata)
 <LI><a href="#[65]">_Color2Index_565</a> from guicc_565.o(i._Color2Index_565) referenced from guicc_565.o(.constdata)
 <LI><a href="#[56]">_CopyBuffer</a> from guidrv_lin_16.o(i._CopyBuffer) referenced from guidrv_lin_16.o(i._GetDevFunc)
 <LI><a href="#[6e]">_DrawBitmap</a> from guidrv_lin_16.o(i._DrawBitmap) referenced 2 times from guidrv_lin_16.o(.constdata)
 <LI><a href="#[6f]">_DrawHLine</a> from guidrv_lin_16.o(i._DrawHLine) referenced 2 times from guidrv_lin_16.o(.constdata)
 <LI><a href="#[70]">_DrawVLine</a> from guidrv_lin_16.o(i._DrawVLine) referenced 2 times from guidrv_lin_16.o(.constdata)
 <LI><a href="#[64]">_Encode</a> from gui_uc_encodeutf8.o(i._Encode) referenced 2 times from gui_uc_encodeutf8.o(.constdata)
 <LI><a href="#[71]">_FillRect</a> from guidrv_lin_16.o(i._FillRect) referenced 2 times from guidrv_lin_16.o(.constdata)
 <LI><a href="#[61]">_GetCharCode</a> from gui_uc_encodeutf8.o(i._GetCharCode) referenced 2 times from gui_uc_encodeutf8.o(.constdata)
 <LI><a href="#[62]">_GetCharSize</a> from gui_uc_encodeutf8.o(i._GetCharSize) referenced 2 times from gui_uc_encodeutf8.o(.constdata)
 <LI><a href="#[78]">_GetDevData</a> from guidrv_lin_16.o(i._GetDevData) referenced 2 times from guidrv_lin_16.o(.constdata)
 <LI><a href="#[76]">_GetDevFunc</a> from guidrv_lin_16.o(i._GetDevFunc) referenced 2 times from guidrv_lin_16.o(.constdata)
 <LI><a href="#[77]">_GetDevProp</a> from guidrv_lin_16.o(i._GetDevProp) referenced 2 times from guidrv_lin_16.o(.constdata)
 <LI><a href="#[8f]">_GetIndexMask_0</a> from guicc_0.o(i._GetIndexMask_0) referenced from guicc_0.o(.constdata)
 <LI><a href="#[67]">_GetIndexMask_565</a> from guicc_565.o(i._GetIndexMask_565) referenced from guicc_565.o(.constdata)
 <LI><a href="#[72]">_GetPixelIndex</a> from guidrv_lin_16.o(i._GetPixelIndex) referenced 2 times from guidrv_lin_16.o(.constdata)
 <LI><a href="#[4d]">_GetPos</a> from guidrv_lin_16.o(i._GetPos) referenced from guidrv_lin_16.o(i._GetDevFunc)
 <LI><a href="#[79]">_GetRect</a> from guidrv_lin_16.o(i._GetRect) referenced 2 times from guidrv_lin_16.o(.constdata)
 <LI><a href="#[69]">_Index2ColorBulk</a> from guicc_565.o(i._Index2ColorBulk) referenced from guicc_565.o(.constdata)
 <LI><a href="#[8e]">_Index2Color_0</a> from guicc_0.o(i._Index2Color_0) referenced from guicc_0.o(.constdata)
 <LI><a href="#[50]">_Init</a> from guidrv_lin_16.o(i._Init) referenced from guidrv_lin_16.o(i._GetDevFunc)
 <LI><a href="#[6]">_Log2VisBuffered</a> from gui_charline.o(i._Log2VisBuffered) referenced 2 times from gui_charline.o(.data)
 <LI><a href="#[52]">_Off</a> from guidrv_lin_16.o(i._Off) referenced from guidrv_lin_16.o(i._GetDevFunc)
 <LI><a href="#[51]">_On</a> from guidrv_lin_16.o(i._On) referenced from guidrv_lin_16.o(i._GetDevFunc)
 <LI><a href="#[43]">_OnExit</a> from gui_task.o(i._OnExit) referenced from gui_task.o(i.GUITASK_Init)
 <LI><a href="#[45]">_OnExit</a> from gui_core.o(i._OnExit) referenced from gui_core.o(i.GUI__Config)
 <LI><a href="#[46]">_OnExit</a> from lcd_color.o(i._OnExit) referenced from lcd_color.o(i.LCD_InitColors)
 <LI><a href="#[48]">_OnExit</a> from wm.o(i._OnExit) referenced from wm.o(i.WM_Init)
 <LI><a href="#[5b]">_OnExit</a> from gui_alloc.o(i._OnExit) referenced from gui_alloc.o(i._InitOnce)
 <LI><a href="#[59]">_ReadRect</a> from guidrv_lin_16.o(i._ReadRect) referenced from guidrv_lin_16.o(i._GetDevFunc)
 <LI><a href="#[4e]">_SetAlpha</a> from guidrv_lin_16.o(i._SetAlpha) referenced from guidrv_lin_16.o(i._GetDevFunc)
 <LI><a href="#[53]">_SetAlphaMode</a> from guidrv_lin_16.o(i._SetAlphaMode) referenced from guidrv_lin_16.o(i._GetDevFunc)
 <LI><a href="#[7f]">_SetBkColor</a> from lcd.o(i._SetBkColor) referenced from lcd.o(.constdata)
 <LI><a href="#[55]">_SetChroma</a> from guidrv_lin_16.o(i._SetChroma) referenced from guidrv_lin_16.o(i._GetDevFunc)
 <LI><a href="#[54]">_SetChromaMode</a> from guidrv_lin_16.o(i._SetChromaMode) referenced from guidrv_lin_16.o(i._GetDevFunc)
 <LI><a href="#[7e]">_SetColor</a> from lcd.o(i._SetColor) referenced from lcd.o(.constdata)
 <LI><a href="#[58]">_SetDevFunc</a> from guidrv_lin_16.o(i._SetDevFunc) referenced from guidrv_lin_16.o(i._GetDevFunc)
 <LI><a href="#[80]">_SetDrawMode</a> from lcd.o(i._SetDrawMode) referenced from lcd.o(.constdata)
 <LI><a href="#[75]">_SetOrg</a> from guidrv_lin_16.o(i._SetOrg) referenced 2 times from guidrv_lin_16.o(.constdata)
 <LI><a href="#[73]">_SetPixelIndex</a> from guidrv_lin_16.o(i._SetPixelIndex) referenced 2 times from guidrv_lin_16.o(.constdata)
 <LI><a href="#[4c]">_SetPos</a> from guidrv_lin_16.o(i._SetPos) referenced from guidrv_lin_16.o(i._GetDevFunc)
 <LI><a href="#[4b]">_SetSize</a> from guidrv_lin_16.o(i._SetSize) referenced from guidrv_lin_16.o(i._GetDevFunc)
 <LI><a href="#[49]">_SetVRAMAddr</a> from guidrv_lin_16.o(i._SetVRAMAddr) referenced from guidrv_lin_16.o(i._GetDevFunc)
 <LI><a href="#[4a]">_SetVSize</a> from guidrv_lin_16.o(i._SetVSize) referenced from guidrv_lin_16.o(i._GetDevFunc)
 <LI><a href="#[4f]">_SetVis</a> from guidrv_lin_16.o(i._SetVis) referenced from guidrv_lin_16.o(i._GetDevFunc)
 <LI><a href="#[57]">_ShowBuffer</a> from guidrv_lin_16.o(i._ShowBuffer) referenced from guidrv_lin_16.o(i._GetDevFunc)
 <LI><a href="#[74]">_XorPixel</a> from guidrv_lin_16.o(i._XorPixel) referenced 2 times from guidrv_lin_16.o(.constdata)
 <LI><a href="#[90]">__main</a> from __main.o(!!!main) referenced from startup_lpc177x_8x.o(.text)
 <LI><a href="#[47]">_cbBackWin</a> from wm.o(i._cbBackWin) referenced from wm.o(i.WM_Init)
 <LI><a href="#[42]">_get_lc_ctype</a> from lc_ctype_c.o(locale$$code) referenced from rt_ctype_table.o(.text)
 <LI><a href="#[3e]">_printf_input_char</a> from _printf_char_common.o(.text) referenced from _printf_char_common.o(.text)
 <LI><a href="#[40]">_sbackspace</a> from _sgetc.o(.text) referenced from strtod.o(.text)
 <LI><a href="#[3f]">_sgetc</a> from _sgetc.o(.text) referenced from strtod.o(.text)
 <LI><a href="#[3d]">_sputc</a> from _sputc.o(.text) referenced 2 times from c89vsprintf.o(.text)
 <LI><a href="#[41]">isspace</a> from isspace.o(.text) referenced from strtod.o(.text)
</UL>
<P>
<H3>
Global Symbols
</H3>
<P><STRONG><a name="[90]"></a>__main</STRONG> (Thumb, 8 bytes, Stack size 0 bytes, __main.o(!!!main))
<BR><BR>[Calls]<UL><LI><a href="#[92]">&gt;&gt;</a>&nbsp;&nbsp;&nbsp;__rt_entry
<LI><a href="#[91]">&gt;&gt;</a>&nbsp;&nbsp;&nbsp;__scatterload
</UL>

<P><STRONG><a name="[91]"></a>__scatterload</STRONG> (Thumb, 0 bytes, Stack size unknown bytes, __scatter.o(!!!scatter))
<BR><BR>[Called By]<UL><LI><a href="#[90]">&gt;&gt;</a>&nbsp;&nbsp;&nbsp;__main
</UL>

<P><STRONG><a name="[93]"></a>__scatterload_rt2</STRONG> (Thumb, 44 bytes, Stack size unknown bytes, __scatter.o(!!!scatter), UNUSED)
<BR><BR>[Calls]<UL><LI><a href="#[92]">&gt;&gt;</a>&nbsp;&nbsp;&nbsp;__rt_entry
</UL>

<P><STRONG><a name="[427]"></a>__scatterload_rt2_thumb_only</STRONG> (Thumb, 0 bytes, Stack size unknown bytes, __scatter.o(!!!scatter), UNUSED)

<P><STRONG><a name="[428]"></a>__scatterload_null</STRONG> (Thumb, 0 bytes, Stack size unknown bytes, __scatter.o(!!!scatter), UNUSED)

<P><STRONG><a name="[429]"></a>__decompress</STRONG> (Thumb, 90 bytes, Stack size unknown bytes, __dczerorl2.o(!!dczerorl2), UNUSED)

<P><STRONG><a name="[42a]"></a>__decompress1</STRONG> (Thumb, 0 bytes, Stack size unknown bytes, __dczerorl2.o(!!dczerorl2), UNUSED)

<P><STRONG><a name="[42b]"></a>__scatterload_zeroinit</STRONG> (Thumb, 28 bytes, Stack size unknown bytes, __scatter_zi.o(!!handler_zi), UNUSED)

<P><STRONG><a name="[94]"></a>_printf_n</STRONG> (Thumb, 0 bytes, Stack size unknown bytes, _printf_n.o(.ARM.Collect$$_printf_percent$$00000001))
<BR><BR>[Calls]<UL><LI><a href="#[95]">&gt;&gt;</a>&nbsp;&nbsp;&nbsp;_printf_charcount
</UL>

<P><STRONG><a name="[2fb]"></a>_printf_percent</STRONG> (Thumb, 0 bytes, Stack size unknown bytes, _printf_percent.o(.ARM.Collect$$_printf_percent$$00000000))
<BR><BR>[Called By]<UL><LI><a href="#[2f9]">&gt;&gt;</a>&nbsp;&nbsp;&nbsp;__printf
</UL>

<P><STRONG><a name="[96]"></a>_printf_p</STRONG> (Thumb, 0 bytes, Stack size unknown bytes, _printf_p.o(.ARM.Collect$$_printf_percent$$00000002))
<BR><BR>[Stack]<UL><LI>Max Depth = 64 + Unknown Stack Size
<LI>Call Chain = _printf_p &rArr; _printf_hex_ptr &rArr; _printf_longlong_hex &rArr; _printf_int_common &rArr; _printf_post_padding
</UL>
<BR>[Calls]<UL><LI><a href="#[97]">&gt;&gt;</a>&nbsp;&nbsp;&nbsp;_printf_hex_ptr
</UL>

<P><STRONG><a name="[98]"></a>_printf_f</STRONG> (Thumb, 0 bytes, Stack size unknown bytes, _printf_f.o(.ARM.Collect$$_printf_percent$$00000003))
<BR><BR>[Stack]<UL><LI>Max Depth = 324 + Unknown Stack Size
<LI>Call Chain = _printf_f &rArr; _printf_fp_dec &rArr; _printf_fp_dec_real &rArr; _fp_digits &rArr; _btod_etento &rArr; _btod_emul &rArr; _e2e
</UL>
<BR>[Calls]<UL><LI><a href="#[99]">&gt;&gt;</a>&nbsp;&nbsp;&nbsp;_printf_fp_dec
</UL>

<P><STRONG><a name="[9a]"></a>_printf_e</STRONG> (Thumb, 0 bytes, Stack size unknown bytes, _printf_e.o(.ARM.Collect$$_printf_percent$$00000004))
<BR><BR>[Stack]<UL><LI>Max Depth = 324 + Unknown Stack Size
<LI>Call Chain = _printf_e &rArr; _printf_fp_dec &rArr; _printf_fp_dec_real &rArr; _fp_digits &rArr; _btod_etento &rArr; _btod_emul &rArr; _e2e
</UL>
<BR>[Calls]<UL><LI><a href="#[99]">&gt;&gt;</a>&nbsp;&nbsp;&nbsp;_printf_fp_dec
</UL>

<P><STRONG><a name="[9b]"></a>_printf_g</STRONG> (Thumb, 0 bytes, Stack size unknown bytes, _printf_g.o(.ARM.Collect$$_printf_percent$$00000005))
<BR><BR>[Stack]<UL><LI>Max Depth = 324 + Unknown Stack Size
<LI>Call Chain = _printf_g &rArr; _printf_fp_dec &rArr; _printf_fp_dec_real &rArr; _fp_digits &rArr; _btod_etento &rArr; _btod_emul &rArr; _e2e
</UL>
<BR>[Calls]<UL><LI><a href="#[99]">&gt;&gt;</a>&nbsp;&nbsp;&nbsp;_printf_fp_dec
</UL>

<P><STRONG><a name="[42c]"></a>_printf_a</STRONG> (Thumb, 0 bytes, Stack size unknown bytes, _printf_a.o(.ARM.Collect$$_printf_percent$$00000006))

<P><STRONG><a name="[42d]"></a>_printf_ll</STRONG> (Thumb, 0 bytes, Stack size unknown bytes, _printf_ll.o(.ARM.Collect$$_printf_percent$$00000007))

<P><STRONG><a name="[9c]"></a>_printf_i</STRONG> (Thumb, 0 bytes, Stack size unknown bytes, _printf_i.o(.ARM.Collect$$_printf_percent$$00000008))
<BR><BR>[Stack]<UL><LI>Max Depth = 72 + Unknown Stack Size
<LI>Call Chain = _printf_i &rArr; _printf_int_dec &rArr; _printf_int_common &rArr; _printf_post_padding
</UL>
<BR>[Calls]<UL><LI><a href="#[9d]">&gt;&gt;</a>&nbsp;&nbsp;&nbsp;_printf_int_dec
</UL>

<P><STRONG><a name="[9e]"></a>_printf_d</STRONG> (Thumb, 0 bytes, Stack size unknown bytes, _printf_d.o(.ARM.Collect$$_printf_percent$$00000009))
<BR><BR>[Stack]<UL><LI>Max Depth = 72 + Unknown Stack Size
<LI>Call Chain = _printf_d &rArr; _printf_int_dec &rArr; _printf_int_common &rArr; _printf_post_padding
</UL>
<BR>[Calls]<UL><LI><a href="#[9d]">&gt;&gt;</a>&nbsp;&nbsp;&nbsp;_printf_int_dec
</UL>

<P><STRONG><a name="[9f]"></a>_printf_u</STRONG> (Thumb, 0 bytes, Stack size unknown bytes, _printf_u.o(.ARM.Collect$$_printf_percent$$0000000A))
<BR><BR>[Stack]<UL><LI>Max Depth = 72 + Unknown Stack Size
<LI>Call Chain = _printf_u &rArr; _printf_int_dec &rArr; _printf_int_common &rArr; _printf_post_padding
</UL>
<BR>[Calls]<UL><LI><a href="#[9d]">&gt;&gt;</a>&nbsp;&nbsp;&nbsp;_printf_int_dec
</UL>

<P><STRONG><a name="[a0]"></a>_printf_o</STRONG> (Thumb, 0 bytes, Stack size unknown bytes, _printf_o.o(.ARM.Collect$$_printf_percent$$0000000B))
<BR><BR>[Stack]<UL><LI>Max Depth = 64 + Unknown Stack Size
<LI>Call Chain = _printf_o &rArr; _printf_int_oct &rArr; _printf_longlong_oct &rArr; _printf_int_common &rArr; _printf_post_padding
</UL>
<BR>[Calls]<UL><LI><a href="#[a1]">&gt;&gt;</a>&nbsp;&nbsp;&nbsp;_printf_int_oct
</UL>

<P><STRONG><a name="[a2]"></a>_printf_x</STRONG> (Thumb, 0 bytes, Stack size unknown bytes, _printf_x.o(.ARM.Collect$$_printf_percent$$0000000C))
<BR><BR>[Stack]<UL><LI>Max Depth = 80 + Unknown Stack Size
<LI>Call Chain = _printf_x &rArr; _printf_int_hex &rArr; _printf_longlong_hex &rArr; _printf_int_common &rArr; _printf_post_padding
</UL>
<BR>[Calls]<UL><LI><a href="#[a3]">&gt;&gt;</a>&nbsp;&nbsp;&nbsp;_printf_int_hex
</UL>

<P><STRONG><a name="[a4]"></a>_printf_lli</STRONG> (Thumb, 0 bytes, Stack size unknown bytes, _printf_lli.o(.ARM.Collect$$_printf_percent$$0000000D))
<BR><BR>[Stack]<UL><LI>Max Depth = 72 + Unknown Stack Size
<LI>Call Chain = _printf_lli &rArr; _printf_longlong_dec &rArr; _printf_int_common &rArr; _printf_post_padding
</UL>
<BR>[Calls]<UL><LI><a href="#[a5]">&gt;&gt;</a>&nbsp;&nbsp;&nbsp;_printf_longlong_dec
</UL>

<P><STRONG><a name="[a6]"></a>_printf_lld</STRONG> (Thumb, 0 bytes, Stack size unknown bytes, _printf_lld.o(.ARM.Collect$$_printf_percent$$0000000E))
<BR><BR>[Stack]<UL><LI>Max Depth = 72 + Unknown Stack Size
<LI>Call Chain = _printf_lld &rArr; _printf_longlong_dec &rArr; _printf_int_common &rArr; _printf_post_padding
</UL>
<BR>[Calls]<UL><LI><a href="#[a5]">&gt;&gt;</a>&nbsp;&nbsp;&nbsp;_printf_longlong_dec
</UL>

<P><STRONG><a name="[a7]"></a>_printf_llu</STRONG> (Thumb, 0 bytes, Stack size unknown bytes, _printf_llu.o(.ARM.Collect$$_printf_percent$$0000000F))
<BR><BR>[Stack]<UL><LI>Max Depth = 72 + Unknown Stack Size
<LI>Call Chain = _printf_llu &rArr; _printf_longlong_dec &rArr; _printf_int_common &rArr; _printf_post_padding
</UL>
<BR>[Calls]<UL><LI><a href="#[a5]">&gt;&gt;</a>&nbsp;&nbsp;&nbsp;_printf_longlong_dec
</UL>

<P><STRONG><a name="[a8]"></a>_printf_llo</STRONG> (Thumb, 0 bytes, Stack size unknown bytes, _printf_llo.o(.ARM.Collect$$_printf_percent$$00000010))
<BR><BR>[Stack]<UL><LI>Max Depth = 56 + Unknown Stack Size
<LI>Call Chain = _printf_llo &rArr; _printf_ll_oct &rArr; _printf_longlong_oct &rArr; _printf_int_common &rArr; _printf_post_padding
</UL>
<BR>[Calls]<UL><LI><a href="#[a9]">&gt;&gt;</a>&nbsp;&nbsp;&nbsp;_printf_ll_oct
</UL>

<P><STRONG><a name="[aa]"></a>_printf_llx</STRONG> (Thumb, 0 bytes, Stack size unknown bytes, _printf_llx.o(.ARM.Collect$$_printf_percent$$00000011))
<BR><BR>[Stack]<UL><LI>Max Depth = 64 + Unknown Stack Size
<LI>Call Chain = _printf_llx &rArr; _printf_ll_hex &rArr; _printf_longlong_hex &rArr; _printf_int_common &rArr; _printf_post_padding
</UL>
<BR>[Calls]<UL><LI><a href="#[ab]">&gt;&gt;</a>&nbsp;&nbsp;&nbsp;_printf_ll_hex
</UL>

<P><STRONG><a name="[42e]"></a>_printf_l</STRONG> (Thumb, 0 bytes, Stack size unknown bytes, _printf_l.o(.ARM.Collect$$_printf_percent$$00000012))

<P><STRONG><a name="[ac]"></a>_printf_c</STRONG> (Thumb, 0 bytes, Stack size unknown bytes, _printf_c.o(.ARM.Collect$$_printf_percent$$00000013))
<BR><BR>[Stack]<UL><LI>Max Depth = 40 + Unknown Stack Size
<LI>Call Chain = _printf_c &rArr; _printf_char &rArr; _printf_cs_common &rArr; _printf_str &rArr; _printf_post_padding
</UL>
<BR>[Calls]<UL><LI><a href="#[ad]">&gt;&gt;</a>&nbsp;&nbsp;&nbsp;_printf_char
</UL>

<P><STRONG><a name="[ae]"></a>_printf_s</STRONG> (Thumb, 0 bytes, Stack size unknown bytes, _printf_s.o(.ARM.Collect$$_printf_percent$$00000014))
<BR><BR>[Stack]<UL><LI>Max Depth = 40 + Unknown Stack Size
<LI>Call Chain = _printf_s &rArr; _printf_string &rArr; _printf_cs_common &rArr; _printf_str &rArr; _printf_post_padding
</UL>
<BR>[Calls]<UL><LI><a href="#[af]">&gt;&gt;</a>&nbsp;&nbsp;&nbsp;_printf_string
</UL>

<P><STRONG><a name="[b0]"></a>_printf_lc</STRONG> (Thumb, 0 bytes, Stack size unknown bytes, _printf_lc.o(.ARM.Collect$$_printf_percent$$00000015))
<BR><BR>[Stack]<UL><LI>Max Depth = 88 + Unknown Stack Size
<LI>Call Chain = _printf_lc &rArr; _printf_wchar &rArr; _printf_lcs_common &rArr; _printf_wctomb &rArr; _wcrtomb &rArr; __rt_ctype_table
</UL>
<BR>[Calls]<UL><LI><a href="#[b1]">&gt;&gt;</a>&nbsp;&nbsp;&nbsp;_printf_wchar
</UL>

<P><STRONG><a name="[b2]"></a>_printf_ls</STRONG> (Thumb, 0 bytes, Stack size unknown bytes, _printf_ls.o(.ARM.Collect$$_printf_percent$$00000016))
<BR><BR>[Stack]<UL><LI>Max Depth = 88 + Unknown Stack Size
<LI>Call Chain = _printf_ls &rArr; _printf_wstring &rArr; _printf_lcs_common &rArr; _printf_wctomb &rArr; _wcrtomb &rArr; __rt_ctype_table
</UL>
<BR>[Calls]<UL><LI><a href="#[b3]">&gt;&gt;</a>&nbsp;&nbsp;&nbsp;_printf_wstring
</UL>

<P><STRONG><a name="[42f]"></a>_printf_percent_end</STRONG> (Thumb, 0 bytes, Stack size unknown bytes, _printf_percent_end.o(.ARM.Collect$$_printf_percent$$00000017))

<P><STRONG><a name="[bc]"></a>__rt_lib_init</STRONG> (Thumb, 0 bytes, Stack size unknown bytes, libinit.o(.ARM.Collect$$libinit$$00000000))
<BR><BR>[Called By]<UL><LI><a href="#[bb]">&gt;&gt;</a>&nbsp;&nbsp;&nbsp;__rt_entry_li
</UL>

<P><STRONG><a name="[430]"></a>__rt_lib_init_fp_1</STRONG> (Thumb, 0 bytes, Stack size unknown bytes, libinit2.o(.ARM.Collect$$libinit$$00000002))

<P><STRONG><a name="[431]"></a>__rt_lib_init_heap_1</STRONG> (Thumb, 0 bytes, Stack size unknown bytes, libinit2.o(.ARM.Collect$$libinit$$0000000A))

<P><STRONG><a name="[b4]"></a>__rt_lib_init_lc_common</STRONG> (Thumb, 0 bytes, Stack size unknown bytes, libinit2.o(.ARM.Collect$$libinit$$0000000F))
<BR><BR>[Calls]<UL><LI><a href="#[b5]">&gt;&gt;</a>&nbsp;&nbsp;&nbsp;__rt_locale
</UL>

<P><STRONG><a name="[432]"></a>__rt_lib_init_preinit_1</STRONG> (Thumb, 0 bytes, Stack size unknown bytes, libinit2.o(.ARM.Collect$$libinit$$00000004))

<P><STRONG><a name="[433]"></a>__rt_lib_init_rand_1</STRONG> (Thumb, 0 bytes, Stack size unknown bytes, libinit2.o(.ARM.Collect$$libinit$$0000000E))

<P><STRONG><a name="[434]"></a>__rt_lib_init_user_alloc_1</STRONG> (Thumb, 0 bytes, Stack size unknown bytes, libinit2.o(.ARM.Collect$$libinit$$0000000C))

<P><STRONG><a name="[435]"></a>__rt_lib_init_lc_collate_1</STRONG> (Thumb, 0 bytes, Stack size unknown bytes, libinit2.o(.ARM.Collect$$libinit$$00000011))

<P><STRONG><a name="[b6]"></a>__rt_lib_init_lc_ctype_2</STRONG> (Thumb, 0 bytes, Stack size unknown bytes, libinit2.o(.ARM.Collect$$libinit$$00000012))
<BR><BR>[Stack]<UL><LI>Max Depth = 8 + Unknown Stack Size
<LI>Call Chain = __rt_lib_init_lc_ctype_2 &rArr; _get_lc_ctype
</UL>
<BR>[Calls]<UL><LI><a href="#[42]">&gt;&gt;</a>&nbsp;&nbsp;&nbsp;_get_lc_ctype
</UL>

<P><STRONG><a name="[436]"></a>__rt_lib_init_lc_ctype_1</STRONG> (Thumb, 0 bytes, Stack size unknown bytes, libinit2.o(.ARM.Collect$$libinit$$00000013))

<P><STRONG><a name="[437]"></a>__rt_lib_init_lc_monetary_1</STRONG> (Thumb, 0 bytes, Stack size unknown bytes, libinit2.o(.ARM.Collect$$libinit$$00000015))

<P><STRONG><a name="[b7]"></a>__rt_lib_init_lc_numeric_2</STRONG> (Thumb, 0 bytes, Stack size unknown bytes, libinit2.o(.ARM.Collect$$libinit$$00000016))
<BR><BR>[Stack]<UL><LI>Max Depth = 8 + Unknown Stack Size
<LI>Call Chain = __rt_lib_init_lc_numeric_2 &rArr; _get_lc_numeric
</UL>
<BR>[Calls]<UL><LI><a href="#[b8]">&gt;&gt;</a>&nbsp;&nbsp;&nbsp;_get_lc_numeric
</UL>

<P><STRONG><a name="[438]"></a>__rt_lib_init_alloca_1</STRONG> (Thumb, 0 bytes, Stack size unknown bytes, libinit2.o(.ARM.Collect$$libinit$$0000002E))

<P><STRONG><a name="[439]"></a>__rt_lib_init_argv_1</STRONG> (Thumb, 0 bytes, Stack size unknown bytes, libinit2.o(.ARM.Collect$$libinit$$0000002C))

<P><STRONG><a name="[43a]"></a>__rt_lib_init_atexit_1</STRONG> (Thumb, 0 bytes, Stack size unknown bytes, libinit2.o(.ARM.Collect$$libinit$$0000001B))

<P><STRONG><a name="[43b]"></a>__rt_lib_init_clock_1</STRONG> (Thumb, 0 bytes, Stack size unknown bytes, libinit2.o(.ARM.Collect$$libinit$$00000021))

<P><STRONG><a name="[43c]"></a>__rt_lib_init_cpp_1</STRONG> (Thumb, 0 bytes, Stack size unknown bytes, libinit2.o(.ARM.Collect$$libinit$$00000032))

<P><STRONG><a name="[43d]"></a>__rt_lib_init_exceptions_1</STRONG> (Thumb, 0 bytes, Stack size unknown bytes, libinit2.o(.ARM.Collect$$libinit$$00000030))

<P><STRONG><a name="[43e]"></a>__rt_lib_init_fp_trap_1</STRONG> (Thumb, 0 bytes, Stack size unknown bytes, libinit2.o(.ARM.Collect$$libinit$$0000001F))

<P><STRONG><a name="[43f]"></a>__rt_lib_init_getenv_1</STRONG> (Thumb, 0 bytes, Stack size unknown bytes, libinit2.o(.ARM.Collect$$libinit$$00000023))

<P><STRONG><a name="[440]"></a>__rt_lib_init_lc_numeric_1</STRONG> (Thumb, 0 bytes, Stack size unknown bytes, libinit2.o(.ARM.Collect$$libinit$$00000017))

<P><STRONG><a name="[441]"></a>__rt_lib_init_lc_time_1</STRONG> (Thumb, 0 bytes, Stack size unknown bytes, libinit2.o(.ARM.Collect$$libinit$$00000019))

<P><STRONG><a name="[442]"></a>__rt_lib_init_return</STRONG> (Thumb, 0 bytes, Stack size unknown bytes, libinit2.o(.ARM.Collect$$libinit$$00000033))

<P><STRONG><a name="[443]"></a>__rt_lib_init_signal_1</STRONG> (Thumb, 0 bytes, Stack size unknown bytes, libinit2.o(.ARM.Collect$$libinit$$0000001D))

<P><STRONG><a name="[444]"></a>__rt_lib_init_stdio_1</STRONG> (Thumb, 0 bytes, Stack size unknown bytes, libinit2.o(.ARM.Collect$$libinit$$00000025))

<P><STRONG><a name="[c1]"></a>__rt_lib_shutdown</STRONG> (Thumb, 0 bytes, Stack size unknown bytes, libshutdown.o(.ARM.Collect$$libshutdown$$00000000))
<BR><BR>[Called By]<UL><LI><a href="#[c0]">&gt;&gt;</a>&nbsp;&nbsp;&nbsp;__rt_exit_ls
</UL>

<P><STRONG><a name="[445]"></a>__rt_lib_shutdown_cpp_1</STRONG> (Thumb, 0 bytes, Stack size unknown bytes, libshutdown2.o(.ARM.Collect$$libshutdown$$00000002))

<P><STRONG><a name="[446]"></a>__rt_lib_shutdown_fp_trap_1</STRONG> (Thumb, 0 bytes, Stack size unknown bytes, libshutdown2.o(.ARM.Collect$$libshutdown$$00000007))

<P><STRONG><a name="[447]"></a>__rt_lib_shutdown_heap_1</STRONG> (Thumb, 0 bytes, Stack size unknown bytes, libshutdown2.o(.ARM.Collect$$libshutdown$$0000000F))

<P><STRONG><a name="[448]"></a>__rt_lib_shutdown_return</STRONG> (Thumb, 0 bytes, Stack size unknown bytes, libshutdown2.o(.ARM.Collect$$libshutdown$$00000010))

<P><STRONG><a name="[449]"></a>__rt_lib_shutdown_signal_1</STRONG> (Thumb, 0 bytes, Stack size unknown bytes, libshutdown2.o(.ARM.Collect$$libshutdown$$0000000A))

<P><STRONG><a name="[44a]"></a>__rt_lib_shutdown_stdio_1</STRONG> (Thumb, 0 bytes, Stack size unknown bytes, libshutdown2.o(.ARM.Collect$$libshutdown$$00000004))

<P><STRONG><a name="[44b]"></a>__rt_lib_shutdown_user_alloc_1</STRONG> (Thumb, 0 bytes, Stack size unknown bytes, libshutdown2.o(.ARM.Collect$$libshutdown$$0000000C))

<P><STRONG><a name="[92]"></a>__rt_entry</STRONG> (Thumb, 0 bytes, Stack size unknown bytes, __rtentry.o(.ARM.Collect$$rtentry$$00000000))
<BR><BR>[Called By]<UL><LI><a href="#[90]">&gt;&gt;</a>&nbsp;&nbsp;&nbsp;__main
<LI><a href="#[93]">&gt;&gt;</a>&nbsp;&nbsp;&nbsp;__scatterload_rt2
</UL>

<P><STRONG><a name="[44c]"></a>__rt_entry_presh_1</STRONG> (Thumb, 0 bytes, Stack size unknown bytes, __rtentry2.o(.ARM.Collect$$rtentry$$00000002))

<P><STRONG><a name="[b9]"></a>__rt_entry_sh</STRONG> (Thumb, 0 bytes, Stack size unknown bytes, __rtentry4.o(.ARM.Collect$$rtentry$$00000004))
<BR><BR>[Stack]<UL><LI>Max Depth = 8 + Unknown Stack Size
<LI>Call Chain = __rt_entry_sh &rArr; __user_setup_stackheap
</UL>
<BR>[Calls]<UL><LI><a href="#[ba]">&gt;&gt;</a>&nbsp;&nbsp;&nbsp;__user_setup_stackheap
</UL>

<P><STRONG><a name="[bb]"></a>__rt_entry_li</STRONG> (Thumb, 0 bytes, Stack size unknown bytes, __rtentry2.o(.ARM.Collect$$rtentry$$0000000A))
<BR><BR>[Calls]<UL><LI><a href="#[bc]">&gt;&gt;</a>&nbsp;&nbsp;&nbsp;__rt_lib_init
</UL>

<P><STRONG><a name="[44d]"></a>__rt_entry_postsh_1</STRONG> (Thumb, 0 bytes, Stack size unknown bytes, __rtentry2.o(.ARM.Collect$$rtentry$$00000009))

<P><STRONG><a name="[bd]"></a>__rt_entry_main</STRONG> (Thumb, 0 bytes, Stack size unknown bytes, __rtentry2.o(.ARM.Collect$$rtentry$$0000000D))
<BR><BR>[Stack]<UL><LI>Max Depth = 524 + Unknown Stack Size
<LI>Call Chain = __rt_entry_main &rArr; main &rArr; Setup_config_Process &rArr; atof &rArr; __strtod_int &rArr; _local_sscanf &rArr; _scanf_real &rArr; _scanf_really_real &rArr; _fp_value &rArr; _btod_etento &rArr; _btod_emul &rArr; _e2e
</UL>
<BR>[Calls]<UL><LI><a href="#[be]">&gt;&gt;</a>&nbsp;&nbsp;&nbsp;main
<LI><a href="#[bf]">&gt;&gt;</a>&nbsp;&nbsp;&nbsp;exit
</UL>

<P><STRONG><a name="[44e]"></a>__rt_entry_postli_1</STRONG> (Thumb, 0 bytes, Stack size unknown bytes, __rtentry2.o(.ARM.Collect$$rtentry$$0000000C))

<P><STRONG><a name="[322]"></a>__rt_exit</STRONG> (Thumb, 0 bytes, Stack size unknown bytes, rtexit.o(.ARM.Collect$$rtexit$$00000000))
<BR><BR>[Called By]<UL><LI><a href="#[bf]">&gt;&gt;</a>&nbsp;&nbsp;&nbsp;exit
</UL>

<P><STRONG><a name="[c0]"></a>__rt_exit_ls</STRONG> (Thumb, 0 bytes, Stack size unknown bytes, rtexit2.o(.ARM.Collect$$rtexit$$00000003))
<BR><BR>[Calls]<UL><LI><a href="#[c1]">&gt;&gt;</a>&nbsp;&nbsp;&nbsp;__rt_lib_shutdown
</UL>

<P><STRONG><a name="[44f]"></a>__rt_exit_prels_1</STRONG> (Thumb, 0 bytes, Stack size unknown bytes, rtexit2.o(.ARM.Collect$$rtexit$$00000002))

<P><STRONG><a name="[c2]"></a>__rt_exit_exit</STRONG> (Thumb, 0 bytes, Stack size unknown bytes, rtexit2.o(.ARM.Collect$$rtexit$$00000004))
<BR><BR>[Calls]<UL><LI><a href="#[c3]">&gt;&gt;</a>&nbsp;&nbsp;&nbsp;_sys_exit
</UL>

<P><STRONG><a name="[c4]"></a>GetASCIICode</STRONG> (Thumb, 26 bytes, Stack size 16 bytes, asciilib.o(.text), UNUSED)
<BR><BR>[Calls]<UL><LI><a href="#[c5]">&gt;&gt;</a>&nbsp;&nbsp;&nbsp;__aeabi_memcpy
</UL>
<BR>[Called By]<UL><LI><a href="#[ed]">&gt;&gt;</a>&nbsp;&nbsp;&nbsp;PutChar
</UL>

<P><STRONG><a name="[ef]"></a>GetASCIICode_12</STRONG> (Thumb, 28 bytes, Stack size 0 bytes, asciilib.o(.text), UNUSED)
<BR><BR>[Called By]<UL><LI><a href="#[ee]">&gt;&gt;</a>&nbsp;&nbsp;&nbsp;PutChar_12
</UL>

<P><STRONG><a name="[8]"></a>Reset_Handler</STRONG> (Thumb, 8 bytes, Stack size 0 bytes, startup_lpc177x_8x.o(.text))
<BR>[Address Reference Count : 1]<UL><LI> startup_lpc177x_8x.o(RESET)
</UL>
<P><STRONG><a name="[9]"></a>NMI_Handler</STRONG> (Thumb, 2 bytes, Stack size 0 bytes, startup_lpc177x_8x.o(.text))
<BR><BR>[Calls]<UL><LI><a href="#[9]">&gt;&gt;</a>&nbsp;&nbsp;&nbsp;NMI_Handler
</UL>
<BR>[Called By]<UL><LI><a href="#[9]">&gt;&gt;</a>&nbsp;&nbsp;&nbsp;NMI_Handler
</UL>
<BR>[Address Reference Count : 1]<UL><LI> startup_lpc177x_8x.o(RESET)
</UL>
<P><STRONG><a name="[a]"></a>HardFault_Handler</STRONG> (Thumb, 2 bytes, Stack size 0 bytes, startup_lpc177x_8x.o(.text))
<BR><BR>[Calls]<UL><LI><a href="#[a]">&gt;&gt;</a>&nbsp;&nbsp;&nbsp;HardFault_Handler
</UL>
<BR>[Called By]<UL><LI><a href="#[a]">&gt;&gt;</a>&nbsp;&nbsp;&nbsp;HardFault_Handler
</UL>
<BR>[Address Reference Count : 1]<UL><LI> startup_lpc177x_8x.o(RESET)
</UL>
<P><STRONG><a name="[b]"></a>MemManage_Handler</STRONG> (Thumb, 2 bytes, Stack size 0 bytes, startup_lpc177x_8x.o(.text))
<BR><BR>[Calls]<UL><LI><a href="#[b]">&gt;&gt;</a>&nbsp;&nbsp;&nbsp;MemManage_Handler
</UL>
<BR>[Called By]<UL><LI><a href="#[b]">&gt;&gt;</a>&nbsp;&nbsp;&nbsp;MemManage_Handler
</UL>
<BR>[Address Reference Count : 1]<UL><LI> startup_lpc177x_8x.o(RESET)
</UL>
<P><STRONG><a name="[c]"></a>BusFault_Handler</STRONG> (Thumb, 2 bytes, Stack size 0 bytes, startup_lpc177x_8x.o(.text))
<BR><BR>[Calls]<UL><LI><a href="#[c]">&gt;&gt;</a>&nbsp;&nbsp;&nbsp;BusFault_Handler
</UL>
<BR>[Called By]<UL><LI><a href="#[c]">&gt;&gt;</a>&nbsp;&nbsp;&nbsp;BusFault_Handler
</UL>
<BR>[Address Reference Count : 1]<UL><LI> startup_lpc177x_8x.o(RESET)
</UL>
<P><STRONG><a name="[d]"></a>UsageFault_Handler</STRONG> (Thumb, 2 bytes, Stack size 0 bytes, startup_lpc177x_8x.o(.text))
<BR><BR>[Calls]<UL><LI><a href="#[d]">&gt;&gt;</a>&nbsp;&nbsp;&nbsp;UsageFault_Handler
</UL>
<BR>[Called By]<UL><LI><a href="#[d]">&gt;&gt;</a>&nbsp;&nbsp;&nbsp;UsageFault_Handler
</UL>
<BR>[Address Reference Count : 1]<UL><LI> startup_lpc177x_8x.o(RESET)
</UL>
<P><STRONG><a name="[e]"></a>SVC_Handler</STRONG> (Thumb, 2 bytes, Stack size 0 bytes, startup_lpc177x_8x.o(.text))
<BR><BR>[Calls]<UL><LI><a href="#[e]">&gt;&gt;</a>&nbsp;&nbsp;&nbsp;SVC_Handler
</UL>
<BR>[Called By]<UL><LI><a href="#[e]">&gt;&gt;</a>&nbsp;&nbsp;&nbsp;SVC_Handler
</UL>
<BR>[Address Reference Count : 1]<UL><LI> startup_lpc177x_8x.o(RESET)
</UL>
<P><STRONG><a name="[f]"></a>DebugMon_Handler</STRONG> (Thumb, 2 bytes, Stack size 0 bytes, startup_lpc177x_8x.o(.text))
<BR><BR>[Calls]<UL><LI><a href="#[f]">&gt;&gt;</a>&nbsp;&nbsp;&nbsp;DebugMon_Handler
</UL>
<BR>[Called By]<UL><LI><a href="#[f]">&gt;&gt;</a>&nbsp;&nbsp;&nbsp;DebugMon_Handler
</UL>
<BR>[Address Reference Count : 1]<UL><LI> startup_lpc177x_8x.o(RESET)
</UL>
<P><STRONG><a name="[10]"></a>PendSV_Handler</STRONG> (Thumb, 2 bytes, Stack size 0 bytes, startup_lpc177x_8x.o(.text))
<BR><BR>[Calls]<UL><LI><a href="#[10]">&gt;&gt;</a>&nbsp;&nbsp;&nbsp;PendSV_Handler
</UL>
<BR>[Called By]<UL><LI><a href="#[10]">&gt;&gt;</a>&nbsp;&nbsp;&nbsp;PendSV_Handler
</UL>
<BR>[Address Reference Count : 1]<UL><LI> startup_lpc177x_8x.o(RESET)
</UL>
<P><STRONG><a name="[28]"></a>ADC_IRQHandler</STRONG> (Thumb, 0 bytes, Stack size 0 bytes, startup_lpc177x_8x.o(.text))
<BR><BR>[Calls]<UL><LI><a href="#[28]">&gt;&gt;</a>&nbsp;&nbsp;&nbsp;ADC_IRQHandler
</UL>
<BR>[Called By]<UL><LI><a href="#[28]">&gt;&gt;</a>&nbsp;&nbsp;&nbsp;ADC_IRQHandler
</UL>
<BR>[Address Reference Count : 1]<UL><LI> startup_lpc177x_8x.o(RESET)
</UL>
<P><STRONG><a name="[29]"></a>BOD_IRQHandler</STRONG> (Thumb, 0 bytes, Stack size 0 bytes, startup_lpc177x_8x.o(.text))
<BR>[Address Reference Count : 1]<UL><LI> startup_lpc177x_8x.o(RESET)
</UL>
<P><STRONG><a name="[34]"></a>CANActivity_IRQHandler</STRONG> (Thumb, 0 bytes, Stack size 0 bytes, startup_lpc177x_8x.o(.text))
<BR>[Address Reference Count : 1]<UL><LI> startup_lpc177x_8x.o(RESET)
</UL>
<P><STRONG><a name="[2b]"></a>CAN_IRQHandler</STRONG> (Thumb, 0 bytes, Stack size 0 bytes, startup_lpc177x_8x.o(.text))
<BR>[Address Reference Count : 1]<UL><LI> startup_lpc177x_8x.o(RESET)
</UL>
<P><STRONG><a name="[2c]"></a>DMA_IRQHandler</STRONG> (Thumb, 0 bytes, Stack size 0 bytes, startup_lpc177x_8x.o(.text))
<BR>[Address Reference Count : 1]<UL><LI> startup_lpc177x_8x.o(RESET)
</UL>
<P><STRONG><a name="[3a]"></a>EEPROM_IRQHandler</STRONG> (Thumb, 0 bytes, Stack size 0 bytes, startup_lpc177x_8x.o(.text))
<BR>[Address Reference Count : 1]<UL><LI> startup_lpc177x_8x.o(RESET)
</UL>
<P><STRONG><a name="[24]"></a>EINT0_IRQHandler</STRONG> (Thumb, 0 bytes, Stack size 0 bytes, startup_lpc177x_8x.o(.text))
<BR>[Address Reference Count : 1]<UL><LI> startup_lpc177x_8x.o(RESET)
</UL>
<P><STRONG><a name="[25]"></a>EINT1_IRQHandler</STRONG> (Thumb, 0 bytes, Stack size 0 bytes, startup_lpc177x_8x.o(.text))
<BR>[Address Reference Count : 1]<UL><LI> startup_lpc177x_8x.o(RESET)
</UL>
<P><STRONG><a name="[26]"></a>EINT2_IRQHandler</STRONG> (Thumb, 0 bytes, Stack size 0 bytes, startup_lpc177x_8x.o(.text))
<BR>[Address Reference Count : 1]<UL><LI> startup_lpc177x_8x.o(RESET)
</UL>
<P><STRONG><a name="[27]"></a>EINT3_IRQHandler</STRONG> (Thumb, 0 bytes, Stack size 0 bytes, startup_lpc177x_8x.o(.text))
<BR>[Address Reference Count : 1]<UL><LI> startup_lpc177x_8x.o(RESET)
</UL>
<P><STRONG><a name="[2e]"></a>ENET_IRQHandler</STRONG> (Thumb, 0 bytes, Stack size 0 bytes, startup_lpc177x_8x.o(.text))
<BR>[Address Reference Count : 1]<UL><LI> startup_lpc177x_8x.o(RESET)
</UL>
<P><STRONG><a name="[1c]"></a>I2C0_IRQHandler</STRONG> (Thumb, 0 bytes, Stack size 0 bytes, startup_lpc177x_8x.o(.text))
<BR>[Address Reference Count : 1]<UL><LI> startup_lpc177x_8x.o(RESET)
</UL>
<P><STRONG><a name="[1d]"></a>I2C1_IRQHandler</STRONG> (Thumb, 0 bytes, Stack size 0 bytes, startup_lpc177x_8x.o(.text))
<BR>[Address Reference Count : 1]<UL><LI> startup_lpc177x_8x.o(RESET)
</UL>
<P><STRONG><a name="[1e]"></a>I2C2_IRQHandler</STRONG> (Thumb, 0 bytes, Stack size 0 bytes, startup_lpc177x_8x.o(.text))
<BR>[Address Reference Count : 1]<UL><LI> startup_lpc177x_8x.o(RESET)
</UL>
<P><STRONG><a name="[2d]"></a>I2S_IRQHandler</STRONG> (Thumb, 0 bytes, Stack size 0 bytes, startup_lpc177x_8x.o(.text))
<BR>[Address Reference Count : 1]<UL><LI> startup_lpc177x_8x.o(RESET)
</UL>
<P><STRONG><a name="[37]"></a>LCD_IRQHandler</STRONG> (Thumb, 0 bytes, Stack size 0 bytes, startup_lpc177x_8x.o(.text))
<BR>[Address Reference Count : 1]<UL><LI> startup_lpc177x_8x.o(RESET)
</UL>
<P><STRONG><a name="[2f]"></a>MCI_IRQHandler</STRONG> (Thumb, 0 bytes, Stack size 0 bytes, startup_lpc177x_8x.o(.text))
<BR>[Address Reference Count : 1]<UL><LI> startup_lpc177x_8x.o(RESET)
</UL>
<P><STRONG><a name="[30]"></a>MCPWM_IRQHandler</STRONG> (Thumb, 0 bytes, Stack size 0 bytes, startup_lpc177x_8x.o(.text))
<BR>[Address Reference Count : 1]<UL><LI> startup_lpc177x_8x.o(RESET)
</UL>
<P><STRONG><a name="[22]"></a>PLL0_IRQHandler</STRONG> (Thumb, 0 bytes, Stack size 0 bytes, startup_lpc177x_8x.o(.text))
<BR>[Address Reference Count : 1]<UL><LI> startup_lpc177x_8x.o(RESET)
</UL>
<P><STRONG><a name="[32]"></a>PLL1_IRQHandler</STRONG> (Thumb, 0 bytes, Stack size 0 bytes, startup_lpc177x_8x.o(.text))
<BR>[Address Reference Count : 1]<UL><LI> startup_lpc177x_8x.o(RESET)
</UL>
<P><STRONG><a name="[39]"></a>PWM0_IRQHandler</STRONG> (Thumb, 0 bytes, Stack size 0 bytes, startup_lpc177x_8x.o(.text))
<BR>[Address Reference Count : 1]<UL><LI> startup_lpc177x_8x.o(RESET)
</UL>
<P><STRONG><a name="[1b]"></a>PWM1_IRQHandler</STRONG> (Thumb, 0 bytes, Stack size 0 bytes, startup_lpc177x_8x.o(.text))
<BR>[Address Reference Count : 1]<UL><LI> startup_lpc177x_8x.o(RESET)
</UL>
<P><STRONG><a name="[31]"></a>QEI_IRQHandler</STRONG> (Thumb, 0 bytes, Stack size 0 bytes, startup_lpc177x_8x.o(.text))
<BR>[Address Reference Count : 1]<UL><LI> startup_lpc177x_8x.o(RESET)
</UL>
<P><STRONG><a name="[23]"></a>RTC_IRQHandler</STRONG> (Thumb, 0 bytes, Stack size 0 bytes, startup_lpc177x_8x.o(.text))
<BR>[Address Reference Count : 1]<UL><LI> startup_lpc177x_8x.o(RESET)
</UL>
<P><STRONG><a name="[1f]"></a>SPIFI_IRQHandler</STRONG> (Thumb, 0 bytes, Stack size 0 bytes, startup_lpc177x_8x.o(.text))
<BR>[Address Reference Count : 1]<UL><LI> startup_lpc177x_8x.o(RESET)
</UL>
<P><STRONG><a name="[20]"></a>SSP0_IRQHandler</STRONG> (Thumb, 0 bytes, Stack size 0 bytes, startup_lpc177x_8x.o(.text))
<BR>[Address Reference Count : 1]<UL><LI> startup_lpc177x_8x.o(RESET)
</UL>
<P><STRONG><a name="[21]"></a>SSP1_IRQHandler</STRONG> (Thumb, 0 bytes, Stack size 0 bytes, startup_lpc177x_8x.o(.text))
<BR>[Address Reference Count : 1]<UL><LI> startup_lpc177x_8x.o(RESET)
</UL>
<P><STRONG><a name="[36]"></a>SSP2_IRQHandler</STRONG> (Thumb, 0 bytes, Stack size 0 bytes, startup_lpc177x_8x.o(.text))
<BR>[Address Reference Count : 1]<UL><LI> startup_lpc177x_8x.o(RESET)
</UL>
<P><STRONG><a name="[18]"></a>UART1_IRQHandler</STRONG> (Thumb, 0 bytes, Stack size 0 bytes, startup_lpc177x_8x.o(.text))
<BR>[Address Reference Count : 1]<UL><LI> startup_lpc177x_8x.o(RESET)
</UL>
<P><STRONG><a name="[19]"></a>UART2_IRQHandler</STRONG> (Thumb, 0 bytes, Stack size 0 bytes, startup_lpc177x_8x.o(.text))
<BR>[Address Reference Count : 1]<UL><LI> startup_lpc177x_8x.o(RESET)
</UL>
<P><STRONG><a name="[1a]"></a>UART3_IRQHandler</STRONG> (Thumb, 0 bytes, Stack size 0 bytes, startup_lpc177x_8x.o(.text))
<BR>[Address Reference Count : 1]<UL><LI> startup_lpc177x_8x.o(RESET)
</UL>
<P><STRONG><a name="[35]"></a>UART4_IRQHandler</STRONG> (Thumb, 0 bytes, Stack size 0 bytes, startup_lpc177x_8x.o(.text))
<BR>[Address Reference Count : 1]<UL><LI> startup_lpc177x_8x.o(RESET)
</UL>
<P><STRONG><a name="[33]"></a>USBActivity_IRQHandler</STRONG> (Thumb, 0 bytes, Stack size 0 bytes, startup_lpc177x_8x.o(.text))
<BR>[Address Reference Count : 1]<UL><LI> startup_lpc177x_8x.o(RESET)
</UL>
<P><STRONG><a name="[12]"></a>WDT_IRQHandler</STRONG> (Thumb, 0 bytes, Stack size 0 bytes, startup_lpc177x_8x.o(.text))
<BR>[Address Reference Count : 1]<UL><LI> startup_lpc177x_8x.o(RESET)
</UL>
<P><STRONG><a name="[31a]"></a>__user_initial_stackheap</STRONG> (Thumb, 0 bytes, Stack size unknown bytes, startup_lpc177x_8x.o(.text))
<BR><BR>[Called By]<UL><LI><a href="#[ba]">&gt;&gt;</a>&nbsp;&nbsp;&nbsp;__user_setup_stackheap
</UL>

<P><STRONG><a name="[450]"></a>__use_two_region_memory</STRONG> (Thumb, 2 bytes, Stack size 0 bytes, heapauxi.o(.text), UNUSED)

<P><STRONG><a name="[451]"></a>__rt_heap_escrow$2region</STRONG> (Thumb, 2 bytes, Stack size 0 bytes, heapauxi.o(.text), UNUSED)

<P><STRONG><a name="[452]"></a>__rt_heap_expand$2region</STRONG> (Thumb, 2 bytes, Stack size 0 bytes, heapauxi.o(.text), UNUSED)

<P><STRONG><a name="[3d]"></a>_sputc</STRONG> (Thumb, 10 bytes, Stack size 0 bytes, _sputc.o(.text))
<BR><BR>[Called By]<UL><LI><a href="#[130]">&gt;&gt;</a>&nbsp;&nbsp;&nbsp;__2sprintf
<LI><a href="#[261]">&gt;&gt;</a>&nbsp;&nbsp;&nbsp;__c89vsprintf
</UL>
<BR>[Address Reference Count : 2]<UL><LI> __2sprintf.o(.text)
<LI> c89vsprintf.o(.text)
</UL>
<P><STRONG><a name="[453]"></a>__I$use$semihosting</STRONG> (Thumb, 0 bytes, Stack size 0 bytes, use_no_semi.o(.text), UNUSED)

<P><STRONG><a name="[454]"></a>__use_no_semihosting_swi</STRONG> (Thumb, 2 bytes, Stack size 0 bytes, use_no_semi.o(.text), UNUSED)

<P><STRONG><a name="[455]"></a>__semihosting_library_function</STRONG> (Thumb, 0 bytes, Stack size 0 bytes, indicate_semi.o(.text), UNUSED)

<P><STRONG><a name="[c7]"></a>EMC_GPIO_Init</STRONG> (Thumb, 208 bytes, Stack size 0 bytes, ex_sdram.o(.text))
<BR><BR>[Called By]<UL><LI><a href="#[c6]">&gt;&gt;</a>&nbsp;&nbsp;&nbsp;SDRAM_Init
</UL>

<P><STRONG><a name="[c6]"></a>SDRAM_Init</STRONG> (Thumb, 318 bytes, Stack size 24 bytes, ex_sdram.o(.text))
<BR><BR>[Stack]<UL><LI>Max Depth = 24<LI>Call Chain = SDRAM_Init
</UL>
<BR>[Calls]<UL><LI><a href="#[c8]">&gt;&gt;</a>&nbsp;&nbsp;&nbsp;delayMs
<LI><a href="#[c7]">&gt;&gt;</a>&nbsp;&nbsp;&nbsp;EMC_GPIO_Init
</UL>
<BR>[Called By]<UL><LI><a href="#[cb]">&gt;&gt;</a>&nbsp;&nbsp;&nbsp;Power_Process
</UL>

<P><STRONG><a name="[be]"></a>main</STRONG> (Thumb, 240 bytes, Stack size 0 bytes, main.o(.text))
<BR><BR>[Stack]<UL><LI>Max Depth = 524 + Unknown Stack Size
<LI>Call Chain = main &rArr; Setup_config_Process &rArr; atof &rArr; __strtod_int &rArr; _local_sscanf &rArr; _scanf_real &rArr; _scanf_really_real &rArr; _fp_value &rArr; _btod_etento &rArr; _btod_emul &rArr; _e2e
</UL>
<BR>[Calls]<UL><LI><a href="#[d0]">&gt;&gt;</a>&nbsp;&nbsp;&nbsp;Use_SysSetProcess
<LI><a href="#[cc]">&gt;&gt;</a>&nbsp;&nbsp;&nbsp;Test_Process
<LI><a href="#[d1]">&gt;&gt;</a>&nbsp;&nbsp;&nbsp;TestPause_Process
<LI><a href="#[d2]">&gt;&gt;</a>&nbsp;&nbsp;&nbsp;Sys_Process
<LI><a href="#[d7]">&gt;&gt;</a>&nbsp;&nbsp;&nbsp;Start_Process
<LI><a href="#[d6]">&gt;&gt;</a>&nbsp;&nbsp;&nbsp;Setup_config_Process
<LI><a href="#[ce]">&gt;&gt;</a>&nbsp;&nbsp;&nbsp;Setup_Process
<LI><a href="#[cb]">&gt;&gt;</a>&nbsp;&nbsp;&nbsp;Power_Process
<LI><a href="#[d3]">&gt;&gt;</a>&nbsp;&nbsp;&nbsp;Idem_Process
<LI><a href="#[d5]">&gt;&gt;</a>&nbsp;&nbsp;&nbsp;Finsh_Process
<LI><a href="#[cd]">&gt;&gt;</a>&nbsp;&nbsp;&nbsp;File_Process
<LI><a href="#[ca]">&gt;&gt;</a>&nbsp;&nbsp;&nbsp;EEPROM_Init
<LI><a href="#[cf]">&gt;&gt;</a>&nbsp;&nbsp;&nbsp;Debug_Process
<LI><a href="#[c9]">&gt;&gt;</a>&nbsp;&nbsp;&nbsp;CLKPWR_GetCLK
<LI><a href="#[d4]">&gt;&gt;</a>&nbsp;&nbsp;&nbsp;Abroat_Process
</UL>
<BR>[Called By]<UL><LI><a href="#[bd]">&gt;&gt;</a>&nbsp;&nbsp;&nbsp;__rt_entry_main
</UL>

<P><STRONG><a name="[d8]"></a>Main_Write</STRONG> (Thumb, 100 bytes, Stack size 24 bytes, main.o(.text), UNUSED)
<BR><BR>[Calls]<UL><LI><a href="#[db]">&gt;&gt;</a>&nbsp;&nbsp;&nbsp;FILE_Write
<LI><a href="#[da]">&gt;&gt;</a>&nbsp;&nbsp;&nbsp;FILE_Read
<LI><a href="#[d9]">&gt;&gt;</a>&nbsp;&nbsp;&nbsp;FILE_Open
<LI><a href="#[dc]">&gt;&gt;</a>&nbsp;&nbsp;&nbsp;FILE_Close
</UL>

<P><STRONG><a name="[38]"></a>GPIO_IRQHandler</STRONG> (Thumb, 106 bytes, Stack size 8 bytes, main.o(.text))
<BR><BR>[Stack]<UL><LI>Max Depth = 64<LI>Call Chain = GPIO_IRQHandler &rArr; Short_out &rArr; Out_4094 &rArr; Set_Spi_out &rArr; GPIO_SetValue
</UL>
<BR>[Calls]<UL><LI><a href="#[df]">&gt;&gt;</a>&nbsp;&nbsp;&nbsp;V_DA_out
<LI><a href="#[e0]">&gt;&gt;</a>&nbsp;&nbsp;&nbsp;Sing_out_C
<LI><a href="#[e1]">&gt;&gt;</a>&nbsp;&nbsp;&nbsp;Short_out
<LI><a href="#[dd]">&gt;&gt;</a>&nbsp;&nbsp;&nbsp;GPIO_GetIntStatus
<LI><a href="#[de]">&gt;&gt;</a>&nbsp;&nbsp;&nbsp;GPIO_ClearInt
<LI><a href="#[e2]">&gt;&gt;</a>&nbsp;&nbsp;&nbsp;FRB_out
</UL>
<BR>[Address Reference Count : 1]<UL><LI> startup_lpc177x_8x.o(RESET)
</UL>
<P><STRONG><a name="[c8]"></a>delayMs</STRONG> (Thumb, 252 bytes, Stack size 0 bytes, timer.o(.text))
<BR><BR>[Called By]<UL><LI><a href="#[182]">&gt;&gt;</a>&nbsp;&nbsp;&nbsp;Out_4094
<LI><a href="#[181]">&gt;&gt;</a>&nbsp;&nbsp;&nbsp;Range_Control
<LI><a href="#[df]">&gt;&gt;</a>&nbsp;&nbsp;&nbsp;V_DA_out
<LI><a href="#[c6]">&gt;&gt;</a>&nbsp;&nbsp;&nbsp;SDRAM_Init
<LI><a href="#[222]">&gt;&gt;</a>&nbsp;&nbsp;&nbsp;Write_Cpld
</UL>

<P><STRONG><a name="[13]"></a>TIMER0_IRQHandler</STRONG> (Thumb, 104 bytes, Stack size 0 bytes, timer.o(.text))
<BR>[Address Reference Count : 1]<UL><LI> startup_lpc177x_8x.o(RESET)
</UL>
<P><STRONG><a name="[14]"></a>TIMER1_IRQHandler</STRONG> (Thumb, 60 bytes, Stack size 8 bytes, timer.o(.text))
<BR><BR>[Stack]<UL><LI>Max Depth = 32<LI>Call Chain = TIMER1_IRQHandler &rArr; HV_Ledon &rArr; GPIO_SetValue
</UL>
<BR>[Calls]<UL><LI><a href="#[e3]">&gt;&gt;</a>&nbsp;&nbsp;&nbsp;HV_Ledon
<LI><a href="#[e4]">&gt;&gt;</a>&nbsp;&nbsp;&nbsp;HV_Ledoff
</UL>
<BR>[Address Reference Count : 1]<UL><LI> startup_lpc177x_8x.o(RESET)
</UL>
<P><STRONG><a name="[15]"></a>TIMER2_IRQHandler</STRONG> (Thumb, 18 bytes, Stack size 0 bytes, timer.o(.text))
<BR>[Address Reference Count : 1]<UL><LI> startup_lpc177x_8x.o(RESET)
</UL>
<P><STRONG><a name="[16]"></a>TIMER3_IRQHandler</STRONG> (Thumb, 18 bytes, Stack size 0 bytes, timer.o(.text))
<BR>[Address Reference Count : 1]<UL><LI> startup_lpc177x_8x.o(RESET)
</UL>
<P><STRONG><a name="[1bc]"></a>enable_timer</STRONG> (Thumb, 48 bytes, Stack size 0 bytes, timer.o(.text))
<BR><BR>[Called By]<UL><LI><a href="#[cb]">&gt;&gt;</a>&nbsp;&nbsp;&nbsp;Power_Process
</UL>

<P><STRONG><a name="[456]"></a>disable_timer</STRONG> (Thumb, 48 bytes, Stack size 0 bytes, timer.o(.text), UNUSED)

<P><STRONG><a name="[457]"></a>reset_timer</STRONG> (Thumb, 66 bytes, Stack size 0 bytes, timer.o(.text), UNUSED)

<P><STRONG><a name="[e5]"></a>init_timer</STRONG> (Thumb, 226 bytes, Stack size 16 bytes, timer.o(.text))
<BR><BR>[Stack]<UL><LI>Max Depth = 16<LI>Call Chain = init_timer
</UL>
<BR>[Calls]<UL><LI><a href="#[e6]">&gt;&gt;</a>&nbsp;&nbsp;&nbsp;NVIC_EnableIRQ
</UL>
<BR>[Called By]<UL><LI><a href="#[cb]">&gt;&gt;</a>&nbsp;&nbsp;&nbsp;Power_Process
</UL>

<P><STRONG><a name="[2df]"></a>GLCD_Ctrl</STRONG> (Thumb, 96 bytes, Stack size 8 bytes, lpc177x_8x_lcd.o(.text))
<BR><BR>[Stack]<UL><LI>Max Depth = 8<LI>Call Chain = GLCD_Ctrl
</UL>
<BR>[Called By]<UL><LI><a href="#[2db]">&gt;&gt;</a>&nbsp;&nbsp;&nbsp;_InitController
</UL>

<P><STRONG><a name="[e8]"></a>GLCD_SetPallet</STRONG> (Thumb, 18 bytes, Stack size 0 bytes, lpc177x_8x_lcd.o(.text))
<BR><BR>[Called By]<UL><LI><a href="#[e7]">&gt;&gt;</a>&nbsp;&nbsp;&nbsp;GLCD_Init
</UL>

<P><STRONG><a name="[e7]"></a>GLCD_Init</STRONG> (Thumb, 472 bytes, Stack size 12 bytes, lpc177x_8x_lcd.o(.text))
<BR><BR>[Stack]<UL><LI>Max Depth = 12<LI>Call Chain = GLCD_Init
</UL>
<BR>[Calls]<UL><LI><a href="#[e8]">&gt;&gt;</a>&nbsp;&nbsp;&nbsp;GLCD_SetPallet
</UL>
<BR>[Called By]<UL><LI><a href="#[2db]">&gt;&gt;</a>&nbsp;&nbsp;&nbsp;_InitController
</UL>

<P><STRONG><a name="[17e]"></a>lcd_Clear</STRONG> (Thumb, 20 bytes, Stack size 0 bytes, lpc177x_8x_lcd.o(.text), UNUSED)
<BR><BR>[Called By]<UL><LI><a href="#[17d]">&gt;&gt;</a>&nbsp;&nbsp;&nbsp;Input_Num
</UL>

<P><STRONG><a name="[ea]"></a>LCD_SetPoint</STRONG> (Thumb, 36 bytes, Stack size 12 bytes, lpc177x_8x_lcd.o(.text), UNUSED)
<BR><BR>[Called By]<UL><LI><a href="#[f4]">&gt;&gt;</a>&nbsp;&nbsp;&nbsp;LCD_ShowFontCN
<LI><a href="#[f3]">&gt;&gt;</a>&nbsp;&nbsp;&nbsp;LCD_ShowFontCN_16
<LI><a href="#[f2]">&gt;&gt;</a>&nbsp;&nbsp;&nbsp;LCD_ShowFontCN_40_55
<LI><a href="#[f1]">&gt;&gt;</a>&nbsp;&nbsp;&nbsp;lcd_display_coord
<LI><a href="#[ee]">&gt;&gt;</a>&nbsp;&nbsp;&nbsp;PutChar_12
<LI><a href="#[ed]">&gt;&gt;</a>&nbsp;&nbsp;&nbsp;PutChar
<LI><a href="#[ec]">&gt;&gt;</a>&nbsp;&nbsp;&nbsp;LCD429_PutPixel
<LI><a href="#[e9]">&gt;&gt;</a>&nbsp;&nbsp;&nbsp;LCD_DrawLine
</UL>

<P><STRONG><a name="[e9]"></a>LCD_DrawLine</STRONG> (Thumb, 250 bytes, Stack size 36 bytes, lpc177x_8x_lcd.o(.text), UNUSED)
<BR><BR>[Calls]<UL><LI><a href="#[ea]">&gt;&gt;</a>&nbsp;&nbsp;&nbsp;LCD_SetPoint
</UL>
<BR>[Called By]<UL><LI><a href="#[146]">&gt;&gt;</a>&nbsp;&nbsp;&nbsp;Disp_SysLine
<LI><a href="#[eb]">&gt;&gt;</a>&nbsp;&nbsp;&nbsp;LCD_DrawRect_Rect
</UL>

<P><STRONG><a name="[eb]"></a>LCD_DrawRect_Rect</STRONG> (Thumb, 82 bytes, Stack size 28 bytes, lpc177x_8x_lcd.o(.text), UNUSED)
<BR><BR>[Calls]<UL><LI><a href="#[e9]">&gt;&gt;</a>&nbsp;&nbsp;&nbsp;LCD_DrawLine
</UL>
<BR>[Called By]<UL><LI><a href="#[17d]">&gt;&gt;</a>&nbsp;&nbsp;&nbsp;Input_Num
</UL>

<P><STRONG><a name="[10a]"></a>LCD_DrawRect</STRONG> (Thumb, 126 bytes, Stack size 24 bytes, lpc177x_8x_lcd.o(.text), UNUSED)
<BR><BR>[Called By]<UL><LI><a href="#[190]">&gt;&gt;</a>&nbsp;&nbsp;&nbsp;Disp_NumKeyboard_Set
<LI><a href="#[17f]">&gt;&gt;</a>&nbsp;&nbsp;&nbsp;Disp_open
<LI><a href="#[17d]">&gt;&gt;</a>&nbsp;&nbsp;&nbsp;Input_Num
<LI><a href="#[17c]">&gt;&gt;</a>&nbsp;&nbsp;&nbsp;disp_Numtouch
<LI><a href="#[16e]">&gt;&gt;</a>&nbsp;&nbsp;&nbsp;ListBox_Setup
<LI><a href="#[143]">&gt;&gt;</a>&nbsp;&nbsp;&nbsp;Disp_ListScan_MidRect
<LI><a href="#[141]">&gt;&gt;</a>&nbsp;&nbsp;&nbsp;Disp_LimitList_MidRect
<LI><a href="#[13b]">&gt;&gt;</a>&nbsp;&nbsp;&nbsp;Disp_Set_Time
<LI><a href="#[13a]">&gt;&gt;</a>&nbsp;&nbsp;&nbsp;Disp_Debug_value
<LI><a href="#[132]">&gt;&gt;</a>&nbsp;&nbsp;&nbsp;Disp_Test_value
<LI><a href="#[11b]">&gt;&gt;</a>&nbsp;&nbsp;&nbsp;Disp_List_Count_MidRect
<LI><a href="#[119]">&gt;&gt;</a>&nbsp;&nbsp;&nbsp;Disp_Rang_Count_MidRect
<LI><a href="#[117]">&gt;&gt;</a>&nbsp;&nbsp;&nbsp;Disp_Range_MidRect
<LI><a href="#[109]">&gt;&gt;</a>&nbsp;&nbsp;&nbsp;Disp_TopBar_Color
<LI><a href="#[1e3]">&gt;&gt;</a>&nbsp;&nbsp;&nbsp;Input_compvalue
</UL>

<P><STRONG><a name="[458]"></a>LCD_DrawCircle</STRONG> (Thumb, 156 bytes, Stack size 32 bytes, lpc177x_8x_lcd.o(.text), UNUSED)

<P><STRONG><a name="[ec]"></a>LCD429_PutPixel</STRONG> (Thumb, 20 bytes, Stack size 16 bytes, lpc177x_8x_lcd.o(.text), UNUSED)
<BR><BR>[Calls]<UL><LI><a href="#[ea]">&gt;&gt;</a>&nbsp;&nbsp;&nbsp;LCD_SetPoint
</UL>
<BR>[Called By]<UL><LI><a href="#[17c]">&gt;&gt;</a>&nbsp;&nbsp;&nbsp;disp_Numtouch
</UL>

<P><STRONG><a name="[ed]"></a>PutChar</STRONG> (Thumb, 96 bytes, Stack size 56 bytes, lpc177x_8x_lcd.o(.text), UNUSED)
<BR><BR>[Calls]<UL><LI><a href="#[c4]">&gt;&gt;</a>&nbsp;&nbsp;&nbsp;GetASCIICode
<LI><a href="#[ea]">&gt;&gt;</a>&nbsp;&nbsp;&nbsp;LCD_SetPoint
</UL>
<BR>[Called By]<UL><LI><a href="#[132]">&gt;&gt;</a>&nbsp;&nbsp;&nbsp;Disp_Test_value
<LI><a href="#[fa]">&gt;&gt;</a>&nbsp;&nbsp;&nbsp;WriteString_16
<LI><a href="#[f7]">&gt;&gt;</a>&nbsp;&nbsp;&nbsp;WriteString
<LI><a href="#[f0]">&gt;&gt;</a>&nbsp;&nbsp;&nbsp;GUI_Text
<LI><a href="#[1e3]">&gt;&gt;</a>&nbsp;&nbsp;&nbsp;Input_compvalue
</UL>

<P><STRONG><a name="[ee]"></a>PutChar_12</STRONG> (Thumb, 80 bytes, Stack size 48 bytes, lpc177x_8x_lcd.o(.text), UNUSED)
<BR><BR>[Calls]<UL><LI><a href="#[ef]">&gt;&gt;</a>&nbsp;&nbsp;&nbsp;GetASCIICode_12
<LI><a href="#[ea]">&gt;&gt;</a>&nbsp;&nbsp;&nbsp;LCD_SetPoint
</UL>
<BR>[Called By]<UL><LI><a href="#[fc]">&gt;&gt;</a>&nbsp;&nbsp;&nbsp;WriteString_12
</UL>

<P><STRONG><a name="[f0]"></a>GUI_Text</STRONG> (Thumb, 80 bytes, Stack size 32 bytes, lpc177x_8x_lcd.o(.text), UNUSED)
<BR><BR>[Calls]<UL><LI><a href="#[ed]">&gt;&gt;</a>&nbsp;&nbsp;&nbsp;PutChar
</UL>

<P><STRONG><a name="[f1]"></a>lcd_display_coord</STRONG> (Thumb, 294 bytes, Stack size 52 bytes, lpc177x_8x_lcd.o(.text), UNUSED)
<BR><BR>[Calls]<UL><LI><a href="#[ea]">&gt;&gt;</a>&nbsp;&nbsp;&nbsp;LCD_SetPoint
</UL>

<P><STRONG><a name="[f8]"></a>findHzIndex</STRONG> (Thumb, 54 bytes, Stack size 8 bytes, lpc177x_8x_lcd.o(.text), UNUSED)
<BR><BR>[Called By]<UL><LI><a href="#[f7]">&gt;&gt;</a>&nbsp;&nbsp;&nbsp;WriteString
</UL>

<P><STRONG><a name="[fb]"></a>findHzIndex_16</STRONG> (Thumb, 58 bytes, Stack size 8 bytes, lpc177x_8x_lcd.o(.text), UNUSED)
<BR><BR>[Called By]<UL><LI><a href="#[fc]">&gt;&gt;</a>&nbsp;&nbsp;&nbsp;WriteString_12
<LI><a href="#[fa]">&gt;&gt;</a>&nbsp;&nbsp;&nbsp;WriteString_16
</UL>

<P><STRONG><a name="[f2]"></a>LCD_ShowFontCN_40_55</STRONG> (Thumb, 138 bytes, Stack size 36 bytes, lpc177x_8x_lcd.o(.text), UNUSED)
<BR><BR>[Calls]<UL><LI><a href="#[ea]">&gt;&gt;</a>&nbsp;&nbsp;&nbsp;LCD_SetPoint
</UL>
<BR>[Called By]<UL><LI><a href="#[16d]">&gt;&gt;</a>&nbsp;&nbsp;&nbsp;Disp_Usbflag
<LI><a href="#[15e]">&gt;&gt;</a>&nbsp;&nbsp;&nbsp;Disp_RangeDispvalue
<LI><a href="#[159]">&gt;&gt;</a>&nbsp;&nbsp;&nbsp;Disp_Big_SecondUnit
<LI><a href="#[158]">&gt;&gt;</a>&nbsp;&nbsp;&nbsp;Disp_Big_MainUnit
<LI><a href="#[155]">&gt;&gt;</a>&nbsp;&nbsp;&nbsp;Disp_R_X
<LI><a href="#[153]">&gt;&gt;</a>&nbsp;&nbsp;&nbsp;Disp_Cp_Rp
<LI><a href="#[f9]">&gt;&gt;</a>&nbsp;&nbsp;&nbsp;WriteString_Big
</UL>

<P><STRONG><a name="[f3]"></a>LCD_ShowFontCN_16</STRONG> (Thumb, 252 bytes, Stack size 36 bytes, lpc177x_8x_lcd.o(.text), UNUSED)
<BR><BR>[Calls]<UL><LI><a href="#[ea]">&gt;&gt;</a>&nbsp;&nbsp;&nbsp;LCD_SetPoint
</UL>
<BR>[Called By]<UL><LI><a href="#[f6]">&gt;&gt;</a>&nbsp;&nbsp;&nbsp;WriteOneHzChar_16
</UL>

<P><STRONG><a name="[f4]"></a>LCD_ShowFontCN</STRONG> (Thumb, 232 bytes, Stack size 36 bytes, lpc177x_8x_lcd.o(.text), UNUSED)
<BR><BR>[Calls]<UL><LI><a href="#[ea]">&gt;&gt;</a>&nbsp;&nbsp;&nbsp;LCD_SetPoint
</UL>
<BR>[Called By]<UL><LI><a href="#[f5]">&gt;&gt;</a>&nbsp;&nbsp;&nbsp;WriteOneHzChar
</UL>

<P><STRONG><a name="[f5]"></a>WriteOneHzChar</STRONG> (Thumb, 26 bytes, Stack size 20 bytes, lpc177x_8x_lcd.o(.text), UNUSED)
<BR><BR>[Calls]<UL><LI><a href="#[f4]">&gt;&gt;</a>&nbsp;&nbsp;&nbsp;LCD_ShowFontCN
</UL>
<BR>[Called By]<UL><LI><a href="#[f7]">&gt;&gt;</a>&nbsp;&nbsp;&nbsp;WriteString
</UL>

<P><STRONG><a name="[f6]"></a>WriteOneHzChar_16</STRONG> (Thumb, 26 bytes, Stack size 20 bytes, lpc177x_8x_lcd.o(.text), UNUSED)
<BR><BR>[Calls]<UL><LI><a href="#[f3]">&gt;&gt;</a>&nbsp;&nbsp;&nbsp;LCD_ShowFontCN_16
</UL>
<BR>[Called By]<UL><LI><a href="#[fc]">&gt;&gt;</a>&nbsp;&nbsp;&nbsp;WriteString_12
<LI><a href="#[fa]">&gt;&gt;</a>&nbsp;&nbsp;&nbsp;WriteString_16
</UL>

<P><STRONG><a name="[f7]"></a>WriteString</STRONG> (Thumb, 198 bytes, Stack size 32 bytes, lpc177x_8x_lcd.o(.text), UNUSED)
<BR><BR>[Calls]<UL><LI><a href="#[f5]">&gt;&gt;</a>&nbsp;&nbsp;&nbsp;WriteOneHzChar
<LI><a href="#[f8]">&gt;&gt;</a>&nbsp;&nbsp;&nbsp;findHzIndex
<LI><a href="#[ed]">&gt;&gt;</a>&nbsp;&nbsp;&nbsp;PutChar
</UL>

<P><STRONG><a name="[f9]"></a>WriteString_Big</STRONG> (Thumb, 150 bytes, Stack size 32 bytes, lpc177x_8x_lcd.o(.text), UNUSED)
<BR><BR>[Calls]<UL><LI><a href="#[f2]">&gt;&gt;</a>&nbsp;&nbsp;&nbsp;LCD_ShowFontCN_40_55
</UL>
<BR>[Called By]<UL><LI><a href="#[154]">&gt;&gt;</a>&nbsp;&nbsp;&nbsp;Disp__
</UL>

<P><STRONG><a name="[fa]"></a>WriteString_16</STRONG> (Thumb, 218 bytes, Stack size 32 bytes, lpc177x_8x_lcd.o(.text), UNUSED)
<BR><BR>[Calls]<UL><LI><a href="#[f6]">&gt;&gt;</a>&nbsp;&nbsp;&nbsp;WriteOneHzChar_16
<LI><a href="#[fb]">&gt;&gt;</a>&nbsp;&nbsp;&nbsp;findHzIndex_16
<LI><a href="#[ed]">&gt;&gt;</a>&nbsp;&nbsp;&nbsp;PutChar
</UL>
<BR>[Called By]<UL><LI><a href="#[190]">&gt;&gt;</a>&nbsp;&nbsp;&nbsp;Disp_NumKeyboard_Set
<LI><a href="#[17d]">&gt;&gt;</a>&nbsp;&nbsp;&nbsp;Input_Num
<LI><a href="#[17c]">&gt;&gt;</a>&nbsp;&nbsp;&nbsp;disp_Numtouch
<LI><a href="#[173]">&gt;&gt;</a>&nbsp;&nbsp;&nbsp;Disp_Teststatue
<LI><a href="#[16e]">&gt;&gt;</a>&nbsp;&nbsp;&nbsp;ListBox_Setup
<LI><a href="#[16c]">&gt;&gt;</a>&nbsp;&nbsp;&nbsp;Disp_Range
<LI><a href="#[165]">&gt;&gt;</a>&nbsp;&nbsp;&nbsp;Disp_Test_Unit_mA
<LI><a href="#[164]">&gt;&gt;</a>&nbsp;&nbsp;&nbsp;Disp_Test_Unit_v
<LI><a href="#[162]">&gt;&gt;</a>&nbsp;&nbsp;&nbsp;Disp_Set_Unit_16
<LI><a href="#[160]">&gt;&gt;</a>&nbsp;&nbsp;&nbsp;Disp_Range_DispSecondUnit
<LI><a href="#[15f]">&gt;&gt;</a>&nbsp;&nbsp;&nbsp;Disp_Range_DispMainUnit
<LI><a href="#[15e]">&gt;&gt;</a>&nbsp;&nbsp;&nbsp;Disp_RangeDispvalue
<LI><a href="#[149]">&gt;&gt;</a>&nbsp;&nbsp;&nbsp;Disp_Sys_Item
<LI><a href="#[145]">&gt;&gt;</a>&nbsp;&nbsp;&nbsp;Disp_ListScan_Item
<LI><a href="#[140]">&gt;&gt;</a>&nbsp;&nbsp;&nbsp;Disp_UserCheck_Item
<LI><a href="#[13b]">&gt;&gt;</a>&nbsp;&nbsp;&nbsp;Disp_Set_Time
<LI><a href="#[13a]">&gt;&gt;</a>&nbsp;&nbsp;&nbsp;Disp_Debug_value
<LI><a href="#[139]">&gt;&gt;</a>&nbsp;&nbsp;&nbsp;Disp_Debug_Reference
<LI><a href="#[132]">&gt;&gt;</a>&nbsp;&nbsp;&nbsp;Disp_Test_value
<LI><a href="#[11d]">&gt;&gt;</a>&nbsp;&nbsp;&nbsp;Disp_List_Count_Item
<LI><a href="#[116]">&gt;&gt;</a>&nbsp;&nbsp;&nbsp;Disp_Test_Item
<LI><a href="#[109]">&gt;&gt;</a>&nbsp;&nbsp;&nbsp;Disp_TopBar_Color
<LI><a href="#[108]">&gt;&gt;</a>&nbsp;&nbsp;&nbsp;Disp_Button_SysSet
<LI><a href="#[107]">&gt;&gt;</a>&nbsp;&nbsp;&nbsp;Disp_Button_TestSet
<LI><a href="#[106]">&gt;&gt;</a>&nbsp;&nbsp;&nbsp;Disp_Button_ItemScanSet
<LI><a href="#[105]">&gt;&gt;</a>&nbsp;&nbsp;&nbsp;Disp_Button_ItemScan_no
<LI><a href="#[104]">&gt;&gt;</a>&nbsp;&nbsp;&nbsp;Disp_Button_value1
<LI><a href="#[103]">&gt;&gt;</a>&nbsp;&nbsp;&nbsp;Disp_button_Num_Avg
<LI><a href="#[102]">&gt;&gt;</a>&nbsp;&nbsp;&nbsp;Disp_button_Num_Freq
<LI><a href="#[101]">&gt;&gt;</a>&nbsp;&nbsp;&nbsp;Disp_button_Num_Input
<LI><a href="#[100]">&gt;&gt;</a>&nbsp;&nbsp;&nbsp;Disp_button_Num_time
</UL>

<P><STRONG><a name="[fc]"></a>WriteString_12</STRONG> (Thumb, 202 bytes, Stack size 32 bytes, lpc177x_8x_lcd.o(.text), UNUSED)
<BR><BR>[Calls]<UL><LI><a href="#[f6]">&gt;&gt;</a>&nbsp;&nbsp;&nbsp;WriteOneHzChar_16
<LI><a href="#[fb]">&gt;&gt;</a>&nbsp;&nbsp;&nbsp;findHzIndex_16
<LI><a href="#[ee]">&gt;&gt;</a>&nbsp;&nbsp;&nbsp;PutChar_12
</UL>
<BR>[Called By]<UL><LI><a href="#[163]">&gt;&gt;</a>&nbsp;&nbsp;&nbsp;Disp_Set_Unit_12
<LI><a href="#[161]">&gt;&gt;</a>&nbsp;&nbsp;&nbsp;Disp_RangeCount
</UL>

<P><STRONG><a name="[128]"></a>Hex_Format</STRONG> (Thumb, 198 bytes, Stack size 20 bytes, lpc177x_8x_lcd.o(.text))
<BR><BR>[Stack]<UL><LI>Max Depth = 20<LI>Call Chain = Hex_Format
</UL>
<BR>[Called By]<UL><LI><a href="#[194]">&gt;&gt;</a>&nbsp;&nbsp;&nbsp;Disp_DelayTime
<LI><a href="#[161]">&gt;&gt;</a>&nbsp;&nbsp;&nbsp;Disp_RangeCount
<LI><a href="#[157]">&gt;&gt;</a>&nbsp;&nbsp;&nbsp;Disp_Testvalue
<LI><a href="#[13a]">&gt;&gt;</a>&nbsp;&nbsp;&nbsp;Disp_Debug_value
<LI><a href="#[139]">&gt;&gt;</a>&nbsp;&nbsp;&nbsp;Disp_Debug_Reference
<LI><a href="#[138]">&gt;&gt;</a>&nbsp;&nbsp;&nbsp;DispSYSConfig_value
<LI><a href="#[136]">&gt;&gt;</a>&nbsp;&nbsp;&nbsp;DispSetConfig_value
<LI><a href="#[134]">&gt;&gt;</a>&nbsp;&nbsp;&nbsp;DispSet_value
<LI><a href="#[132]">&gt;&gt;</a>&nbsp;&nbsp;&nbsp;Disp_Test_value
<LI><a href="#[12f]">&gt;&gt;</a>&nbsp;&nbsp;&nbsp;Disp_Idel_Item
<LI><a href="#[12b]">&gt;&gt;</a>&nbsp;&nbsp;&nbsp;Disp_Idel_list
<LI><a href="#[127]">&gt;&gt;</a>&nbsp;&nbsp;&nbsp;Disp_Test_List
<LI><a href="#[229]">&gt;&gt;</a>&nbsp;&nbsp;&nbsp;CalTest_Process
<LI><a href="#[1ef]">&gt;&gt;</a>&nbsp;&nbsp;&nbsp;BCD_Int
<LI><a href="#[1ee]">&gt;&gt;</a>&nbsp;&nbsp;&nbsp;V_BCD_Int
</UL>

<P><STRONG><a name="[459]"></a>lcd_image</STRONG> (Thumb, 40 bytes, Stack size 12 bytes, lpc177x_8x_lcd.o(.text), UNUSED)

<P><STRONG><a name="[45a]"></a>lcd_image2</STRONG> (Thumb, 54 bytes, Stack size 16 bytes, lpc177x_8x_lcd.o(.text), UNUSED)

<P><STRONG><a name="[fd]"></a>Disp_Fastbutton</STRONG> (Thumb, 82 bytes, Stack size 24 bytes, use_disp.o(.text))
<BR><BR>[Stack]<UL><LI>Max Depth = 240<LI>Call Chain = Disp_Fastbutton &rArr; GUI_DrawGradientRoundedV &rArr; _DrawGradientRounded &rArr; GUI_GetColor &rArr; GUI_Lock &rArr; GUI_DEVICE_UnlinkTaskDevices
</UL>
<BR>[Calls]<UL><LI><a href="#[fe]">&gt;&gt;</a>&nbsp;&nbsp;&nbsp;GUI_SetColor
<LI><a href="#[ff]">&gt;&gt;</a>&nbsp;&nbsp;&nbsp;GUI_DrawGradientRoundedV
</UL>
<BR>[Called By]<UL><LI><a href="#[191]">&gt;&gt;</a>&nbsp;&nbsp;&nbsp;Disp_Pre_Uint
<LI><a href="#[148]">&gt;&gt;</a>&nbsp;&nbsp;&nbsp;Disp_Sys
<LI><a href="#[135]">&gt;&gt;</a>&nbsp;&nbsp;&nbsp;DispSetup_ConfigButtonvalue
<LI><a href="#[133]">&gt;&gt;</a>&nbsp;&nbsp;&nbsp;dispSetupButtonvalue
<LI><a href="#[131]">&gt;&gt;</a>&nbsp;&nbsp;&nbsp;Disp_Test_SetConfig_Item
<LI><a href="#[12f]">&gt;&gt;</a>&nbsp;&nbsp;&nbsp;Disp_Idel_Item
<LI><a href="#[12b]">&gt;&gt;</a>&nbsp;&nbsp;&nbsp;Disp_Idel_list
<LI><a href="#[121]">&gt;&gt;</a>&nbsp;&nbsp;&nbsp;Disp_Test_Set_Item
<LI><a href="#[120]">&gt;&gt;</a>&nbsp;&nbsp;&nbsp;Disp_SYS_Set_Item
<LI><a href="#[116]">&gt;&gt;</a>&nbsp;&nbsp;&nbsp;Disp_Test_Item
</UL>

<P><STRONG><a name="[100]"></a>Disp_button_Num_time</STRONG> (Thumb, 42 bytes, Stack size 8 bytes, use_disp.o(.text), UNUSED)
<BR><BR>[Calls]<UL><LI><a href="#[fa]">&gt;&gt;</a>&nbsp;&nbsp;&nbsp;WriteString_16
</UL>
<BR>[Called By]<UL><LI><a href="#[1e4]">&gt;&gt;</a>&nbsp;&nbsp;&nbsp;Disp_Set_Num
</UL>

<P><STRONG><a name="[101]"></a>Disp_button_Num_Input</STRONG> (Thumb, 106 bytes, Stack size 16 bytes, use_disp.o(.text), UNUSED)
<BR><BR>[Calls]<UL><LI><a href="#[fa]">&gt;&gt;</a>&nbsp;&nbsp;&nbsp;WriteString_16
</UL>
<BR>[Called By]<UL><LI><a href="#[1e6]">&gt;&gt;</a>&nbsp;&nbsp;&nbsp;Disp_Set_InputNum
<LI><a href="#[1e3]">&gt;&gt;</a>&nbsp;&nbsp;&nbsp;Input_compvalue
</UL>

<P><STRONG><a name="[102]"></a>Disp_button_Num_Freq</STRONG> (Thumb, 30 bytes, Stack size 8 bytes, use_disp.o(.text), UNUSED)
<BR><BR>[Calls]<UL><LI><a href="#[fa]">&gt;&gt;</a>&nbsp;&nbsp;&nbsp;WriteString_16
</UL>
<BR>[Called By]<UL><LI><a href="#[1e7]">&gt;&gt;</a>&nbsp;&nbsp;&nbsp;Freq_Set_Num
<LI><a href="#[1e5]">&gt;&gt;</a>&nbsp;&nbsp;&nbsp;Disp_Set_CompNum
</UL>

<P><STRONG><a name="[103]"></a>Disp_button_Num_Avg</STRONG> (Thumb, 30 bytes, Stack size 8 bytes, use_disp.o(.text), UNUSED)
<BR><BR>[Calls]<UL><LI><a href="#[fa]">&gt;&gt;</a>&nbsp;&nbsp;&nbsp;WriteString_16
</UL>
<BR>[Called By]<UL><LI><a href="#[1e9]">&gt;&gt;</a>&nbsp;&nbsp;&nbsp;Avg_Set_Num
</UL>

<P><STRONG><a name="[104]"></a>Disp_Button_value1</STRONG> (Thumb, 220 bytes, Stack size 8 bytes, use_disp.o(.text), UNUSED)
<BR><BR>[Calls]<UL><LI><a href="#[fa]">&gt;&gt;</a>&nbsp;&nbsp;&nbsp;WriteString_16
</UL>
<BR>[Called By]<UL><LI><a href="#[11d]">&gt;&gt;</a>&nbsp;&nbsp;&nbsp;Disp_List_Count_Item
</UL>

<P><STRONG><a name="[105]"></a>Disp_Button_ItemScan_no</STRONG> (Thumb, 70 bytes, Stack size 8 bytes, use_disp.o(.text), UNUSED)
<BR><BR>[Calls]<UL><LI><a href="#[fa]">&gt;&gt;</a>&nbsp;&nbsp;&nbsp;WriteString_16
</UL>

<P><STRONG><a name="[106]"></a>Disp_Button_ItemScanSet</STRONG> (Thumb, 194 bytes, Stack size 8 bytes, use_disp.o(.text), UNUSED)
<BR><BR>[Calls]<UL><LI><a href="#[fa]">&gt;&gt;</a>&nbsp;&nbsp;&nbsp;WriteString_16
</UL>

<P><STRONG><a name="[107]"></a>Disp_Button_TestSet</STRONG> (Thumb, 458 bytes, Stack size 8 bytes, use_disp.o(.text), UNUSED)
<BR><BR>[Calls]<UL><LI><a href="#[fa]">&gt;&gt;</a>&nbsp;&nbsp;&nbsp;WriteString_16
</UL>
<BR>[Called By]<UL><LI><a href="#[145]">&gt;&gt;</a>&nbsp;&nbsp;&nbsp;Disp_ListScan_Item
</UL>

<P><STRONG><a name="[108]"></a>Disp_Button_SysSet</STRONG> (Thumb, 134 bytes, Stack size 8 bytes, use_disp.o(.text), UNUSED)
<BR><BR>[Calls]<UL><LI><a href="#[fa]">&gt;&gt;</a>&nbsp;&nbsp;&nbsp;WriteString_16
</UL>

<P><STRONG><a name="[109]"></a>Disp_TopBar_Color</STRONG> (Thumb, 46 bytes, Stack size 16 bytes, use_disp.o(.text), UNUSED)
<BR><BR>[Calls]<UL><LI><a href="#[fa]">&gt;&gt;</a>&nbsp;&nbsp;&nbsp;WriteString_16
<LI><a href="#[10a]">&gt;&gt;</a>&nbsp;&nbsp;&nbsp;LCD_DrawRect
</UL>
<BR>[Called By]<UL><LI><a href="#[149]">&gt;&gt;</a>&nbsp;&nbsp;&nbsp;Disp_Sys_Item
<LI><a href="#[147]">&gt;&gt;</a>&nbsp;&nbsp;&nbsp;Disp_Sys_Screen
<LI><a href="#[144]">&gt;&gt;</a>&nbsp;&nbsp;&nbsp;Disp_ListScan_Screen
<LI><a href="#[142]">&gt;&gt;</a>&nbsp;&nbsp;&nbsp;Disp_LimitList_Screen
<LI><a href="#[13f]">&gt;&gt;</a>&nbsp;&nbsp;&nbsp;Disp_Usercheck_Screen
<LI><a href="#[11c]">&gt;&gt;</a>&nbsp;&nbsp;&nbsp;Disp_List_CountScreen
<LI><a href="#[11a]">&gt;&gt;</a>&nbsp;&nbsp;&nbsp;Disp_Range_CountScreen
<LI><a href="#[118]">&gt;&gt;</a>&nbsp;&nbsp;&nbsp;Disp_RangeScreen
</UL>

<P><STRONG><a name="[10b]"></a>Disp_MidRect</STRONG> (Thumb, 30 bytes, Stack size 8 bytes, use_disp.o(.text), UNUSED)
<BR><BR>[Calls]<UL><LI><a href="#[fe]">&gt;&gt;</a>&nbsp;&nbsp;&nbsp;GUI_SetColor
<LI><a href="#[10c]">&gt;&gt;</a>&nbsp;&nbsp;&nbsp;GUI_FillRoundedRect
</UL>
<BR>[Called By]<UL><LI><a href="#[112]">&gt;&gt;</a>&nbsp;&nbsp;&nbsp;Disp_TestScreen
</UL>

<P><STRONG><a name="[10d]"></a>Disp_mainitem</STRONG> (Thumb, 58 bytes, Stack size 8 bytes, use_disp.o(.text))
<BR><BR>[Stack]<UL><LI>Max Depth = 224<LI>Call Chain = Disp_mainitem &rArr; GUI_DispStringAt &rArr; GUI_DispString &rArr; GUI__DispLine &rArr; WM__InitIVRSearch &rArr; WM__GetNextIVR &rArr; _FindNext_IVR &rArr; _Findy1 &rArr;  _Findy1 (Cycle)
</UL>
<BR>[Calls]<UL><LI><a href="#[110]">&gt;&gt;</a>&nbsp;&nbsp;&nbsp;GUI_SetTextMode
<LI><a href="#[10e]">&gt;&gt;</a>&nbsp;&nbsp;&nbsp;GUI_SetFont
<LI><a href="#[fe]">&gt;&gt;</a>&nbsp;&nbsp;&nbsp;GUI_SetColor
<LI><a href="#[10f]">&gt;&gt;</a>&nbsp;&nbsp;&nbsp;GUI_FillRect
<LI><a href="#[111]">&gt;&gt;</a>&nbsp;&nbsp;&nbsp;GUI_DispStringAt
</UL>
<BR>[Called By]<UL><LI><a href="#[148]">&gt;&gt;</a>&nbsp;&nbsp;&nbsp;Disp_Sys
<LI><a href="#[131]">&gt;&gt;</a>&nbsp;&nbsp;&nbsp;Disp_Test_SetConfig_Item
<LI><a href="#[12f]">&gt;&gt;</a>&nbsp;&nbsp;&nbsp;Disp_Idel_Item
<LI><a href="#[12b]">&gt;&gt;</a>&nbsp;&nbsp;&nbsp;Disp_Idel_list
<LI><a href="#[121]">&gt;&gt;</a>&nbsp;&nbsp;&nbsp;Disp_Test_Set_Item
<LI><a href="#[120]">&gt;&gt;</a>&nbsp;&nbsp;&nbsp;Disp_SYS_Set_Item
<LI><a href="#[112]">&gt;&gt;</a>&nbsp;&nbsp;&nbsp;Disp_TestScreen
</UL>

<P><STRONG><a name="[112]"></a>Disp_TestScreen</STRONG> (Thumb, 14 bytes, Stack size 8 bytes, use_disp.o(.text), UNUSED)
<BR><BR>[Calls]<UL><LI><a href="#[10d]">&gt;&gt;</a>&nbsp;&nbsp;&nbsp;Disp_mainitem
<LI><a href="#[10b]">&gt;&gt;</a>&nbsp;&nbsp;&nbsp;Disp_MidRect
</UL>
<BR>[Called By]<UL><LI><a href="#[116]">&gt;&gt;</a>&nbsp;&nbsp;&nbsp;Disp_Test_Item
</UL>

<P><STRONG><a name="[113]"></a>Disp_Fastset_Disp</STRONG> (Thumb, 130 bytes, Stack size 24 bytes, use_disp.o(.text), UNUSED)
<BR><BR>[Calls]<UL><LI><a href="#[110]">&gt;&gt;</a>&nbsp;&nbsp;&nbsp;GUI_SetTextMode
<LI><a href="#[fe]">&gt;&gt;</a>&nbsp;&nbsp;&nbsp;GUI_SetColor
<LI><a href="#[114]">&gt;&gt;</a>&nbsp;&nbsp;&nbsp;GUI_SetBkColor
<LI><a href="#[115]">&gt;&gt;</a>&nbsp;&nbsp;&nbsp;GUI_DispStringInRect
</UL>
<BR>[Called By]<UL><LI><a href="#[116]">&gt;&gt;</a>&nbsp;&nbsp;&nbsp;Disp_Test_Item
</UL>

<P><STRONG><a name="[116]"></a>Disp_Test_Item</STRONG> (Thumb, 92 bytes, Stack size 8 bytes, use_disp.o(.text), UNUSED)
<BR><BR>[Calls]<UL><LI><a href="#[113]">&gt;&gt;</a>&nbsp;&nbsp;&nbsp;Disp_Fastset_Disp
<LI><a href="#[112]">&gt;&gt;</a>&nbsp;&nbsp;&nbsp;Disp_TestScreen
<LI><a href="#[fd]">&gt;&gt;</a>&nbsp;&nbsp;&nbsp;Disp_Fastbutton
<LI><a href="#[fa]">&gt;&gt;</a>&nbsp;&nbsp;&nbsp;WriteString_16
</UL>

<P><STRONG><a name="[117]"></a>Disp_Range_MidRect</STRONG> (Thumb, 24 bytes, Stack size 8 bytes, use_disp.o(.text), UNUSED)
<BR><BR>[Calls]<UL><LI><a href="#[10a]">&gt;&gt;</a>&nbsp;&nbsp;&nbsp;LCD_DrawRect
</UL>
<BR>[Called By]<UL><LI><a href="#[118]">&gt;&gt;</a>&nbsp;&nbsp;&nbsp;Disp_RangeScreen
</UL>

<P><STRONG><a name="[118]"></a>Disp_RangeScreen</STRONG> (Thumb, 14 bytes, Stack size 8 bytes, use_disp.o(.text), UNUSED)
<BR><BR>[Calls]<UL><LI><a href="#[117]">&gt;&gt;</a>&nbsp;&nbsp;&nbsp;Disp_Range_MidRect
<LI><a href="#[109]">&gt;&gt;</a>&nbsp;&nbsp;&nbsp;Disp_TopBar_Color
</UL>

<P><STRONG><a name="[119]"></a>Disp_Rang_Count_MidRect</STRONG> (Thumb, 44 bytes, Stack size 8 bytes, use_disp.o(.text), UNUSED)
<BR><BR>[Calls]<UL><LI><a href="#[10a]">&gt;&gt;</a>&nbsp;&nbsp;&nbsp;LCD_DrawRect
</UL>
<BR>[Called By]<UL><LI><a href="#[11a]">&gt;&gt;</a>&nbsp;&nbsp;&nbsp;Disp_Range_CountScreen
</UL>

<P><STRONG><a name="[11a]"></a>Disp_Range_CountScreen</STRONG> (Thumb, 14 bytes, Stack size 8 bytes, use_disp.o(.text), UNUSED)
<BR><BR>[Calls]<UL><LI><a href="#[119]">&gt;&gt;</a>&nbsp;&nbsp;&nbsp;Disp_Rang_Count_MidRect
<LI><a href="#[109]">&gt;&gt;</a>&nbsp;&nbsp;&nbsp;Disp_TopBar_Color
</UL>

<P><STRONG><a name="[11b]"></a>Disp_List_Count_MidRect</STRONG> (Thumb, 24 bytes, Stack size 8 bytes, use_disp.o(.text), UNUSED)
<BR><BR>[Calls]<UL><LI><a href="#[10a]">&gt;&gt;</a>&nbsp;&nbsp;&nbsp;LCD_DrawRect
</UL>
<BR>[Called By]<UL><LI><a href="#[11c]">&gt;&gt;</a>&nbsp;&nbsp;&nbsp;Disp_List_CountScreen
</UL>

<P><STRONG><a name="[11c]"></a>Disp_List_CountScreen</STRONG> (Thumb, 14 bytes, Stack size 8 bytes, use_disp.o(.text), UNUSED)
<BR><BR>[Calls]<UL><LI><a href="#[11b]">&gt;&gt;</a>&nbsp;&nbsp;&nbsp;Disp_List_Count_MidRect
<LI><a href="#[109]">&gt;&gt;</a>&nbsp;&nbsp;&nbsp;Disp_TopBar_Color
</UL>
<BR>[Called By]<UL><LI><a href="#[11d]">&gt;&gt;</a>&nbsp;&nbsp;&nbsp;Disp_List_Count_Item
</UL>

<P><STRONG><a name="[11d]"></a>Disp_List_Count_Item</STRONG> (Thumb, 130 bytes, Stack size 8 bytes, use_disp.o(.text), UNUSED)
<BR><BR>[Calls]<UL><LI><a href="#[11c]">&gt;&gt;</a>&nbsp;&nbsp;&nbsp;Disp_List_CountScreen
<LI><a href="#[104]">&gt;&gt;</a>&nbsp;&nbsp;&nbsp;Disp_Button_value1
<LI><a href="#[fa]">&gt;&gt;</a>&nbsp;&nbsp;&nbsp;WriteString_16
</UL>

<P><STRONG><a name="[11f]"></a>Disp_TestSet_MidRect</STRONG> (Thumb, 2 bytes, Stack size 0 bytes, use_disp.o(.text), UNUSED)
<BR><BR>[Called By]<UL><LI><a href="#[11e]">&gt;&gt;</a>&nbsp;&nbsp;&nbsp;Disp_TestSetScreen
</UL>

<P><STRONG><a name="[11e]"></a>Disp_TestSetScreen</STRONG> (Thumb, 8 bytes, Stack size 4 bytes, use_disp.o(.text), UNUSED)
<BR><BR>[Calls]<UL><LI><a href="#[11f]">&gt;&gt;</a>&nbsp;&nbsp;&nbsp;Disp_TestSet_MidRect
</UL>

<P><STRONG><a name="[120]"></a>Disp_SYS_Set_Item</STRONG> (Thumb, 166 bytes, Stack size 8 bytes, use_disp.o(.text))
<BR><BR>[Stack]<UL><LI>Max Depth = 248<LI>Call Chain = Disp_SYS_Set_Item &rArr; Disp_Fastbutton &rArr; GUI_DrawGradientRoundedV &rArr; _DrawGradientRounded &rArr; GUI_GetColor &rArr; GUI_Lock &rArr; GUI_DEVICE_UnlinkTaskDevices
</UL>
<BR>[Calls]<UL><LI><a href="#[fe]">&gt;&gt;</a>&nbsp;&nbsp;&nbsp;GUI_SetColor
<LI><a href="#[114]">&gt;&gt;</a>&nbsp;&nbsp;&nbsp;GUI_SetBkColor
<LI><a href="#[111]">&gt;&gt;</a>&nbsp;&nbsp;&nbsp;GUI_DispStringAt
<LI><a href="#[10d]">&gt;&gt;</a>&nbsp;&nbsp;&nbsp;Disp_mainitem
<LI><a href="#[fd]">&gt;&gt;</a>&nbsp;&nbsp;&nbsp;Disp_Fastbutton
</UL>
<BR>[Called By]<UL><LI><a href="#[d0]">&gt;&gt;</a>&nbsp;&nbsp;&nbsp;Use_SysSetProcess
</UL>

<P><STRONG><a name="[121]"></a>Disp_Test_Set_Item</STRONG> (Thumb, 310 bytes, Stack size 16 bytes, use_disp.o(.text))
<BR><BR>[Stack]<UL><LI>Max Depth = 256<LI>Call Chain = Disp_Test_Set_Item &rArr; Disp_Fastbutton &rArr; GUI_DrawGradientRoundedV &rArr; _DrawGradientRounded &rArr; GUI_GetColor &rArr; GUI_Lock &rArr; GUI_DEVICE_UnlinkTaskDevices
</UL>
<BR>[Calls]<UL><LI><a href="#[fe]">&gt;&gt;</a>&nbsp;&nbsp;&nbsp;GUI_SetColor
<LI><a href="#[114]">&gt;&gt;</a>&nbsp;&nbsp;&nbsp;GUI_SetBkColor
<LI><a href="#[111]">&gt;&gt;</a>&nbsp;&nbsp;&nbsp;GUI_DispStringAt
<LI><a href="#[10d]">&gt;&gt;</a>&nbsp;&nbsp;&nbsp;Disp_mainitem
<LI><a href="#[fd]">&gt;&gt;</a>&nbsp;&nbsp;&nbsp;Disp_Fastbutton
</UL>
<BR>[Called By]<UL><LI><a href="#[17d]">&gt;&gt;</a>&nbsp;&nbsp;&nbsp;Input_Num
[...]
</UL>
<BR>[Called By]<UL><LI><a href="#[81]">&gt;&gt;</a>&nbsp;&nbsp;&nbsp;_DrawBitmap
</UL>

<P><STRONG><a name="[3e4]"></a>_DrawBitLine2BPP</STRONG> (Thumb, 220 bytes, Stack size 56 bytes, guidev_16.o(i._DrawBitLine2BPP))
<BR><BR>[Stack]<UL><LI>Max Depth = 56<LI>Call Chain = _DrawBitLine2BPP
</UL>
<BR>[Called By]<UL><LI><a href="#[81]">&gt;&gt;</a>&nbsp;&nbsp;&nbsp;_DrawBitmap
</UL>

<P><STRONG><a name="[3e5]"></a>_DrawBitLine4BPP</STRONG> (Thumb, 346 bytes, Stack size 40 bytes, guidev_16.o(i._DrawBitLine4BPP))
<BR><BR>[Stack]<UL><LI>Max Depth = 40<LI>Call Chain = _DrawBitLine4BPP
</UL>
<BR>[Called By]<UL><LI><a href="#[81]">&gt;&gt;</a>&nbsp;&nbsp;&nbsp;_DrawBitmap
</UL>

<P><STRONG><a name="[81]"></a>_DrawBitmap</STRONG> (Thumb, 664 bytes, Stack size 112 bytes, guidev_16.o(i._DrawBitmap))
<BR><BR>[Stack]<UL><LI>Max Depth = 168<LI>Call Chain = _DrawBitmap &rArr; _DrawBitLine2BPP
</UL>
<BR>[Calls]<UL><LI><a href="#[356]">&gt;&gt;</a>&nbsp;&nbsp;&nbsp;GUI_ALLOC_UnlockH
<LI><a href="#[355]">&gt;&gt;</a>&nbsp;&nbsp;&nbsp;GUI_ALLOC_LockH
<LI><a href="#[3e1]">&gt;&gt;</a>&nbsp;&nbsp;&nbsp;GUI_USAGE_AddRect
<LI><a href="#[3e2]">&gt;&gt;</a>&nbsp;&nbsp;&nbsp;_XY2PTR
<LI><a href="#[3e5]">&gt;&gt;</a>&nbsp;&nbsp;&nbsp;_DrawBitLine4BPP
<LI><a href="#[3e4]">&gt;&gt;</a>&nbsp;&nbsp;&nbsp;_DrawBitLine2BPP
<LI><a href="#[3e3]">&gt;&gt;</a>&nbsp;&nbsp;&nbsp;_DrawBitLine1BPP
<LI><a href="#[c5]">&gt;&gt;</a>&nbsp;&nbsp;&nbsp;__aeabi_memcpy
</UL>
<BR>[Address Reference Count : 1]<UL><LI> guidev_16.o(.constdata)
</UL>
<P><STRONG><a name="[82]"></a>_DrawHLine</STRONG> (Thumb, 10 bytes, Stack size 8 bytes, guidev_16.o(i._DrawHLine))
<BR><BR>[Stack]<UL><LI>Max Depth = 104<LI>Call Chain = _DrawHLine &rArr; _FillRect &rArr; GUI_USAGE_AddRect
</UL>
<BR>[Calls]<UL><LI><a href="#[84]">&gt;&gt;</a>&nbsp;&nbsp;&nbsp;_FillRect
</UL>
<BR>[Address Reference Count : 1]<UL><LI> guidev_16.o(.constdata)
</UL>
<P><STRONG><a name="[83]"></a>_DrawVLine</STRONG> (Thumb, 180 bytes, Stack size 40 bytes, guidev_16.o(i._DrawVLine))
<BR><BR>[Stack]<UL><LI>Max Depth = 56<LI>Call Chain = _DrawVLine &rArr; _XY2PTR
</UL>
<BR>[Calls]<UL><LI><a href="#[356]">&gt;&gt;</a>&nbsp;&nbsp;&nbsp;GUI_ALLOC_UnlockH
<LI><a href="#[355]">&gt;&gt;</a>&nbsp;&nbsp;&nbsp;GUI_ALLOC_LockH
<LI><a href="#[3e2]">&gt;&gt;</a>&nbsp;&nbsp;&nbsp;_XY2PTR
</UL>
<BR>[Address Reference Count : 1]<UL><LI> guidev_16.o(.constdata)
</UL>
<P><STRONG><a name="[84]"></a>_FillRect</STRONG> (Thumb, 166 bytes, Stack size 72 bytes, guidev_16.o(i._FillRect))
<BR><BR>[Stack]<UL><LI>Max Depth = 96<LI>Call Chain = _FillRect &rArr; GUI_USAGE_AddRect
</UL>
<BR>[Calls]<UL><LI><a href="#[356]">&gt;&gt;</a>&nbsp;&nbsp;&nbsp;GUI_ALLOC_UnlockH
<LI><a href="#[355]">&gt;&gt;</a>&nbsp;&nbsp;&nbsp;GUI_ALLOC_LockH
<LI><a href="#[3e8]">&gt;&gt;</a>&nbsp;&nbsp;&nbsp;GUI__memset16
<LI><a href="#[3e1]">&gt;&gt;</a>&nbsp;&nbsp;&nbsp;GUI_USAGE_AddRect
<LI><a href="#[3e2]">&gt;&gt;</a>&nbsp;&nbsp;&nbsp;_XY2PTR
</UL>
<BR>[Called By]<UL><LI><a href="#[82]">&gt;&gt;</a>&nbsp;&nbsp;&nbsp;_DrawHLine
</UL>
<BR>[Address Reference Count : 1]<UL><LI> guidev_16.o(.constdata)
</UL>
<P><STRONG><a name="[8b]"></a>_GetDevData</STRONG> (Thumb, 12 bytes, Stack size 0 bytes, guidev_16.o(i._GetDevData))
<BR>[Address Reference Count : 1]<UL><LI> guidev_16.o(.constdata)
</UL>
<P><STRONG><a name="[89]"></a>_GetDevFunc</STRONG> (Thumb, 12 bytes, Stack size 0 bytes, guidev_16.o(i._GetDevFunc))
<BR>[Address Reference Count : 1]<UL><LI> guidev_16.o(.constdata)
</UL>
<P><STRONG><a name="[8a]"></a>_GetDevProp</STRONG> (Thumb, 16 bytes, Stack size 0 bytes, guidev_16.o(i._GetDevProp))
<BR>[Address Reference Count : 1]<UL><LI> guidev_16.o(.constdata)
</UL>
<P><STRONG><a name="[85]"></a>_GetPixelIndex</STRONG> (Thumb, 14 bytes, Stack size 8 bytes, guidev_16.o(i._GetPixelIndex))
<BR><BR>[Stack]<UL><LI>Max Depth = 24<LI>Call Chain = _GetPixelIndex &rArr; _XY2PTR
</UL>
<BR>[Calls]<UL><LI><a href="#[3e2]">&gt;&gt;</a>&nbsp;&nbsp;&nbsp;_XY2PTR
</UL>
<BR>[Address Reference Count : 1]<UL><LI> guidev_16.o(.constdata)
</UL>
<P><STRONG><a name="[8c]"></a>_GetRect</STRONG> (Thumb, 48 bytes, Stack size 16 bytes, guidev_16.o(i._GetRect))
<BR><BR>[Stack]<UL><LI>Max Depth = 16<LI>Call Chain = _GetRect
</UL>
<BR>[Calls]<UL><LI><a href="#[356]">&gt;&gt;</a>&nbsp;&nbsp;&nbsp;GUI_ALLOC_UnlockH
<LI><a href="#[355]">&gt;&gt;</a>&nbsp;&nbsp;&nbsp;GUI_ALLOC_LockH
</UL>
<BR>[Address Reference Count : 1]<UL><LI> guidev_16.o(.constdata)
</UL>
<P><STRONG><a name="[88]"></a>_SetOrg</STRONG> (Thumb, 14 bytes, Stack size 0 bytes, guidev_16.o(i._SetOrg))
<BR>[Address Reference Count : 1]<UL><LI> guidev_16.o(.constdata)
</UL>
<P><STRONG><a name="[86]"></a>_SetPixelIndex</STRONG> (Thumb, 66 bytes, Stack size 24 bytes, guidev_16.o(i._SetPixelIndex))
<BR><BR>[Stack]<UL><LI>Max Depth = 40<LI>Call Chain = _SetPixelIndex &rArr; _XY2PTR
</UL>
<BR>[Calls]<UL><LI><a href="#[356]">&gt;&gt;</a>&nbsp;&nbsp;&nbsp;GUI_ALLOC_UnlockH
<LI><a href="#[355]">&gt;&gt;</a>&nbsp;&nbsp;&nbsp;GUI_ALLOC_LockH
<LI><a href="#[3e2]">&gt;&gt;</a>&nbsp;&nbsp;&nbsp;_XY2PTR
</UL>
<BR>[Address Reference Count : 1]<UL><LI> guidev_16.o(.constdata)
</UL>
<P><STRONG><a name="[3e2]"></a>_XY2PTR</STRONG> (Thumb, 56 bytes, Stack size 16 bytes, guidev_16.o(i._XY2PTR))
<BR><BR>[Stack]<UL><LI>Max Depth = 16<LI>Call Chain = _XY2PTR
</UL>
<BR>[Calls]<UL><LI><a href="#[356]">&gt;&gt;</a>&nbsp;&nbsp;&nbsp;GUI_ALLOC_UnlockH
<LI><a href="#[355]">&gt;&gt;</a>&nbsp;&nbsp;&nbsp;GUI_ALLOC_LockH
</UL>
<BR>[Called By]<UL><LI><a href="#[87]">&gt;&gt;</a>&nbsp;&nbsp;&nbsp;_XorPixel
<LI><a href="#[86]">&gt;&gt;</a>&nbsp;&nbsp;&nbsp;_SetPixelIndex
<LI><a href="#[85]">&gt;&gt;</a>&nbsp;&nbsp;&nbsp;_GetPixelIndex
<LI><a href="#[84]">&gt;&gt;</a>&nbsp;&nbsp;&nbsp;_FillRect
<LI><a href="#[83]">&gt;&gt;</a>&nbsp;&nbsp;&nbsp;_DrawVLine
<LI><a href="#[81]">&gt;&gt;</a>&nbsp;&nbsp;&nbsp;_DrawBitmap
</UL>

<P><STRONG><a name="[87]"></a>_XorPixel</STRONG> (Thumb, 78 bytes, Stack size 32 bytes, guidev_16.o(i._XorPixel))
<BR><BR>[Stack]<UL><LI>Max Depth = 48<LI>Call Chain = _XorPixel &rArr; _XY2PTR
</UL>
<BR>[Calls]<UL><LI><a href="#[356]">&gt;&gt;</a>&nbsp;&nbsp;&nbsp;GUI_ALLOC_UnlockH
<LI><a href="#[355]">&gt;&gt;</a>&nbsp;&nbsp;&nbsp;GUI_ALLOC_LockH
<LI><a href="#[3e2]">&gt;&gt;</a>&nbsp;&nbsp;&nbsp;_XY2PTR
</UL>
<BR>[Address Reference Count : 1]<UL><LI> guidev_16.o(.constdata)
</UL>
<P><STRONG><a name="[3ce]"></a>_DesktopHandle2Index</STRONG> (Thumb, 28 bytes, Stack size 0 bytes, wm.o(i._DesktopHandle2Index))
<BR><BR>[Called By]<UL><LI><a href="#[47]">&gt;&gt;</a>&nbsp;&nbsp;&nbsp;_cbBackWin
<LI><a href="#[3d2]">&gt;&gt;</a>&nbsp;&nbsp;&nbsp;WM__GetTopLevelLayer
<LI><a href="#[3c5]">&gt;&gt;</a>&nbsp;&nbsp;&nbsp;WM__ClipAtParentBorders
</UL>

<P><STRONG><a name="[3d1]"></a>_FindNext_IVR</STRONG> (Thumb, 318 bytes, Stack size 32 bytes, wm.o(i._FindNext_IVR))
<BR><BR>[Stack]<UL><LI>Max Depth = 80<LI>Call Chain = _FindNext_IVR &rArr; _Findy1 &rArr;  _Findy1 (Cycle)
</UL>
<BR>[Calls]<UL><LI><a href="#[35d]">&gt;&gt;</a>&nbsp;&nbsp;&nbsp;GUI_ALLOC_h2p
<LI><a href="#[356]">&gt;&gt;</a>&nbsp;&nbsp;&nbsp;GUI_ALLOC_UnlockH
<LI><a href="#[355]">&gt;&gt;</a>&nbsp;&nbsp;&nbsp;GUI_ALLOC_LockH
<LI><a href="#[3e9]">&gt;&gt;</a>&nbsp;&nbsp;&nbsp;_Findy1
<LI><a href="#[3eb]">&gt;&gt;</a>&nbsp;&nbsp;&nbsp;_Findx1
<LI><a href="#[3ea]">&gt;&gt;</a>&nbsp;&nbsp;&nbsp;_Findx0
</UL>
<BR>[Called By]<UL><LI><a href="#[333]">&gt;&gt;</a>&nbsp;&nbsp;&nbsp;WM__GetNextIVR
</UL>

<P><STRONG><a name="[3ea]"></a>_Findx0</STRONG> (Thumb, 124 bytes, Stack size 32 bytes, wm.o(i._Findx0))
<BR><BR>[Stack]<UL><LI>Max Depth = 48 + In Cycle
<LI>Call Chain = _Findx0 &rArr;  _Findx0 (Cycle)
</UL>
<BR>[Calls]<UL><LI><a href="#[372]">&gt;&gt;</a>&nbsp;&nbsp;&nbsp;GUI__IntersectRects
<LI><a href="#[35d]">&gt;&gt;</a>&nbsp;&nbsp;&nbsp;GUI_ALLOC_h2p
<LI><a href="#[356]">&gt;&gt;</a>&nbsp;&nbsp;&nbsp;GUI_ALLOC_UnlockH
<LI><a href="#[355]">&gt;&gt;</a>&nbsp;&nbsp;&nbsp;GUI_ALLOC_LockH
<LI><a href="#[3ea]">&gt;&gt;</a>&nbsp;&nbsp;&nbsp;_Findx0
<LI><a href="#[3dc]">&gt;&gt;</a>&nbsp;&nbsp;&nbsp;GUI_RectsIntersect
</UL>
<BR>[Called By]<UL><LI><a href="#[3ea]">&gt;&gt;</a>&nbsp;&nbsp;&nbsp;_Findx0
<LI><a href="#[3d1]">&gt;&gt;</a>&nbsp;&nbsp;&nbsp;_FindNext_IVR
</UL>

<P><STRONG><a name="[3eb]"></a>_Findx1</STRONG> (Thumb, 114 bytes, Stack size 32 bytes, wm.o(i._Findx1))
<BR><BR>[Stack]<UL><LI>Max Depth = 48 + In Cycle
<LI>Call Chain = _Findx1 &rArr;  _Findx1 (Cycle)
</UL>
<BR>[Calls]<UL><LI><a href="#[372]">&gt;&gt;</a>&nbsp;&nbsp;&nbsp;GUI__IntersectRects
<LI><a href="#[35d]">&gt;&gt;</a>&nbsp;&nbsp;&nbsp;GUI_ALLOC_h2p
<LI><a href="#[356]">&gt;&gt;</a>&nbsp;&nbsp;&nbsp;GUI_ALLOC_UnlockH
<LI><a href="#[355]">&gt;&gt;</a>&nbsp;&nbsp;&nbsp;GUI_ALLOC_LockH
<LI><a href="#[3eb]">&gt;&gt;</a>&nbsp;&nbsp;&nbsp;_Findx1
<LI><a href="#[3dc]">&gt;&gt;</a>&nbsp;&nbsp;&nbsp;GUI_RectsIntersect
</UL>
<BR>[Called By]<UL><LI><a href="#[3eb]">&gt;&gt;</a>&nbsp;&nbsp;&nbsp;_Findx1
<LI><a href="#[3d1]">&gt;&gt;</a>&nbsp;&nbsp;&nbsp;_FindNext_IVR
</UL>

<P><STRONG><a name="[3e9]"></a>_Findy1</STRONG> (Thumb, 166 bytes, Stack size 32 bytes, wm.o(i._Findy1))
<BR><BR>[Stack]<UL><LI>Max Depth = 48 + In Cycle
<LI>Call Chain = _Findy1 &rArr;  _Findy1 (Cycle)
</UL>
<BR>[Calls]<UL><LI><a href="#[372]">&gt;&gt;</a>&nbsp;&nbsp;&nbsp;GUI__IntersectRects
<LI><a href="#[35d]">&gt;&gt;</a>&nbsp;&nbsp;&nbsp;GUI_ALLOC_h2p
<LI><a href="#[356]">&gt;&gt;</a>&nbsp;&nbsp;&nbsp;GUI_ALLOC_UnlockH
<LI><a href="#[355]">&gt;&gt;</a>&nbsp;&nbsp;&nbsp;GUI_ALLOC_LockH
<LI><a href="#[3e9]">&gt;&gt;</a>&nbsp;&nbsp;&nbsp;_Findy1
<LI><a href="#[3dc]">&gt;&gt;</a>&nbsp;&nbsp;&nbsp;GUI_RectsIntersect
</UL>
<BR>[Called By]<UL><LI><a href="#[3e9]">&gt;&gt;</a>&nbsp;&nbsp;&nbsp;_Findy1
<LI><a href="#[3d1]">&gt;&gt;</a>&nbsp;&nbsp;&nbsp;_FindNext_IVR
</UL>

<P><STRONG><a name="[3c8]"></a>_Invalidate1Abs</STRONG> (Thumb, 122 bytes, Stack size 32 bytes, wm.o(i._Invalidate1Abs))
<BR><BR>[Stack]<UL><LI>Max Depth = 48<LI>Call Chain = _Invalidate1Abs &rArr; GUI__IntersectRects
</UL>
<BR>[Calls]<UL><LI><a href="#[372]">&gt;&gt;</a>&nbsp;&nbsp;&nbsp;GUI__IntersectRects
<LI><a href="#[35d]">&gt;&gt;</a>&nbsp;&nbsp;&nbsp;GUI_ALLOC_h2p
<LI><a href="#[356]">&gt;&gt;</a>&nbsp;&nbsp;&nbsp;GUI_ALLOC_UnlockH
<LI><a href="#[355]">&gt;&gt;</a>&nbsp;&nbsp;&nbsp;GUI_ALLOC_LockH
<LI><a href="#[397]">&gt;&gt;</a>&nbsp;&nbsp;&nbsp;GUI_SignalEvent
<LI><a href="#[3ef]">&gt;&gt;</a>&nbsp;&nbsp;&nbsp;GUI_MergeRect
<LI><a href="#[3ee]">&gt;&gt;</a>&nbsp;&nbsp;&nbsp;WM__RectIsNZ
</UL>
<BR>[Called By]<UL><LI><a href="#[3d3]">&gt;&gt;</a>&nbsp;&nbsp;&nbsp;WM__InvalidateRect
<LI><a href="#[3c6]">&gt;&gt;</a>&nbsp;&nbsp;&nbsp;WM__Invalidate1Abs
<LI><a href="#[3c7]">&gt;&gt;</a>&nbsp;&nbsp;&nbsp;WM_InvalidateWindowAndDescsEx
</UL>

<P><STRONG><a name="[48]"></a>_OnExit</STRONG> (Thumb, 48 bytes, Stack size 8 bytes, wm.o(i._OnExit))
<BR><BR>[Stack]<UL><LI>Max Depth = 8<LI>Call Chain = _OnExit
</UL>
<BR>[Address Reference Count : 1]<UL><LI> wm.o(i.WM_Init)
</UL>
<P><STRONG><a name="[3cc]"></a>_SetClipRectUserIntersect</STRONG> (Thumb, 68 bytes, Stack size 24 bytes, wm.o(i._SetClipRectUserIntersect))
<BR><BR>[Stack]<UL><LI>Max Depth = 64<LI>Call Chain = _SetClipRectUserIntersect &rArr; LCD_SetClipRectEx &rArr; GUI__IntersectRects
</UL>
<BR>[Calls]<UL><LI><a href="#[356]">&gt;&gt;</a>&nbsp;&nbsp;&nbsp;GUI_ALLOC_UnlockH
<LI><a href="#[355]">&gt;&gt;</a>&nbsp;&nbsp;&nbsp;GUI_ALLOC_LockH
<LI><a href="#[3ad]">&gt;&gt;</a>&nbsp;&nbsp;&nbsp;LCD_SetClipRectEx
<LI><a href="#[3c4]">&gt;&gt;</a>&nbsp;&nbsp;&nbsp;GUI__IntersectRect
<LI><a href="#[3c3]">&gt;&gt;</a>&nbsp;&nbsp;&nbsp;WM__Client2Screen
</UL>
<BR>[Called By]<UL><LI><a href="#[3cb]">&gt;&gt;</a>&nbsp;&nbsp;&nbsp;WM__ActivateClipRect
</UL>

<P><STRONG><a name="[47]"></a>_cbBackWin</STRONG> (Thumb, 74 bytes, Stack size 8 bytes, wm.o(i._cbBackWin))
<BR><BR>[Stack]<UL><LI>Max Depth = 176<LI>Call Chain = _cbBackWin &rArr; WM_DefaultProc &rArr; WM_InvalidateWindow &rArr; WM_InvalidateRect &rArr; WM__InvalidateRectEx &rArr; WM__InvalidateRect &rArr;  WM__InvalidateRect (Cycle)
</UL>
<BR>[Calls]<UL><LI><a href="#[114]">&gt;&gt;</a>&nbsp;&nbsp;&nbsp;GUI_SetBkColor
<LI><a href="#[1ca]">&gt;&gt;</a>&nbsp;&nbsp;&nbsp;GUI_Clear
<LI><a href="#[3ce]">&gt;&gt;</a>&nbsp;&nbsp;&nbsp;_DesktopHandle2Index
<LI><a href="#[396]">&gt;&gt;</a>&nbsp;&nbsp;&nbsp;GUI_StoreKey
<LI><a href="#[3bb]">&gt;&gt;</a>&nbsp;&nbsp;&nbsp;WM_DefaultProc
</UL>
<BR>[Address Reference Count : 1]<UL><LI> wm.o(i.WM_Init)
</UL>
<P><STRONG><a name="[8d]"></a>_Color2Index_0</STRONG> (Thumb, 84 bytes, Stack size 32 bytes, guicc_0.o(i._Color2Index_0))
<BR><BR>[Stack]<UL><LI>Max Depth = 48<LI>Call Chain = _Color2Index_0 &rArr; LCD_GetNumColors &rArr; _GetDevProp
</UL>
<BR>[Calls]<UL><LI><a href="#[3a5]">&gt;&gt;</a>&nbsp;&nbsp;&nbsp;LCD_GetPalette
<LI><a href="#[3a2]">&gt;&gt;</a>&nbsp;&nbsp;&nbsp;LCD_GetNumColors
<LI><a href="#[3d7]">&gt;&gt;</a>&nbsp;&nbsp;&nbsp;GUI_CalcColorDist
</UL>
<BR>[Address Reference Count : 1]<UL><LI> guicc_0.o(.constdata)
</UL>
<P><STRONG><a name="[8f]"></a>_GetIndexMask_0</STRONG> (Thumb, 82 bytes, Stack size 8 bytes, guicc_0.o(i._GetIndexMask_0))
<BR><BR>[Stack]<UL><LI>Max Depth = 24<LI>Call Chain = _GetIndexMask_0 &rArr; LCD_GetNumColors &rArr; _GetDevProp
</UL>
<BR>[Calls]<UL><LI><a href="#[3a2]">&gt;&gt;</a>&nbsp;&nbsp;&nbsp;LCD_GetNumColors
</UL>
<BR>[Address Reference Count : 1]<UL><LI> guicc_0.o(.constdata)
</UL>
<P><STRONG><a name="[8e]"></a>_Index2Color_0</STRONG> (Thumb, 32 bytes, Stack size 16 bytes, guicc_0.o(i._Index2Color_0))
<BR><BR>[Stack]<UL><LI>Max Depth = 32<LI>Call Chain = _Index2Color_0 &rArr; LCD_GetNumColors &rArr; _GetDevProp
</UL>
<BR>[Calls]<UL><LI><a href="#[3a5]">&gt;&gt;</a>&nbsp;&nbsp;&nbsp;LCD_GetPalette
<LI><a href="#[3a2]">&gt;&gt;</a>&nbsp;&nbsp;&nbsp;LCD_GetNumColors
</UL>
<BR>[Address Reference Count : 1]<UL><LI> guicc_0.o(.constdata)
</UL>
<P><STRONG><a name="[3d8]"></a>_Convert16</STRONG> (Thumb, 62 bytes, Stack size 40 bytes, guidev_writetoactiveopaque.o(i._Convert16))
<BR><BR>[Stack]<UL><LI>Max Depth = 48<LI>Call Chain = _Convert16 &rArr; GUI__CompactPixelIndices
</UL>
<BR>[Calls]<UL><LI><a href="#[3d9]">&gt;&gt;</a>&nbsp;&nbsp;&nbsp;GUI__CompactPixelIndices
</UL>
<BR>[Called By]<UL><LI><a href="#[38d]">&gt;&gt;</a>&nbsp;&nbsp;&nbsp;_WriteToActiveOpaque_8
</UL>

<P><STRONG><a name="[3da]"></a>_Convert8</STRONG> (Thumb, 62 bytes, Stack size 40 bytes, guidev_writetoactiveopaque.o(i._Convert8))
<BR><BR>[Stack]<UL><LI>Max Depth = 48<LI>Call Chain = _Convert8 &rArr; GUI__CompactPixelIndices
</UL>
<BR>[Calls]<UL><LI><a href="#[3d9]">&gt;&gt;</a>&nbsp;&nbsp;&nbsp;GUI__CompactPixelIndices
</UL>
<BR>[Called By]<UL><LI><a href="#[38d]">&gt;&gt;</a>&nbsp;&nbsp;&nbsp;_WriteToActiveOpaque_8
</UL>

<P><STRONG><a name="[38d]"></a>_WriteToActiveOpaque_8</STRONG> (Thumb, 824 bytes, Stack size 168 bytes, guidev_writetoactiveopaque.o(i._WriteToActiveOpaque_8))
<BR><BR>[Stack]<UL><LI>Max Depth = 296<LI>Call Chain = _WriteToActiveOpaque_8 &rArr; GUI_ALLOC_AllocNoInit &rArr; _Alloc &rArr; _InitOnce &rArr; _EnlargeBlocks &rArr;  _Alloc (Cycle)
</UL>
<BR>[Calls]<UL><LI><a href="#[346]">&gt;&gt;</a>&nbsp;&nbsp;&nbsp;LCD_DrawBitmap
<LI><a href="#[356]">&gt;&gt;</a>&nbsp;&nbsp;&nbsp;GUI_ALLOC_UnlockH
<LI><a href="#[355]">&gt;&gt;</a>&nbsp;&nbsp;&nbsp;GUI_ALLOC_LockH
<LI><a href="#[357]">&gt;&gt;</a>&nbsp;&nbsp;&nbsp;GUI_ALLOC_Free
<LI><a href="#[352]">&gt;&gt;</a>&nbsp;&nbsp;&nbsp;GUI_ALLOC_AllocNoInit
<LI><a href="#[3f2]">&gt;&gt;</a>&nbsp;&nbsp;&nbsp;GUI_GetpfIndex2ColorEx
<LI><a href="#[3f3]">&gt;&gt;</a>&nbsp;&nbsp;&nbsp;GUI_GetpfColor2IndexEx
<LI><a href="#[3f1]">&gt;&gt;</a>&nbsp;&nbsp;&nbsp;GUI_GetBitsPerPixelEx
<LI><a href="#[3b0]">&gt;&gt;</a>&nbsp;&nbsp;&nbsp;LCD__DrawBitmap_1bpp
<LI><a href="#[3da]">&gt;&gt;</a>&nbsp;&nbsp;&nbsp;_Convert8
<LI><a href="#[3d8]">&gt;&gt;</a>&nbsp;&nbsp;&nbsp;_Convert16
<LI><a href="#[38c]">&gt;&gt;</a>&nbsp;&nbsp;&nbsp;GUI_MEMDEV_GetDataPtr
</UL>
<BR>[Called By]<UL><LI><a href="#[5a]">&gt;&gt;</a>&nbsp;&nbsp;&nbsp;GUI_MEMDEV__WriteToActiveOpaque
</UL>

<P><STRONG><a name="[38e]"></a>_WriteToActiveOpaque_HT</STRONG> (Thumb, 826 bytes, Stack size 144 bytes, guidev_writetoactiveopaque.o(i._WriteToActiveOpaque_HT))
<BR><BR>[Stack]<UL><LI>Max Depth = 272<LI>Call Chain = _WriteToActiveOpaque_HT &rArr; GUI_ALLOC_AllocNoInit &rArr; _Alloc &rArr; _InitOnce &rArr; _EnlargeBlocks &rArr;  _Alloc (Cycle)
</UL>
<BR>[Calls]<UL><LI><a href="#[346]">&gt;&gt;</a>&nbsp;&nbsp;&nbsp;LCD_DrawBitmap
<LI><a href="#[356]">&gt;&gt;</a>&nbsp;&nbsp;&nbsp;GUI_ALLOC_UnlockH
<LI><a href="#[355]">&gt;&gt;</a>&nbsp;&nbsp;&nbsp;GUI_ALLOC_LockH
<LI><a href="#[357]">&gt;&gt;</a>&nbsp;&nbsp;&nbsp;GUI_ALLOC_Free
<LI><a href="#[352]">&gt;&gt;</a>&nbsp;&nbsp;&nbsp;GUI_ALLOC_AllocNoInit
<LI><a href="#[3f1]">&gt;&gt;</a>&nbsp;&nbsp;&nbsp;GUI_GetBitsPerPixelEx
</UL>
<BR>[Called By]<UL><LI><a href="#[5a]">&gt;&gt;</a>&nbsp;&nbsp;&nbsp;GUI_MEMDEV__WriteToActiveOpaque
</UL>

<P><STRONG><a name="[415]"></a>_dadd1</STRONG> (Thumb, 0 bytes, Stack size unknown bytes, daddsub_clz.o(x$fpl$dadd), UNUSED)
<BR><BR>[Called By]<UL><LI><a href="#[416]">&gt;&gt;</a>&nbsp;&nbsp;&nbsp;_dsub
<LI><a href="#[414]">&gt;&gt;</a>&nbsp;&nbsp;&nbsp;_drsb
</UL>

<P><STRONG><a name="[408]"></a>_dsub1</STRONG> (Thumb, 0 bytes, Stack size unknown bytes, daddsub_clz.o(x$fpl$dsub), UNUSED)
<BR><BR>[Called By]<UL><LI><a href="#[414]">&gt;&gt;</a>&nbsp;&nbsp;&nbsp;_drsb
<LI><a href="#[407]">&gt;&gt;</a>&nbsp;&nbsp;&nbsp;_dadd
</UL>

<P><STRONG><a name="[424]"></a>_fadd1</STRONG> (Thumb, 0 bytes, Stack size unknown bytes, faddsub_clz.o(x$fpl$fadd), UNUSED)
<BR><BR>[Called By]<UL><LI><a href="#[423]">&gt;&gt;</a>&nbsp;&nbsp;&nbsp;_fsub
</UL>

<P><STRONG><a name="[41a]"></a>_fsub1</STRONG> (Thumb, 0 bytes, Stack size unknown bytes, faddsub_clz.o(x$fpl$fsub), UNUSED)
<BR><BR>[Called By]<UL><LI><a href="#[419]">&gt;&gt;</a>&nbsp;&nbsp;&nbsp;_fadd
</UL>

<P><STRONG><a name="[3e]"></a>_printf_input_char</STRONG> (Thumb, 10 bytes, Stack size 0 bytes, _printf_char_common.o(.text))
<BR>[Address Reference Count : 1]<UL><LI> _printf_char_common.o(.text)
</UL>
<P><STRONG><a name="[30a]"></a>_local_sscanf</STRONG> (Thumb, 60 bytes, Stack size 56 bytes, strtod.o(.text))
<BR><BR>[Stack]<UL><LI>Max Depth = 396<LI>Call Chain = _local_sscanf &rArr; _scanf_real &rArr; _scanf_really_real &rArr; _fp_value &rArr; _btod_etento &rArr; _btod_emul &rArr; _e2e
</UL>
<BR>[Calls]<UL><LI><a href="#[30b]">&gt;&gt;</a>&nbsp;&nbsp;&nbsp;_scanf_real
</UL>
<BR>[Called By]<UL><LI><a href="#[30c]">&gt;&gt;</a>&nbsp;&nbsp;&nbsp;__strtod_int
</UL>

<P><STRONG><a name="[30f]"></a>_fp_digits</STRONG> (Thumb, 432 bytes, Stack size 96 bytes, _printf_fp_dec.o(.text))
<BR><BR>[Stack]<UL><LI>Max Depth = 220<LI>Call Chain = _fp_digits &rArr; _btod_etento &rArr; _btod_emul &rArr; _e2e
</UL>
<BR>[Calls]<UL><LI><a href="#[313]">&gt;&gt;</a>&nbsp;&nbsp;&nbsp;_btod_emul
<LI><a href="#[312]">&gt;&gt;</a>&nbsp;&nbsp;&nbsp;_btod_ediv
<LI><a href="#[311]">&gt;&gt;</a>&nbsp;&nbsp;&nbsp;_btod_d2e
<LI><a href="#[310]">&gt;&gt;</a>&nbsp;&nbsp;&nbsp;_btod_etento
<LI><a href="#[307]">&gt;&gt;</a>&nbsp;&nbsp;&nbsp;_ll_udiv10
</UL>
<BR>[Called By]<UL><LI><a href="#[314]">&gt;&gt;</a>&nbsp;&nbsp;&nbsp;_printf_fp_dec_real
</UL>

<P><STRONG><a name="[31b]"></a>_fp_value</STRONG> (Thumb, 588 bytes, Stack size 96 bytes, scanf_fp.o(.text))
<BR><BR>[Stack]<UL><LI>Max Depth = 220<LI>Call Chain = _fp_value &rArr; _btod_etento &rArr; _btod_emul &rArr; _e2e
</UL>
<BR>[Calls]<UL><LI><a href="#[2]">&gt;&gt;</a>&nbsp;&nbsp;&nbsp;__ieee_status
<LI><a href="#[31c]">&gt;&gt;</a>&nbsp;&nbsp;&nbsp;_btod_emuld
<LI><a href="#[31d]">&gt;&gt;</a>&nbsp;&nbsp;&nbsp;_btod_edivd
<LI><a href="#[310]">&gt;&gt;</a>&nbsp;&nbsp;&nbsp;_btod_etento
<LI><a href="#[300]">&gt;&gt;</a>&nbsp;&nbsp;&nbsp;__aeabi_errno_addr
</UL>
<BR>[Called By]<UL><LI><a href="#[31e]">&gt;&gt;</a>&nbsp;&nbsp;&nbsp;_scanf_really_real
</UL>
<P>
<H3>
Undefined Global Symbols
</H3><HR></body></html>
