<html>
<body>
<pre>
<h1>µVision Build Log</h1>
<h2>Tool Versions:</h2>
IDE-Version: ¦ÌVision V5.25.3.0
Copyright (C) 2018 ARM Ltd and ARM Germany GmbH. All rights reserved.
License Information: 1 Microsoft, Microsoft, LIC=03C6R-KIDXE-2Z1W4-FI5SL-E8BHU-R7F4D
 
Tool Versions:
Toolchain:       MDK-ARM Plus  Version: 5.25.2.0
Toolchain Path:  E:\Keil_v5\ARM\ARMCC\Bin
C Compiler:      Armcc.exe V5.06 update 6 (build 750)
Assembler:       Armasm.exe V5.06 update 6 (build 750)
Linker/Locator:  ArmLink.exe V5.06 update 6 (build 750)
Library Manager: ArmAr.exe V5.06 update 6 (build 750)
Hex Converter:   FromElf.exe V5.06 update 6 (build 750)
CPU DLL:         SARMCM3.DLL V5.25.2.0
Dialog DLL:      DARMP1.DLL V1.27.0.0
Target DLL:      Segger\JL2CM3.dll V2.99.29.0
Dialog DLL:      TARMP1.DLL V1.26.0.0
 
<h2>Project:</h2>
F:\JK9310\Project\project.uvprojx
Project File Date:  02/28/2022

<h2>Output:</h2>
*** Using Compiler 'V5.06 update 6 (build 750)', folder: 'E:\Keil_v5\ARM\ARMCC\Bin'
Build target 'Open1788'
compiling main.c...
..\User\Key/key.h(13): warning:  #47-D: incompatible redefinition of macro "TICKS_PER_SEC"  (declared at line 92 of "..\Libraries\Drivers\include\debug_frmwrk.h")
  #define TICKS_PER_SEC 100     //????????????????????100x10mS(T0)=1S
..\User\Test\Debug.h(28): warning:  #1-D: last line of file ends without a newline
  //==========================================================
..\User\main.c(215): warning:  #177-D: variable "i"  was declared but never referenced
      static uint16_t i=0;
..\User\main.c: 3 warnings, 0 errors
compiling timer.c...
..\Libraries\Drivers\include\debug_frmwrk.h(92): warning:  #47-D: incompatible redefinition of macro "TICKS_PER_SEC"  (declared at line 13 of "..\User\Key/key.h")
  #define TICKS_PER_SEC 1000    //????????????????????100x10mS(T0)=1S
..\User\timer.c(108): warning:  #223-D: function "RecHandle" declared implicitly
          RecHandle();
..\User\timer.c(41): warning:  #177-D: variable "crc1"  was declared but never referenced
        static uint16_t crc1;
..\User\timer.c: 3 warnings, 0 errors
compiling lpc177x_8x_lcd.c...
compiling use_disp.c...
..\User\UseDisp\use_disp.c(1937): warning:  #167-D: argument of type "const u8 *" is incompatible with parameter of type "const char *restrict"
                                strcat(DispBuf,Test_IRUINT[test_value.uint]);
..\User\UseDisp\use_disp.c(1953): warning:  #167-D: argument of type "const uint8_t *" is incompatible with parameter of type "const char *restrict"
                        strcat(DispBuf,Disp_Unit[test_value.uint]);
..\User\UseDisp\use_disp.c(2288): warning:  #167-D: argument of type "const uint8_t *" is incompatible with parameter of type "const char *restrict"
                  strcat(DispBuf,Disp_Unit[1]);
..\User\UseDisp\use_disp.c(2489): warning:  #167-D: argument of type "char *" is incompatible with parameter of type "const uint8_t *"
        WriteString_16(LIST1+DATA_SPACE1+8, FIRSTLINE+SPACE1*2, DispBuf,  0);
..\User\UseDisp\use_disp.c(2508): warning:  #167-D: argument of type "char *" is incompatible with parameter of type "const uint8_t *"
        WriteString_16(LIST1+DATA_SPACE1+8, FIRSTLINE+SPACE1*3, DispBuf,  0);
..\User\UseDisp\use_disp.c(2544): warning:  #167-D: argument of type "char *" is incompatible with parameter of type "const uint8_t *"
        WriteString_16(LIST2+DATA_SPACE1+10+8, FIRSTLINE+SPACE1*2, DispBuf,  0);
..\User\UseDisp\use_disp.c(2561): warning:  #167-D: argument of type "char *" is incompatible with parameter of type "const uint8_t *"
        WriteString_16(LIST2+DATA_SPACE1+8, FIRSTLINE+SPACE1*3, DispBuf,  0);
..\User\UseDisp\use_disp.c(2855): warning:  #167-D: argument of type "const uint8_t *" is incompatible with parameter of type "const char *restrict"
                  strcat(DispBuf,Disp_Unit[1]);
..\User\UseDisp\use_disp.c(2571): warning:  #177-D: variable "num"  was declared but never referenced
      u8 num=(MAX_SETP[U9001_Save_sys.U9001_save.U9001_Setup[U9001_Save_sys.U9001_save.current_step].parameter]+1)/2;
..\User\UseDisp\use_disp.c(2891): warning:  #177-D: variable "Black_Select"  was declared but never referenced
        vu32 Black_Select;
..\User\UseDisp\use_disp.c(2979): warning:  #177-D: variable "i"  was declared but never referenced
        vu32 i;
..\User\UseDisp\use_disp.c(3011): warning:  #167-D: argument of type "char *" is incompatible with parameter of type "const uint8_t *"
        WriteString_16(LIST1+160+160, FIRSTLINE+SPACE1*(list+1), DispBuf,  1);
..\User\UseDisp\use_disp.c(3035): warning:  #167-D: argument of type "char *" is incompatible with parameter of type "const uint8_t *"
          WriteString_16(LIST1+160, FIRSTLINE+SPACE1*(i+2), DispBuf,  1);
..\User\UseDisp\use_disp.c(3933): warning:  #167-D: argument of type "const u8 *" is incompatible with parameter of type "const char *"
                                         GUI_DispStringAt(Test_IRUINT[test_value.uint],DISP_V_XPOS+50+6*25,DISP_V_YPOS+50);
..\User\UseDisp\use_disp.c(3968): warning:  #167-D: argument of type "const uint8_t *" is incompatible with parameter of type "const char *"
              GUI_DispStringAt(Disp_Unit[1],DISP_V_XPOS+50+6*25,DISP_V_YPOS+50);
..\User\UseDisp\use_disp.c(4153): warning:  #167-D: argument of type "char *" is incompatible with parameter of type "const uint8_t *"
                WriteString_12(LIST2+140, 58+i*15, DispBuf,  1);//?????????????€?  ??????????????€????????????
..\User\UseDisp\use_disp.c(4456): warning:  #111-D: statement is unreachable
                  break;
..\User\UseDisp\use_disp.c(4492): warning:  #177-D: variable "j"  was declared but never referenced
        vu16 j,i;
..\User\UseDisp\use_disp.c(4492): warning:  #177-D: variable "i"  was declared but never referenced
        vu16 j,i;
..\User\UseDisp\use_disp.c(4493): warning:  #177-D: variable "pt"  was declared but never referenced
        vu8 *pt;
..\User\UseDisp\use_disp.c(4494): warning:  #177-D: variable "ppt"  was declared but never referenced
      uint16_t *ppt;
..\User\UseDisp\use_disp.c(4734): warning:  #550-D: variable "addr"  was set but never used
        LcdAddr_TypeDef addr;//???????????€??????
..\User\UseDisp\use_disp.c(5375): warning:  #69-D: integer conversion resulted in truncation
        lcd_Clear(LCD_COLOR_TEST_BACK);
..\User\UseDisp\use_disp.c(6091): warning:  #111-D: statement is unreachable
                        break;
..\User\UseDisp\use_disp.c(6098): warning:  #223-D: function "Uart0_Send" declared implicitly
        Uart0_Send(0x02);//??????
..\User\UseDisp\use_disp.c(5892): warning:  #550-D: variable "set_arc"  was set but never used
        vu8 set_arc;//?????????????????????
..\User\UseDisp\use_disp.c(6265): warning:  #177-D: variable "keynum"  was declared but never referenced
        vu32 keynum=0;
..\User\UseDisp\use_disp.c: 27 warnings, 0 errors
compiling key.c...
..\User\Key\key.c(286): warning:  #550-D: variable "keynum"  was set but never used
        static u8 keynum,keynum1;
..\User\Key\key.c(286): warning:  #177-D: variable "keynum1"  was declared but never referenced
        static u8 keynum,keynum1;
..\User\Key\key.c(313): warning:  #177-D: variable "value"  was declared but never referenced
        u8 value=0xff;
..\User\Key\key.c: 3 warnings, 0 errors
compiling test.c...
..\Libraries\Drivers\include\debug_frmwrk.h(92): warning:  #47-D: incompatible redefinition of macro "TICKS_PER_SEC"  (declared at line 13 of "..\User\key/key.h")
  #define TICKS_PER_SEC 1000    //????????????????????100x10mS(T0)=1S
..\User\Test\test.c(200): warning:  #177-D: variable "temp"  was declared but never referenced
        u8 temp[4];
..\User\Test\test.c(201): warning:  #177-D: variable "FlashID"  was declared but never referenced
                u32 FlashID;
..\User\Test\test.c(744): warning:  #177-D: variable "key"  was declared but never referenced
        vu8 key;
..\User\Test\test.c(841): warning:  #550-D: variable "Range_IR"  was set but never used
      u8 Range_IR=0;
..\User\Test\test.c(849): warning:  #550-D: variable "temp"  was set but never used
        vu32 temp;
..\User\Test\test.c(850): warning:  #177-D: variable "value"  was declared but never referenced
      float value;
..\User\Test\test.c(851): warning:  #177-D: variable "F_x"  was declared but never referenced
      float F_x;
..\User\Test\test.c(1676): warning:  #177-D: variable "pt"  was declared but never referenced
      vu16 *pt;
..\User\Test\test.c(1677): warning:  #177-D: variable "list"  was declared but never referenced
        u8 list=1;//????????0  ??????1??
..\User\Test\test.c(1678): warning:  #177-D: variable "line"  was declared but never referenced
      u8 line=0;//??
..\User\Test\test.c(1685): warning:  #177-D: variable "select_num"  was declared but never referenced
      u8 select_num=0;
..\User\Test\test.c(4295): warning:  #177-D: variable "select_num"  was declared but never referenced
      u8 select_num=0;
..\User\Test\test.c(4977): warning:  #177-D: variable "list"  was declared but never referenced
        u8 list=0;//??
..\User\Test\test.c(4979): warning:  #177-D: variable "item"  was declared but never referenced
      u8 item=0;
..\User\Test\test.c(6673): warning:  #188-D: enumerated type mixed with another type
        f_disp=FALSE;//????????
..\User\Test\test.c(6666): warning:  #177-D: variable "i"  was declared but never referenced
        u8 i;
..\User\Test\test.c(6667): warning:  #177-D: variable "key"  was declared but never referenced
        u8 key;
..\User\Test\test.c(6669): warning:  #177-D: variable "item"  was declared but never referenced
        u8 item;
..\User\Test\test.c(6670): warning:  #550-D: variable "time"  was set but never used
        u16 time;//????????????
..\User\Test\test.c(6671): warning:  #550-D: variable "f_disp"  was set but never used
        Bool f_disp;//????????
..\User\Test\test.c: 21 warnings, 0 errors
compiling GlobalValue.c...
compiling spi_da_ad.c...
..\User\Key/key.h(13): warning:  #47-D: incompatible redefinition of macro "TICKS_PER_SEC"  (declared at line 92 of "..\Libraries\Drivers\include\debug_frmwrk.h")
  #define TICKS_PER_SEC 100     //????????????????????100x10mS(T0)=1S
..\User\spi_ad_da\spi_da_ad.c(557): warning:  #223-D: function "abs" declared implicitly
        if(abs(Voltage-LastVoltage)<2)//????????????
..\User\spi_ad_da\spi_da_ad.c(580): warning:  #223-D: function "abs" declared implicitly
        if(abs(Current-LastCurrent)<2)//????????????
..\User\spi_ad_da\spi_da_ad.c: 3 warnings, 0 errors
compiling CPLD.c...
..\User\CPLD.c(43): warning:  #177-D: variable "i"  was declared but never referenced
        uint32_t i;
..\User\CPLD.c(316): warning:  #1-D: last line of file ends without a newline
  }
..\User\CPLD.c: 2 warnings, 0 errors
compiling Debug.c...
..\Libraries\Drivers\include\debug_frmwrk.h(92): warning:  #47-D: incompatible redefinition of macro "TICKS_PER_SEC"  (declared at line 13 of "..\User\key/key.h")
  #define TICKS_PER_SEC 1000    //????????????????????100x10mS(T0)=1S
..\User\Test\Debug.h(28): warning:  #1-D: last line of file ends without a newline
  //==========================================================
..\User\Test\Debug.c(71): warning:  #177-D: variable "key"  was declared but never referenced
        u8 key;
..\User\Test\Debug.c(202): warning:  #111-D: statement is unreachable
                                break;
..\User\Test\Debug.c(212): warning:  #111-D: statement is unreachable
                                break;
..\User\Test\Debug.c(167): warning:  #177-D: variable "key"  was declared but never referenced
        u8 key;
..\User\Test\Debug.c(306): warning:  #111-D: statement is unreachable
                      break;
..\User\Test\Debug.c(260): warning:  #177-D: variable "key"  was declared but never referenced
        u8 key;
..\User\Test\Debug.c(417): warning:  #111-D: statement is unreachable
                      break;
..\User\Test\Debug.c(365): warning:  #177-D: variable "key"  was declared but never referenced
        u8 key;
..\User\Test\Debug.c(535): warning:  #111-D: statement is unreachable
                      break;
..\User\Test\Debug.c(482): warning:  #177-D: variable "key"  was declared but never referenced
        u8 key;
..\User\Test\Debug.c(841): warning:  #111-D: statement is unreachable
                        break;
..\User\Test\Debug.c(1255): warning:  #111-D: statement is unreachable
                                break;
..\User\Test\Debug.c(698): warning:  #550-D: variable "dat"  was set but never used
        vu16 dat;
..\User\Test\Debug.c(699): warning:  #177-D: variable "temp"  was declared but never referenced
        vu32 temp;
..\User\Test\Debug.c(703): warning:  #177-D: variable "f_upper"  was declared but never referenced
        bool f_upper=FALSE;//??????????????????
..\User\Test\Debug.c(704): warning:  #177-D: variable "f_below"  was declared but never referenced
        bool f_below=FALSE;//??????????????????
..\User\Test\Debug.c(705): warning:  #177-D: variable "f_switch"  was declared but never referenced
        bool f_switch=FALSE;//??????????????????
..\User\Test\Debug.c(711): warning:  #550-D: variable "ad_high"  was set but never used
        vu16 ad_high;//AD?€???????
..\User\Test\Debug.c(712): warning:  #550-D: variable "ad_low"  was set but never used
        vu16 ad_low;//AD?€???????
..\User\Test\Debug.c(713): warning:  #550-D: variable "TestTime"  was set but never used
      u16 TestTime;
..\User\Test\Debug.c: 22 warnings, 0 errors
compiling scpi-def.c...
..\User\scpi-def.c(442): warning:  #223-D: function "Uart0_Send" declared implicitly
      Uart0_Send(0xa1);
..\User\scpi-def.c(443): warning:  #223-D: function "PLC_OutProg" declared implicitly
                PLC_OutProg();//??PLC????
..\User\scpi-def.c(453): warning:  #223-D: function "Beep_Off" declared implicitly
                        Beep_Off();
..\User\scpi-def.c(456): warning:  #223-D: function "V_DA_out" declared implicitly
              V_DA_out(0);
..\User\scpi-def.c(457): warning:  #223-D: function "Sing_out_C" declared implicitly
              Sing_out_C(0);
..\User\scpi-def.c(459): warning:  #223-D: function "FRB_out" declared implicitly
              FRB_out(0);
..\User\scpi-def.c(460): warning:  #223-D: function "Uart0_Send" declared implicitly
              Uart0_Send(0xa0);
..\User\scpi-def.c(748): warning:  #550-D: variable "res"  was set but never used
          scpi_expr_result_t res;
..\User\scpi-def.c(741): warning:  #550-D: variable "array"  was set but never used
      scpi_channel_value_t array[MAXROW * MAXCOL]; /* array which holds values in order (2D) */
..\User\scpi-def.c: 9 warnings, 0 errors
compiling debug_frmwrk.c...
..\User\Key/key.h(13): warning:  #47-D: incompatible redefinition of macro "TICKS_PER_SEC"  (declared at line 92 of "..\Libraries\Drivers\include\debug_frmwrk.h")
  #define TICKS_PER_SEC 100     //????????????????????100x10mS(T0)=1S
..\Libraries\Drivers\source\debug_frmwrk.c(853): warning:  #177-D: variable "pt"  was declared but never referenced
      Send_Testvalue_Typedef *pt;
..\Libraries\Drivers\source\debug_frmwrk.c(874): warning:  #177-D: variable "count"  was declared but never referenced
         static vu8 count = 0;
..\Libraries\Drivers\source\debug_frmwrk.c(875): warning:  #177-D: variable "dat"  was declared but never referenced
         uint8_t Status,dat;
..\Libraries\Drivers\source\debug_frmwrk.c(905): warning:  #167-D: argument of type "uint8_t *" is incompatible with parameter of type "const char *"
                SCPI_Input(&scpi_context, &Res, 1);
..\Libraries\Drivers\source\debug_frmwrk.c(888): warning:  #550-D: variable "Status"  was set but never used
        uint8_t Status,Res;
..\Libraries\Drivers\source\debug_frmwrk.c(983): warning:  #177-D: variable "crec"  was declared but never referenced
      u8 crec[6];
..\Libraries\Drivers\source\debug_frmwrk.c(984): warning:  #177-D: variable "csend"  was declared but never referenced
      u8 *csend;
..\Libraries\Drivers\source\debug_frmwrk.c(985): warning:  #177-D: variable "sendbuf"  was declared but never referenced
      static u8 *sendbuf;
..\Libraries\Drivers\source\debug_frmwrk.c(986): warning:  #177-D: variable "sendlen"  was declared but never referenced
      u8 sendlen;
..\Libraries\Drivers\source\debug_frmwrk.c(987): warning:  #177-D: variable "recrc"  was declared but never referenced
      static u16 recrc;
..\Libraries\Drivers\source\debug_frmwrk.c(988): warning:  #177-D: variable "scrc"  was declared but never referenced
      static u16 scrc;
..\Libraries\Drivers\source\debug_frmwrk.c(989): warning:  #177-D: variable "i"  was declared but never referenced
      u8 i;
..\Libraries\Drivers\source\debug_frmwrk.c(1234): warning:  #223-D: function "PLC_OutProg" declared implicitly
                                PLC_OutProg();//??PLC????
..\Libraries\Drivers\source\debug_frmwrk.c(1247): warning:  #223-D: function "V_DA_out" declared implicitly
                                                V_DA_out(0);
..\Libraries\Drivers\source\debug_frmwrk.c(1248): warning:  #223-D: function "Sing_out_C" declared implicitly
                                                Sing_out_C(0);
..\Libraries\Drivers\source\debug_frmwrk.c(1249): warning:  #223-D: function "Short_out" declared implicitly
                                                Short_out(0);
..\Libraries\Drivers\source\debug_frmwrk.c(1250): warning:  #223-D: function "FRB_out" declared implicitly
                                                FRB_out(0);
..\Libraries\Drivers\source\debug_frmwrk.c(1293): warning:  #223-D: function "V_DA_out" declared implicitly
                                V_DA_out(0);
..\Libraries\Drivers\source\debug_frmwrk.c(1294): warning:  #223-D: function "Sing_out_C" declared implicitly
                                Sing_out_C(0);
..\Libraries\Drivers\source\debug_frmwrk.c(1295): warning:  #223-D: function "Short_out" declared implicitly
                                Short_out(0);
..\Libraries\Drivers\source\debug_frmwrk.c(1296): warning:  #223-D: function "FRB_out" declared implicitly
                                FRB_out(0);
..\Libraries\Drivers\source\debug_frmwrk.c: 22 warnings, 0 errors
compiling usbhost_lpc17xx.c...
compiling AT45DB.c...
linking...
Program Size: Code=158248 RO-data=124076 RW-data=816 ZI-data=8392  
FromELF: creating hex file...
After Build - User command #1: E:\Keil_v5\ARM\ARMCC\bin\fromelf.exe --bin  -o ..\update\update.bin Output\project.axf
".\Output\project.axf" - 0 Error(s), 115 Warning(s).

<h2>Software Packages used:</h2>

Package Vendor: ARM
                http://www.keil.com/pack/ARM.CMSIS.5.7.0.pack
                ARM.CMSIS.5.7.0
                CMSIS (Cortex Microcontroller Software Interface Standard)
   * Component: CORE Version: 5.4.0

Package Vendor: Keil
                http://www.keil.com/pack/Keil.LPC1700_DFP.2.6.0.pack
                Keil.LPC1700_DFP.2.6.0
                NXP LPC1700 Series Device Support, Drivers and Examples for MCB1700 and LPC1788-32

<h2>Collection of Component include folders:</h2>
  .\RTE\_Open1788
  D:\Keil_v5\ARM\PACK\ARM\CMSIS\5.7.0\CMSIS\Core\Include
  D:\Keil_v5\ARM\PACK\Keil\LPC1700_DFP\2.6.0\Device\Include

<h2>Collection of Component Files used:</h2>

   * Component: ARM::CMSIS:CORE:5.4.0
Build Time Elapsed:  00:00:14
</pre>
</body>
</html>
