<html>
<body>
<pre>
<h1>µVision Build Log</h1>
<h2>Tool Versions:</h2>
IDE-Version: ¦ÌVision V5.25.3.0
Copyright (C) 2018 ARM Ltd and ARM Germany GmbH. All rights reserved.
License Information: 1 Microsoft, Microsoft, LIC=03C6R-KIDXE-2Z1W4-FI5SL-E8BHU-R7F4D
 
Tool Versions:
Toolchain:       MDK-ARM Plus  Version: 5.25.2.0
Toolchain Path:  E:\Keil_v5\ARM\ARMCC\Bin
C Compiler:      Armcc.exe V5.06 update 6 (build 750)
Assembler:       Armasm.exe V5.06 update 6 (build 750)
Linker/Locator:  ArmLink.exe V5.06 update 6 (build 750)
Library Manager: ArmAr.exe V5.06 update 6 (build 750)
Hex Converter:   FromElf.exe V5.06 update 6 (build 750)
CPU DLL:         SARMCM3.DLL V5.25.2.0
Dialog DLL:      DARMP1.DLL V1.27.0.0
Target DLL:      Segger\JL2CM3.dll V2.99.29.0
Dialog DLL:      TARMP1.DLL V1.26.0.0
 
<h2>Project:</h2>
F:\JK9310\Project\project.uvprojx
Project File Date:  02/28/2022

<h2>Output:</h2>
*** Using Compiler 'V5.06 update 6 (build 750)', folder: 'E:\Keil_v5\ARM\ARMCC\Bin'
Build target 'Open1788'
compiling debug_frmwrk.c...
..\User\Key/key.h(13): warning:  #47-D: incompatible redefinition of macro "TICKS_PER_SEC"  (declared at line 92 of "..\Libraries\Drivers\include\debug_frmwrk.h")
  #define TICKS_PER_SEC 100     //????????????????????100x10mS(T0)=1S
..\Libraries\Drivers\source\debug_frmwrk.c(853): warning:  #177-D: variable "pt"  was declared but never referenced
      Send_Testvalue_Typedef *pt;
..\Libraries\Drivers\source\debug_frmwrk.c(874): warning:  #177-D: variable "count"  was declared but never referenced
         static vu8 count = 0;
..\Libraries\Drivers\source\debug_frmwrk.c(875): warning:  #177-D: variable "dat"  was declared but never referenced
         uint8_t Status,dat;
..\Libraries\Drivers\source\debug_frmwrk.c(905): warning:  #167-D: argument of type "uint8_t *" is incompatible with parameter of type "const char *"
                SCPI_Input(&scpi_context, &Res, 1);
..\Libraries\Drivers\source\debug_frmwrk.c(888): warning:  #550-D: variable "Status"  was set but never used
        uint8_t Status,Res;
..\Libraries\Drivers\source\debug_frmwrk.c(983): warning:  #177-D: variable "crec"  was declared but never referenced
      u8 crec[6];
..\Libraries\Drivers\source\debug_frmwrk.c(984): warning:  #177-D: variable "csend"  was declared but never referenced
      u8 *csend;
..\Libraries\Drivers\source\debug_frmwrk.c(985): warning:  #177-D: variable "sendbuf"  was declared but never referenced
      static u8 *sendbuf;
..\Libraries\Drivers\source\debug_frmwrk.c(986): warning:  #177-D: variable "sendlen"  was declared but never referenced
      u8 sendlen;
..\Libraries\Drivers\source\debug_frmwrk.c(987): warning:  #177-D: variable "recrc"  was declared but never referenced
      static u16 recrc;
..\Libraries\Drivers\source\debug_frmwrk.c(988): warning:  #177-D: variable "scrc"  was declared but never referenced
      static u16 scrc;
..\Libraries\Drivers\source\debug_frmwrk.c(989): warning:  #177-D: variable "i"  was declared but never referenced
      u8 i;
..\Libraries\Drivers\source\debug_frmwrk.c(1246): warning:  #223-D: function "V_DA_out" declared implicitly
                                                V_DA_out(0);
..\Libraries\Drivers\source\debug_frmwrk.c(1247): warning:  #223-D: function "Sing_out_C" declared implicitly
                                                Sing_out_C(0);
..\Libraries\Drivers\source\debug_frmwrk.c(1248): warning:  #223-D: function "Short_out" declared implicitly
                                                Short_out(0);
..\Libraries\Drivers\source\debug_frmwrk.c(1249): warning:  #223-D: function "FRB_out" declared implicitly
                                                FRB_out(0);
..\Libraries\Drivers\source\debug_frmwrk.c(1292): warning:  #223-D: function "V_DA_out" declared implicitly
                                V_DA_out(0);
..\Libraries\Drivers\source\debug_frmwrk.c(1293): warning:  #223-D: function "Sing_out_C" declared implicitly
                                Sing_out_C(0);
..\Libraries\Drivers\source\debug_frmwrk.c(1294): warning:  #223-D: function "Short_out" declared implicitly
                                Short_out(0);
..\Libraries\Drivers\source\debug_frmwrk.c(1295): warning:  #223-D: function "FRB_out" declared implicitly
                                FRB_out(0);
..\Libraries\Drivers\source\debug_frmwrk.c: 21 warnings, 0 errors
linking...
Program Size: Code=157940 RO-data=123360 RW-data=816 ZI-data=8392  
FromELF: creating hex file...
After Build - User command #1: E:\Keil_v5\ARM\ARMCC\bin\fromelf.exe --bin  -o ..\update\update.bin Output\project.axf
".\Output\project.axf" - 0 Error(s), 21 Warning(s).

<h2>Software Packages used:</h2>

Package Vendor: ARM
                http://www.keil.com/pack/ARM.CMSIS.5.7.0.pack
                ARM.CMSIS.5.7.0
                CMSIS (Cortex Microcontroller Software Interface Standard)
   * Component: CORE Version: 5.4.0

Package Vendor: Keil
                http://www.keil.com/pack/Keil.LPC1700_DFP.2.6.0.pack
                Keil.LPC1700_DFP.2.6.0
                NXP LPC1700 Series Device Support, Drivers and Examples for MCB1700 and LPC1788-32

<h2>Collection of Component include folders:</h2>
  .\RTE\_Open1788
  D:\Keil_v5\ARM\PACK\ARM\CMSIS\5.7.0\CMSIS\Core\Include
  D:\Keil_v5\ARM\PACK\Keil\LPC1700_DFP\2.6.0\Device\Include

<h2>Collection of Component Files used:</h2>

   * Component: ARM::CMSIS:CORE:5.4.0
Build Time Elapsed:  00:00:01
</pre>
</body>
</html>
