<html>
<body>
<pre>
<h1>µVision Build Log</h1>
<h2>Tool Versions:</h2>
IDE-Version: ¦ÌVision V5.38.0.0
Copyright (C) 2022 ARM Ltd and ARM Germany GmbH. All rights reserved.
License Information: lj Administrator, JK, LIC=WHYH9-4ZW6G-TG17T-R739D-ZWPZ5-PK2TP
 
Tool Versions:
Toolchain:       MDK-ARM Plus  Version: 5.38.0.0
Toolchain Path:  C:\Keil_v5\ARM\ARMCC\Bin
C Compiler:      Armcc.exe V5.06 update 4 (build 422)
Assembler:       Armasm.exe V5.06 update 4 (build 422)
Linker/Locator:  ArmLink.exe V5.06 update 4 (build 422)
Library Manager: ArmAr.exe V5.06 update 4 (build 422)
Hex Converter:   FromElf.exe V5.06 update 4 (build 422)
CPU DLL:         SARMCM3.DLL V5.38.0.0
Dialog DLL:      DARMP1.DLL V1.28.1.0
Target DLL:      Segger\JL2CM3.dll V2.99.42.0
Dialog DLL:      TARMP1.DLL V1.27.1.0
 
<h2>Project:</h2>
H:\JK9310\Project\project.uvprojx
Project File Date:  07/07/2023

<h2>Output:</h2>
*** Using Compiler 'V5.06 update 4 (build 422)', folder: 'C:\Keil_v5\ARM\ARMCC\Bin'
Build target 'Open1788'
compiling use_disp.c...
..\User\UseDisp\use_disp.c(2065): warning:  #167-D: argument of type "const u8 *" is incompatible with parameter of type "const char *restrict"
  				strcat(DispBuf,Test_IRUINT[test_value.uint]);
..\User\UseDisp\use_disp.c(2090): warning:  #167-D: argument of type "const uint8_t *" is incompatible with parameter of type "const char *restrict"
  			strcat(DispBuf,Disp_Unit[test_value.uint]);
..\User\UseDisp\use_disp.c(2543): warning:  #167-D: argument of type "const uint8_t *" is incompatible with parameter of type "const char *restrict"
                  strcat(DispBuf,Disp_Unit[1]);
..\User\UseDisp\use_disp.c(2750): warning:  #167-D: argument of type "char *" is incompatible with parameter of type "const uint8_t *"
  	WriteString_16(
IST1+
ATA_SPACE1+8, 
IRSTLINE+
PACE1*2, DispBuf,  0);
..\User\UseDisp\use_disp.c(2769): warning:  #167-D: argument of type "char *" is incompatible with parameter of type "const uint8_t *"
  	WriteString_16(
IST1+
ATA_SPACE1+8, 
IRSTLINE+
PACE1*3, DispBuf,  0);
..\User\UseDisp\use_disp.c(2805): warning:  #167-D: argument of type "char *" is incompatible with parameter of type "const uint8_t *"
  	WriteString_16(
IST2+
ATA_SPACE1+10+8, 
IRSTLINE+
PACE1*2, DispBuf,  0);
..\User\UseDisp\use_disp.c(2822): warning:  #167-D: argument of type "char *" is incompatible with parameter of type "const uint8_t *"
  	WriteString_16(
IST2+
ATA_SPACE1+8, 
IRSTLINE+
PACE1*3, DispBuf,  0);
..\User\UseDisp\use_disp.c(3122): warning:  #167-D: argument of type "const uint8_t *" is incompatible with parameter of type "const char *restrict"
                  strcat(DispBuf,Disp_Unit[1]);
..\User\UseDisp\use_disp.c(2832): warning:  #177-D: variable "num"  was declared but never referenced
      u8 num=(MAX_SETP[U9001_Save_sys.U9001_save[U9001_Save_sys.currentgroup].U9001_Setup[U9001_Save_sys.U9001_save[U9001_Save_sys.currentgroup].current_step].parameter]+1)/2;
..\User\UseDisp\use_disp.c(3158): warning:  #177-D: variable "Black_Select"  was declared but never referenced
  	vu32 Black_Select;
..\User\UseDisp\use_disp.c(3246): warning:  #177-D: variable "i"  was declared but never referenced
  	vu32 i;
..\User\UseDisp\use_disp.c(3283): warning:  #167-D: argument of type "char *" is incompatible with parameter of type "const uint8_t *"
  	WriteString_16(
IST1+160+160, 
IRSTLINE+
PACE1*(list+1), DispBuf,  1);
..\User\UseDisp\use_disp.c(3307): warning:  #167-D: argument of type "char *" is incompatible with parameter of type "const uint8_t *"
          WriteString_16(
IST1+160, 
IRSTLINE+
PACE1*(i+2), DispBuf,  1);
..\User\UseDisp\use_disp.c(4256): warning:  #167-D: argument of type "const u8 *" is incompatible with parameter of type "const char *"
  								GUI_DispStringAt(Test_IRUINT[test_value.uint],
ISP_V_XPOS+50+6*25,
ISP_V_YPOS+50);
..\User\UseDisp\use_disp.c(4280): warning:  #167-D: argument of type "const u8 *" is incompatible with parameter of type "const char *"
  							GUI_DispStringAt(Test_IRUINT[3],
ISP_V_XPOS+50+6*25,
ISP_V_YPOS+50);
..\User\UseDisp\use_disp.c(4308): warning:  #167-D: argument of type "const uint8_t *" is incompatible with parameter of type "const char *"
              GUI_DispStringAt(Disp_Unit[1],
ISP_V_XPOS+50+6*25,
ISP_V_YPOS+50);
..\User\UseDisp\use_disp.c(4493): warning:  #167-D: argument of type "char *" is incompatible with parameter of type "const uint8_t *"
  		WriteString_12(
IST2+140, 58+i*15, DispBuf,  1);//?????????????€?  ??????????????€????????????
..\User\UseDisp\use_disp.c(4838): warning:  #175-D: subscript out of range
  								U9001_Setup[i+1].check > Set_IR_Compvalue[9][1])
..\User\UseDisp\use_disp.c(4841): warning:  #175-D: subscript out of range
  								U9001_Setup[i+1].check = Set_IR_Compvalue[9][1];
..\User\UseDisp\use_disp.c(4843): warning:  #175-D: subscript out of range
  								U9001_Setup[i+1].check < Set_IR_Compvalue[9][0])
..\User\UseDisp\use_disp.c(4846): warning:  #175-D: subscript out of range
  								U9001_Setup[i+1].check = Set_IR_Compvalue[9][0];
..\User\UseDisp\use_disp.c(4968): warning:  #175-D: subscript out of range
  									U9001_Setup[i+1].check > Set_ACW_Compvalue[9][1])
..\User\UseDisp\use_disp.c(4971): warning:  #175-D: subscript out of range
  									U9001_Setup[i+1].check = Set_ACW_Compvalue[9][1];
..\User\UseDisp\use_disp.c(4973): warning:  #175-D: subscript out of range
  									U9001_Setup[i+1].check < Set_ACW_Compvalue[9][0])
..\User\UseDisp\use_disp.c(4976): warning:  #175-D: subscript out of range
  									U9001_Setup[i+1].check = Set_ACW_Compvalue[9][0];
..\User\UseDisp\use_disp.c(5093): warning:  #175-D: subscript out of range
  									U9001_Setup[i+1].check > Set_ACW_Compvalue1[9][1])
..\User\UseDisp\use_disp.c(5096): warning:  #175-D: subscript out of range
  									U9001_Setup[i+1].check = Set_ACW_Compvalue1[9][1];
..\User\UseDisp\use_disp.c(5098): warning:  #175-D: subscript out of range
  									U9001_Setup[i+1].check < Set_ACW_Compvalue1[9][0])
..\User\UseDisp\use_disp.c(5101): warning:  #175-D: subscript out of range
  									U9001_Setup[i+1].check = Set_ACW_Compvalue1[9][0];
..\User\UseDisp\use_disp.c(5477): warning:  #175-D: subscript out of range
  									U9001_Setup[i+1].check > Set_OS_Compvalue[9][1])
..\User\UseDisp\use_disp.c(5480): warning:  #175-D: subscript out of range
  									U9001_Setup[i+1].check = Set_OS_Compvalue[9][1];
..\User\UseDisp\use_disp.c(5482): warning:  #175-D: subscript out of range
  									U9001_Setup[i+1].check < Set_OS_Compvalue[9][0])
..\User\UseDisp\use_disp.c(5485): warning:  #175-D: subscript out of range
  									U9001_Setup[i+1].check = Set_OS_Compvalue[9][0];
..\User\UseDisp\use_disp.c(5629): warning:  #111-D: statement is unreachable
                  break;
..\User\UseDisp\use_disp.c(4711): warning:  #177-D: variable "j"  was declared but never referenced
     u8 i,j;
..\User\UseDisp\use_disp.c(4712): warning:  #550-D: variable "pt"  was set but never used
     u32 *pt;
..\User\UseDisp\use_disp.c(4713): warning:  #177-D: variable "pt1"  was declared but never referenced
  	 u16 *pt1;
..\User\UseDisp\use_disp.c(5673): warning:  #177-D: variable "j"  was declared but never referenced
  	vu16 j,i;
..\User\UseDisp\use_disp.c(5673): warning:  #177-D: variable "i"  was declared but never referenced
  	vu16 j,i;
..\User\UseDisp\use_disp.c(5674): warning:  #177-D: variable "pt"  was declared but never referenced
  	vu8 *pt;
..\User\UseDisp\use_disp.c(5675): warning:  #177-D: variable "ppt"  was declared but never referenced
      uint16_t *ppt;
..\User\UseDisp\use_disp.c(5915): warning:  #550-D: variable "addr"  was set but never used
  	LcdAddr_TypeDef addr;//???????????€??????
..\User\UseDisp\use_disp.c(6556): warning:  #69-D: integer conversion resulted in truncation
  	lcd_Clear(
CD_COLOR_TEST_BACK);
..\User\UseDisp\use_disp.c(7289): warning:  #111-D: statement is unreachable
  			break;
..\User\UseDisp\use_disp.c(7296): warning:  #223-D: function "Uart0_Send" declared implicitly
  	Uart0_Send(0x02);//??????
..\User\UseDisp\use_disp.c(7090): warning:  #550-D: variable "set_arc"  was set but never used
  	vu8 set_arc;//?????????????????????
..\User\UseDisp\use_disp.c(7463): warning:  #177-D: variable "keynum"  was declared but never referenced
  	vu32 keynum=0;
..\User\UseDisp\use_disp.c: 47 warnings, 0 errors
linking...
Program Size: Code=208290 RO-data=128114 RW-data=816 ZI-data=12472  
FromELF: creating hex file...
After Build - User command #1: C:\Keil_v5\ARM\ARMCC\bin\fromelf.exe --bin  -o ..\update\update.bin Output\project.axf
".\Output\project.axf" - 0 Error(s), 47 Warning(s).

<h2>Software Packages used:</h2>

Package Vendor: ARM
                http://www.keil.com/pack/ARM.CMSIS.5.9.0.pack
                ARM.CMSIS.5.9.0
                CMSIS (Common Microcontroller Software Interface Standard)
   * Component: CORE Version: 5.6.0

Package Vendor: Keil
                http://www.keil.com/pack/Keil.LPC1700_DFP.2.7.1.pack
                Keil.LPC1700_DFP.2.7.1
                NXP LPC1700 Series Device Support, Drivers and Examples for MCB1700 and LPC1788-32

<h2>Collection of Component include folders:</h2>
  ./RTE/_Open1788
  C:/Keil_v5/ARM/PACK/ARM/CMSIS/5.9.0/CMSIS/Core/Include
  C:/Keil_v5/ARM/PACK/Keil/LPC1700_DFP/2.7.1/Device/Include

<h2>Collection of Component Files used:</h2>

   * Component: ARM::CMSIS:CORE:5.6.0
Build Time Elapsed:  00:00:03
</pre>
</body>
</html>
