<html>
<body>
<pre>
<h1>µVision Build Log</h1>
<h2>Tool Versions:</h2>
IDE-Version: ¦ÌVision V5.37.0.0
Copyright (C) 2022 ARM Ltd and ARM Germany GmbH. All rights reserved.
License Information: 1 Microsoft, Microsoft, LIC=03C6R-KIDXE-2Z1W4-FI5SL-E8BHU-R7F4D
 
Tool Versions:
Toolchain:       MDK-ARM Plus  Version: 5.37.0.0
Toolchain Path:  E:\Keil_v5\ARM\ARMCC\Bin
C Compiler:      Armcc.exe V5.06 update 6 (build 750)
Assembler:       Armasm.exe V5.06 update 6 (build 750)
Linker/Locator:  ArmLink.exe V5.06 update 6 (build 750)
Library Manager: ArmAr.exe V5.06 update 6 (build 750)
Hex Converter:   FromElf.exe V5.06 update 6 (build 750)
CPU DLL:         SARMCM3.DLL V5.37.0.0
Dialog DLL:      DARMP1.DLL V1.28.1.0
Target DLL:      Segger\JL2CM3.dll V2.99.42.0
Dialog DLL:      TARMP1.DLL V1.27.1.0
 
<h2>Project:</h2>
F:\JK9310\Project\project.uvprojx
Project File Date:  03/06/2023

<h2>Output:</h2>
*** Using Compiler 'V5.06 update 6 (build 750)', folder: 'E:\Keil_v5\ARM\ARMCC\Bin'
Build target 'Open1788'
compiling debug_frmwrk.c...
..\User\Key/key.h(13): warning:  #47-D: incompatible redefinition of macro "TICKS_PER_SEC"  (declared at line 92 of "..\Libraries\Drivers\include\debug_frmwrk.h")
  #define TICKS_PER_SEC 100     //????????????????????100x10mS(T0)=1S
..\Libraries\Drivers\source\debug_frmwrk.c(98): warning:  #177-D: variable "i"  was declared but never referenced
        u8 i,temp;
..\Libraries\Drivers\source\debug_frmwrk.c(891): warning:  #177-D: variable "pt"  was declared but never referenced
      Send_Testvalue_Typedef *pt;
..\Libraries\Drivers\source\debug_frmwrk.c(1143): warning:  #223-D: function "PLC_OutProg" declared implicitly
                                PLC_OutProg();//??PLC????
..\Libraries\Drivers\source\debug_frmwrk.c(1153): warning:  #223-D: function "V_DA_out" declared implicitly
                                                V_DA_out(0);
..\Libraries\Drivers\source\debug_frmwrk.c(1154): warning:  #223-D: function "Sing_out_C" declared implicitly
                                                Sing_out_C(0);
..\Libraries\Drivers\source\debug_frmwrk.c(1155): warning:  #223-D: function "Short_out" declared implicitly
                                                Short_out(0);
..\Libraries\Drivers\source\debug_frmwrk.c(1156): warning:  #223-D: function "FRB_out" declared implicitly
                                                FRB_out(0);
..\Libraries\Drivers\source\debug_frmwrk.c(1199): warning:  #223-D: function "V_DA_out" declared implicitly
                                V_DA_out(0);
..\Libraries\Drivers\source\debug_frmwrk.c(1200): warning:  #223-D: function "Sing_out_C" declared implicitly
                                Sing_out_C(0);
..\Libraries\Drivers\source\debug_frmwrk.c(1201): warning:  #223-D: function "Short_out" declared implicitly
                                Short_out(0);
..\Libraries\Drivers\source\debug_frmwrk.c(1202): warning:  #223-D: function "FRB_out" declared implicitly
                                FRB_out(0);
..\Libraries\Drivers\source\debug_frmwrk.c(1376): warning:  #940-D: missing return statement at end of non-void function "Uart3_Process" 
  }
..\Libraries\Drivers\source\debug_frmwrk.c(954): warning:  #177-D: variable "lenth"  was declared but never referenced
        u8 lenth = 0;
..\Libraries\Drivers\source\debug_frmwrk.c(955): warning:  #177-D: variable "recbuf"  was declared but never referenced
        u8 recbuf[30];
..\Libraries\Drivers\source\debug_frmwrk.c(1387): warning:  #177-D: variable "count"  was declared but never referenced
         static vu8 count = 0;
..\Libraries\Drivers\source\debug_frmwrk.c(1388): warning:  #177-D: variable "dat"  was declared but never referenced
         uint8_t Status,dat;
..\Libraries\Drivers\source\debug_frmwrk.c(1418): warning:  #167-D: argument of type "uint8_t *" is incompatible with parameter of type "const char *"
                SCPI_Input(&scpi_context, &Res, 1);
..\Libraries\Drivers\source\debug_frmwrk.c(1401): warning:  #550-D: variable "Status"  was set but never used
        uint8_t Status,Res;
..\Libraries\Drivers\source\debug_frmwrk.c(1536): warning:  #177-D: variable "crec"  was declared but never referenced
      u8 crec[6];
..\Libraries\Drivers\source\debug_frmwrk.c(1537): warning:  #177-D: variable "csend"  was declared but never referenced
      u8 *csend;
..\Libraries\Drivers\source\debug_frmwrk.c(1538): warning:  #177-D: variable "sendbuf"  was declared but never referenced
      static u8 *sendbuf;
..\Libraries\Drivers\source\debug_frmwrk.c(1539): warning:  #177-D: variable "sendlen"  was declared but never referenced
      u8 sendlen;
..\Libraries\Drivers\source\debug_frmwrk.c(1540): warning:  #177-D: variable "recrc"  was declared but never referenced
      static u16 recrc;
..\Libraries\Drivers\source\debug_frmwrk.c(1541): warning:  #177-D: variable "scrc"  was declared but never referenced
      static u16 scrc;
..\Libraries\Drivers\source\debug_frmwrk.c(1542): warning:  #177-D: variable "i"  was declared but never referenced
      u8 i;
..\Libraries\Drivers\source\debug_frmwrk.c(1787): warning:  #223-D: function "PLC_OutProg" declared implicitly
                                PLC_OutProg();//??PLC????
..\Libraries\Drivers\source\debug_frmwrk.c(1800): warning:  #223-D: function "V_DA_out" declared implicitly
                                                V_DA_out(0);
..\Libraries\Drivers\source\debug_frmwrk.c(1801): warning:  #223-D: function "Sing_out_C" declared implicitly
                                                Sing_out_C(0);
..\Libraries\Drivers\source\debug_frmwrk.c(1802): warning:  #223-D: function "Short_out" declared implicitly
                                                Short_out(0);
..\Libraries\Drivers\source\debug_frmwrk.c(1803): warning:  #223-D: function "FRB_out" declared implicitly
                                                FRB_out(0);
..\Libraries\Drivers\source\debug_frmwrk.c(1846): warning:  #223-D: function "V_DA_out" declared implicitly
                                V_DA_out(0);
..\Libraries\Drivers\source\debug_frmwrk.c(1847): warning:  #223-D: function "Sing_out_C" declared implicitly
                                Sing_out_C(0);
..\Libraries\Drivers\source\debug_frmwrk.c(1848): warning:  #223-D: function "Short_out" declared implicitly
                                Short_out(0);
..\Libraries\Drivers\source\debug_frmwrk.c(1849): warning:  #223-D: function "FRB_out" declared implicitly
                                FRB_out(0);
..\Libraries\Drivers\source\debug_frmwrk.c: 35 warnings, 0 errors
linking...
Program Size: Code=163632 RO-data=127636 RW-data=816 ZI-data=9504  
FromELF: creating hex file...
After Build - User command #1: E:\Keil_v5\ARM\ARMCC\bin\fromelf.exe --bin  -o ..\update\update.bin Output\project.axf
".\Output\project.axf" - 0 Error(s), 35 Warning(s).

<h2>Software Packages used:</h2>

Package Vendor: ARM
                http://www.keil.com/pack/ARM.CMSIS.5.8.0.pack
                ARM.CMSIS.5.8.0
                CMSIS (Common Microcontroller Software Interface Standard)
   * Component: CORE Version: 5.5.0

Package Vendor: Keil
                http://www.keil.com/pack/Keil.LPC1700_DFP.2.7.1.pack
                Keil.LPC1700_DFP.2.7.1
                NXP LPC1700 Series Device Support, Drivers and Examples for MCB1700 and LPC1788-32

<h2>Collection of Component include folders:</h2>
  ./RTE/_Open1788
  D:/Keil_v5/ARM/PACK/ARM/CMSIS/5.8.0/CMSIS/Core/Include
  D:/Keil_v5/ARM/PACK/Keil/LPC1700_DFP/2.7.1/Device/Include

<h2>Collection of Component Files used:</h2>

   * Component: ARM::CMSIS:CORE:5.5.0
Build Time Elapsed:  00:00:02
</pre>
</body>
</html>
