<html>
<body>
<pre>
<h1>µVision Build Log</h1>
<h2>Tool Versions:</h2>
IDE-Version: ¦ÌVision V5.38.0.0
Copyright (C) 2022 ARM Ltd and ARM Germany GmbH. All rights reserved.
License Information: lj Administrator, JK, LIC=WHYH9-4ZW6G-TG17T-R739D-ZWPZ5-PK2TP
 
Tool Versions:
Toolchain:       MDK-ARM Plus  Version: 5.38.0.0
Toolchain Path:  C:\Keil_v5\ARM\ARMCC\Bin
C Compiler:      Armcc.exe V5.06 update 4 (build 422)
Assembler:       Armasm.exe V5.06 update 4 (build 422)
Linker/Locator:  ArmLink.exe V5.06 update 4 (build 422)
Library Manager: ArmAr.exe V5.06 update 4 (build 422)
Hex Converter:   FromElf.exe V5.06 update 4 (build 422)
CPU DLL:         SARMCM3.DLL V5.38.0.0
Dialog DLL:      DARMP1.DLL V1.28.1.0
Target DLL:      Segger\JL2CM3.dll V2.99.42.0
Dialog DLL:      TARMP1.DLL V1.27.1.0
 
<h2>Project:</h2>
H:\JK9310\Project\project.uvprojx
Project File Date:  07/07/2023

<h2>Output:</h2>
*** Using Compiler 'V5.06 update 4 (build 422)', folder: 'C:\Keil_v5\ARM\ARMCC\Bin'
Build target 'Open1788'
compiling scpi-def.c...
..\User\scpi-def.c(583): warning:  #223-D: function "Uart0_Send" declared implicitly
      Uart0_Send(0xa1);
..\User\scpi-def.c(584): warning:  #223-D: function "PLC_OutProg" declared implicitly
  		PLC_OutProg();//??PLC????
..\User\scpi-def.c(594): warning:  #223-D: function "Beep_Off" declared implicitly
  			Beep_Off();
..\User\scpi-def.c(597): warning:  #223-D: function "V_DA_out" declared implicitly
              V_DA_out(0);
..\User\scpi-def.c(598): warning:  #223-D: function "Sing_out_C" declared implicitly
              Sing_out_C(0);
..\User\scpi-def.c(600): warning:  #223-D: function "FRB_out" declared implicitly
              FRB_out(0);
..\User\scpi-def.c(601): warning:  #223-D: function "Uart0_Send" declared implicitly
              Uart0_Send(0xa0);
..\User\scpi-def.c(901): warning:  #550-D: variable "res"  was set but never used
          scpi_expr_result_t res;
..\User\scpi-def.c(894): warning:  #550-D: variable "array"  was set but never used
      scpi_channel_value_t array[MAXROW * MAXCOL]; /* array which holds values in order (2D) */
..\User\scpi-def.c: 9 warnings, 0 errors
linking...
Program Size: Code=166534 RO-data=127630 RW-data=816 ZI-data=9504  
FromELF: creating hex file...
After Build - User command #1: C:\Keil_v5\ARM\ARMCC\bin\fromelf.exe --bin  -o ..\update\update.bin Output\project.axf
".\Output\project.axf" - 0 Error(s), 9 Warning(s).

<h2>Software Packages used:</h2>

Package Vendor: ARM
                http://www.keil.com/pack/ARM.CMSIS.5.9.0.pack
                ARM.CMSIS.5.9.0
                CMSIS (Common Microcontroller Software Interface Standard)
   * Component: CORE Version: 5.6.0

Package Vendor: Keil
                http://www.keil.com/pack/Keil.LPC1700_DFP.2.7.1.pack
                Keil.LPC1700_DFP.2.7.1
                NXP LPC1700 Series Device Support, Drivers and Examples for MCB1700 and LPC1788-32

<h2>Collection of Component include folders:</h2>
  ./RTE/_Open1788
  C:/Keil_v5/ARM/PACK/ARM/CMSIS/5.9.0/CMSIS/Core/Include
  C:/Keil_v5/ARM/PACK/Keil/LPC1700_DFP/2.7.1/Device/Include

<h2>Collection of Component Files used:</h2>

   * Component: ARM::CMSIS:CORE:5.6.0
Build Time Elapsed:  00:00:01
</pre>
</body>
</html>
