<html>
<body>
<pre>
<h1>µVision Build Log</h1>
<h2>Tool Versions:</h2>
IDE-Version: ¦ÌVision V5.25.3.0
Copyright (C) 2018 ARM Ltd and ARM Germany GmbH. All rights reserved.
License Information: 1 Microsoft, Microsoft, LIC=03C6R-KIDXE-2Z1W4-FI5SL-E8BHU-R7F4D
 
Tool Versions:
Toolchain:       MDK-ARM Plus  Version: 5.25.2.0
Toolchain Path:  E:\Keil_v5\ARM\ARMCC\Bin
C Compiler:      Armcc.exe V5.06 update 6 (build 750)
Assembler:       Armasm.exe V5.06 update 6 (build 750)
Linker/Locator:  ArmLink.exe V5.06 update 6 (build 750)
Library Manager: ArmAr.exe V5.06 update 6 (build 750)
Hex Converter:   FromElf.exe V5.06 update 6 (build 750)
CPU DLL:         SARMCM3.DLL V5.25.2.0
Dialog DLL:      DARMP1.DLL V1.27.0.0
Target DLL:      Segger\JL2CM3.dll V2.99.29.0
Dialog DLL:      TARMP1.DLL V1.26.0.0
 
<h2>Project:</h2>
F:\JK9310\Project\project.uvprojx
Project File Date:  11/12/2021

<h2>Output:</h2>
*** Using Compiler 'V5.06 update 6 (build 750)', folder: 'E:\Keil_v5\ARM\ARMCC\Bin'
Build target 'Open1788'
compiling main.c...
..\User\Key/key.h(13): warning:  #47-D: incompatible redefinition of macro "TICKS_PER_SEC"  (declared at line 92 of "..\Libraries\Drivers\include\debug_frmwrk.h")
  #define TICKS_PER_SEC 100     //????????????????????100x10mS(T0)=1S
..\User\Test\Debug.h(28): warning:  #1-D: last line of file ends without a newline
  //==========================================================
..\User\main.c(211): warning:  #177-D: variable "i"  was declared but never referenced
      static uint16_t i=0;
..\User\main.c: 3 warnings, 0 errors
compiling test.c...
..\Libraries\Drivers\include\debug_frmwrk.h(92): warning:  #47-D: incompatible redefinition of macro "TICKS_PER_SEC"  (declared at line 13 of "..\User\key/key.h")
  #define TICKS_PER_SEC 1000    //????????????????????100x10mS(T0)=1S
..\User\Test\test.c(195): warning:  #177-D: variable "FlashID"  was declared but never referenced
                u32 FlashID;
..\User\Test\test.c(702): warning:  #177-D: variable "key"  was declared but never referenced
        vu8 key;
..\User\Test\test.c(795): warning:  #550-D: variable "Range_IR"  was set but never used
      u8 Range_IR=0;
..\User\Test\test.c(803): warning:  #550-D: variable "temp"  was set but never used
        vu32 temp;
..\User\Test\test.c(1440): warning:  #177-D: variable "pt"  was declared but never referenced
      vu16 *pt;
..\User\Test\test.c(1441): warning:  #550-D: variable "list"  was set but never used
        u8 list=1;//????????0  ??????1??
..\User\Test\test.c(2276): warning:  #177-D: variable "select_num"  was declared but never referenced
      u8 select_num=0;
..\User\Test\test.c(4421): warning:  #188-D: enumerated type mixed with another type
        f_disp=FALSE;//????????
..\User\Test\test.c(4437): warning:  #111-D: statement is unreachable
                  break;
..\User\Test\test.c(4414): warning:  #177-D: variable "i"  was declared but never referenced
        u8 i;
..\User\Test\test.c(4415): warning:  #177-D: variable "key"  was declared but never referenced
        u8 key;
..\User\Test\test.c(4417): warning:  #177-D: variable "item"  was declared but never referenced
        u8 item;
..\User\Test\test.c(4418): warning:  #550-D: variable "time"  was set but never used
        u16 time;//????????????
..\User\Test\test.c(4419): warning:  #550-D: variable "f_disp"  was set but never used
        Bool f_disp;//????????
..\User\Test\test.c: 15 warnings, 0 errors
linking...
Program Size: Code=148440 RO-data=126116 RW-data=776 ZI-data=8768  
FromELF: creating hex file...
".\Output\project.axf" - 0 Error(s), 18 Warning(s).

<h2>Software Packages used:</h2>

Package Vendor: ARM
                http://www.keil.com/pack/ARM.CMSIS.5.7.0.pack
                ARM.CMSIS.5.7.0
                CMSIS (Cortex Microcontroller Software Interface Standard)
   * Component: CORE Version: 5.4.0

Package Vendor: Keil
                http://www.keil.com/pack/Keil.LPC1700_DFP.2.6.0.pack
                Keil.LPC1700_DFP.2.6.0
                NXP LPC1700 Series Device Support, Drivers and Examples for MCB1700 and LPC1788-32

<h2>Collection of Component include folders:</h2>
  .\RTE\_Open1788
  D:\Keil_v5\ARM\PACK\ARM\CMSIS\5.7.0\CMSIS\Core\Include
  D:\Keil_v5\ARM\PACK\Keil\LPC1700_DFP\2.6.0\Device\Include

<h2>Collection of Component Files used:</h2>

   * Component: ARM::CMSIS:CORE:5.4.0
Build Time Elapsed:  00:00:02
</pre>
</body>
</html>
