<html>
<body>
<pre>
<h1>µVision Build Log</h1>
<h2>Tool Versions:</h2>
IDE-Version: ¦ÌVision V5.38.0.0
Copyright (C) 2022 ARM Ltd and ARM Germany GmbH. All rights reserved.
License Information: lj Administrator, JK, LIC=WHYH9-4ZW6G-TG17T-R739D-ZWPZ5-PK2TP
 
Tool Versions:
Toolchain:       MDK-ARM Plus  Version: 5.38.0.0
Toolchain Path:  C:\Keil_v5\ARM\ARMCC\Bin
C Compiler:      Armcc.exe V5.06 update 4 (build 422)
Assembler:       Armasm.exe V5.06 update 4 (build 422)
Linker/Locator:  ArmLink.exe V5.06 update 4 (build 422)
Library Manager: ArmAr.exe V5.06 update 4 (build 422)
Hex Converter:   FromElf.exe V5.06 update 4 (build 422)
CPU DLL:         SARMCM3.DLL V5.38.0.0
Dialog DLL:      DARMP1.DLL V1.28.1.0
Target DLL:      Segger\JL2CM3.dll V2.99.42.0
Dialog DLL:      TARMP1.DLL V1.27.1.0
 
<h2>Project:</h2>
H:\JK9310\Project\project.uvprojx
Project File Date:  07/07/2023

<h2>Output:</h2>
*** Using Compiler 'V5.06 update 4 (build 422)', folder: 'C:\Keil_v5\ARM\ARMCC\Bin'
Build target 'Open1788'
compiling test.c...
..\Libraries\Drivers\include\debug_frmwrk.h(92): warning:  #47-D: incompatible redefinition of macro "TICKS_PER_SEC"  (declared at line 13 of "..\User\key/key.h")
  #define TICKS_PER_SEC 1000	//????????????????????100x10mS(T0)=1S
..\User\Test\test.c(200): warning:  #177-D: variable "temp"  was declared but never referenced
  	u8 temp[4];
..\User\Test\test.c(201): warning:  #177-D: variable "FlashID"  was declared but never referenced
  		u32 FlashID;
..\User\Test\test.c(775): warning:  #177-D: variable "key"  was declared but never referenced
  	vu8 key;
..\User\Test\test.c(871): warning:  #550-D: variable "Range_IR"  was set but never used
      u8 Range_IR=0;
..\User\Test\test.c(879): warning:  #550-D: variable "temp"  was set but never used
  	vu32 temp;
..\User\Test\test.c(880): warning:  #177-D: variable "value"  was declared but never referenced
    float value;
..\User\Test\test.c(881): warning:  #177-D: variable "F_x"  was declared but never referenced
    float F_x;
..\User\Test\test.c(1755): warning:  #177-D: variable "pt"  was declared but never referenced
      vu16 *pt;
..\User\Test\test.c(1756): warning:  #177-D: variable "list"  was declared but never referenced
  	u8 list=1;//????????0  ??????1??
..\User\Test\test.c(1757): warning:  #177-D: variable "line"  was declared but never referenced
      u8 line=0;//??
..\User\Test\test.c(1764): warning:  #177-D: variable "select_num"  was declared but never referenced
      u8 select_num=0;
..\User\Test\test.c(4384): warning:  #177-D: variable "select_num"  was declared but never referenced
      u8 select_num=0;
..\User\Test\test.c(5066): warning:  #177-D: variable "list"  was declared but never referenced
  	u8 list=0;//??
..\User\Test\test.c(5068): warning:  #177-D: variable "item"  was declared but never referenced
      u8 item=0;
..\User\Test\test.c(6766): warning:  #188-D: enumerated type mixed with another type
  	f_disp=
ALSE;//????????
..\User\Test\test.c(6759): warning:  #177-D: variable "i"  was declared but never referenced
  	u8 i;
..\User\Test\test.c(6760): warning:  #177-D: variable "key"  was declared but never referenced
  	u8 key;
..\User\Test\test.c(6762): warning:  #177-D: variable "item"  was declared but never referenced
  	u8 item;
..\User\Test\test.c(6763): warning:  #550-D: variable "time"  was set but never used
  	u16 time;//????????????
..\User\Test\test.c(6764): warning:  #550-D: variable "f_disp"  was set but never used
  	Bool f_disp;//????????
..\User\Test\test.c: 21 warnings, 0 errors
linking...
Program Size: Code=163794 RO-data=127634 RW-data=816 ZI-data=9504  
FromELF: creating hex file...
After Build - User command #1: C:\Keil_v5\ARM\ARMCC\bin\fromelf.exe --bin  -o ..\update\update.bin Output\project.axf
".\Output\project.axf" - 0 Error(s), 21 Warning(s).

<h2>Software Packages used:</h2>

Package Vendor: ARM
                http://www.keil.com/pack/ARM.CMSIS.5.9.0.pack
                ARM.CMSIS.5.9.0
                CMSIS (Common Microcontroller Software Interface Standard)
   * Component: CORE Version: 5.6.0

Package Vendor: Keil
                http://www.keil.com/pack/Keil.LPC1700_DFP.2.7.1.pack
                Keil.LPC1700_DFP.2.7.1
                NXP LPC1700 Series Device Support, Drivers and Examples for MCB1700 and LPC1788-32

<h2>Collection of Component include folders:</h2>
  ./RTE/_Open1788
  C:/Keil_v5/ARM/PACK/ARM/CMSIS/5.9.0/CMSIS/Core/Include
  C:/Keil_v5/ARM/PACK/Keil/LPC1700_DFP/2.7.1/Device/Include

<h2>Collection of Component Files used:</h2>

   * Component: ARM::CMSIS:CORE:5.6.0
Build Time Elapsed:  00:00:01
</pre>
</body>
</html>
