<html>
<body>
<pre>
<h1>µVision Build Log</h1>
<h2>Tool Versions:</h2>
IDE-Version: ¦ÌVision V5.38.0.0
Copyright (C) 2022 ARM Ltd and ARM Germany GmbH. All rights reserved.
License Information: lj Administrator, JK, LIC=WHYH9-4ZW6G-TG17T-R739D-ZWPZ5-PK2TP
 
Tool Versions:
Toolchain:       MDK-ARM Plus  Version: 5.38.0.0
Toolchain Path:  C:\Keil_v5\ARM\ARMCC\Bin
C Compiler:      Armcc.exe V5.06 update 4 (build 422)
Assembler:       Armasm.exe V5.06 update 4 (build 422)
Linker/Locator:  ArmLink.exe V5.06 update 4 (build 422)
Library Manager: ArmAr.exe V5.06 update 4 (build 422)
Hex Converter:   FromElf.exe V5.06 update 4 (build 422)
CPU DLL:         SARMCM3.DLL V5.38.0.0
Dialog DLL:      DARMP1.DLL V1.28.1.0
Target DLL:      Segger\JL2CM3.dll V2.99.42.0
Dialog DLL:      TARMP1.DLL V1.27.1.0
 
<h2>Project:</h2>
H:\JK9310\Project\project.uvprojx
Project File Date:  01/04/2024

<h2>Output:</h2>
*** Using Compiler 'V5.06 update 4 (build 422)', folder: 'C:\Keil_v5\ARM\ARMCC\Bin'
Build target 'Open1788'
compiling use_disp.c...
..\User\UseDisp\use_disp.c(2100): warning:  #167-D: argument of type "const u8 *" is incompatible with parameter of type "const char *restrict"
  				strcat(DispBuf,Test_IRUINT[test_value.uint]);
..\User\UseDisp\use_disp.c(2125): warning:  #167-D: argument of type "const uint8_t *" is incompatible with parameter of type "const char *restrict"
  			strcat(DispBuf,Disp_Unit[test_value.uint]);
..\User\UseDisp\use_disp.c(2578): warning:  #167-D: argument of type "const uint8_t *" is incompatible with parameter of type "const char *restrict"
                  strcat(DispBuf,Disp_Unit[1]);
..\User\UseDisp\use_disp.c(2785): warning:  #167-D: argument of type "char *" is incompatible with parameter of type "const uint8_t *"
  	WriteString_16(
IST1+
ATA_SPACE1+8, 
IRSTLINE+
PACE1*2, DispBuf,  0);
..\User\UseDisp\use_disp.c(2804): warning:  #167-D: argument of type "char *" is incompatible with parameter of type "const uint8_t *"
  	WriteString_16(
IST1+
ATA_SPACE1+8, 
IRSTLINE+
PACE1*3, DispBuf,  0);
..\User\UseDisp\use_disp.c(2840): warning:  #167-D: argument of type "char *" is incompatible with parameter of type "const uint8_t *"
  	WriteString_16(
IST2+
ATA_SPACE1+10+8, 
IRSTLINE+
PACE1*2, DispBuf,  0);
..\User\UseDisp\use_disp.c(2857): warning:  #167-D: argument of type "char *" is incompatible with parameter of type "const uint8_t *"
  	WriteString_16(
IST2+
ATA_SPACE1+8, 
IRSTLINE+
PACE1*3, DispBuf,  0);
..\User\UseDisp\use_disp.c(3157): warning:  #167-D: argument of type "const uint8_t *" is incompatible with parameter of type "const char *restrict"
                  strcat(DispBuf,Disp_Unit[1]);
..\User\UseDisp\use_disp.c(2867): warning:  #177-D: variable "num"  was declared but never referenced
      u8 num=(MAX_SETP[U9001_Save_sys.U9001_save[U9001_Save_sys.currentgroup].U9001_Setup[U9001_Save_sys.U9001_save[U9001_Save_sys.currentgroup].current_step].parameter]+1)/2;
..\User\UseDisp\use_disp.c(3193): warning:  #177-D: variable "Black_Select"  was declared but never referenced
  	vu32 Black_Select;
..\User\UseDisp\use_disp.c(3281): warning:  #177-D: variable "i"  was declared but never referenced
  	vu32 i;
..\User\UseDisp\use_disp.c(3318): warning:  #167-D: argument of type "char *" is incompatible with parameter of type "const uint8_t *"
  	WriteString_16(
IST1+160+160, 
IRSTLINE+
PACE1*(list+1), DispBuf,  1);
..\User\UseDisp\use_disp.c(3342): warning:  #167-D: argument of type "char *" is incompatible with parameter of type "const uint8_t *"
          WriteString_16(
IST1+160, 
IRSTLINE+
PACE1*(i+2), DispBuf,  1);
..\User\UseDisp\use_disp.c(4310): warning:  #167-D: argument of type "const u8 *" is incompatible with parameter of type "const char *"
  								GUI_DispStringAt(Test_IRUINT[test_value.uint],
ISP_V_XPOS+50+6*25,
ISP_V_YPOS+50);
..\User\UseDisp\use_disp.c(4334): warning:  #167-D: argument of type "const u8 *" is incompatible with parameter of type "const char *"
  							GUI_DispStringAt(Test_IRUINT[3],
ISP_V_XPOS+50+6*25,
ISP_V_YPOS+50);
..\User\UseDisp\use_disp.c(4362): warning:  #167-D: argument of type "const uint8_t *" is incompatible with parameter of type "const char *"
              GUI_DispStringAt(Disp_Unit[1],
ISP_V_XPOS+50+6*25,
ISP_V_YPOS+50);
..\User\UseDisp\use_disp.c(4547): warning:  #167-D: argument of type "char *" is incompatible with parameter of type "const uint8_t *"
  		WriteString_12(
IST2+140, 58+i*15, DispBuf,  1);//?????????????€?  ??????????????€????????????
..\User\UseDisp\use_disp.c(4892): warning:  #175-D: subscript out of range
  								U9001_Setup[i+1].check > Set_IR_Compvalue[9][1])
..\User\UseDisp\use_disp.c(4895): warning:  #175-D: subscript out of range
  								U9001_Setup[i+1].check = Set_IR_Compvalue[9][1];
..\User\UseDisp\use_disp.c(4897): warning:  #175-D: subscript out of range
  								U9001_Setup[i+1].check < Set_IR_Compvalue[9][0])
..\User\UseDisp\use_disp.c(4900): warning:  #175-D: subscript out of range
  								U9001_Setup[i+1].check = Set_IR_Compvalue[9][0];
..\User\UseDisp\use_disp.c(5022): warning:  #175-D: subscript out of range
  									U9001_Setup[i+1].check > Set_ACW_Compvalue[9][1])
..\User\UseDisp\use_disp.c(5025): warning:  #175-D: subscript out of range
  									U9001_Setup[i+1].check = Set_ACW_Compvalue[9][1];
..\User\UseDisp\use_disp.c(5027): warning:  #175-D: subscript out of range
  									U9001_Setup[i+1].check < Set_ACW_Compvalue[9][0])
..\User\UseDisp\use_disp.c(5030): warning:  #175-D: subscript out of range
  									U9001_Setup[i+1].check = Set_ACW_Compvalue[9][0];
..\User\UseDisp\use_disp.c(5147): warning:  #175-D: subscript out of range
  									U9001_Setup[i+1].check > Set_ACW_Compvalue1[9][1])
..\User\UseDisp\use_disp.c(5150): warning:  #175-D: subscript out of range
  									U9001_Setup[i+1].check = Set_ACW_Compvalue1[9][1];
..\User\UseDisp\use_disp.c(5152): warning:  #175-D: subscript out of range
  									U9001_Setup[i+1].check < Set_ACW_Compvalue1[9][0])
..\User\UseDisp\use_disp.c(5155): warning:  #175-D: subscript out of range
  									U9001_Setup[i+1].check = Set_ACW_Compvalue1[9][0];
..\User\UseDisp\use_disp.c(5531): warning:  #175-D: subscript out of range
  									U9001_Setup[i+1].check > Set_OS_Compvalue[9][1])
..\User\UseDisp\use_disp.c(5534): warning:  #175-D: subscript out of range
  									U9001_Setup[i+1].check = Set_OS_Compvalue[9][1];
..\User\UseDisp\use_disp.c(5536): warning:  #175-D: subscript out of range
  									U9001_Setup[i+1].check < Set_OS_Compvalue[9][0])
..\User\UseDisp\use_disp.c(5539): warning:  #175-D: subscript out of range
  									U9001_Setup[i+1].check = Set_OS_Compvalue[9][0];
..\User\UseDisp\use_disp.c(5683): warning:  #111-D: statement is unreachable
                  break;
..\User\UseDisp\use_disp.c(4765): warning:  #177-D: variable "j"  was declared but never referenced
     u8 i,j;
..\User\UseDisp\use_disp.c(4766): warning:  #550-D: variable "pt"  was set but never used
     u32 *pt;
..\User\UseDisp\use_disp.c(4767): warning:  #177-D: variable "pt1"  was declared but never referenced
  	 u16 *pt1;
..\User\UseDisp\use_disp.c(5727): warning:  #177-D: variable "j"  was declared but never referenced
  	vu16 j,i;
..\User\UseDisp\use_disp.c(5727): warning:  #177-D: variable "i"  was declared but never referenced
  	vu16 j,i;
..\User\UseDisp\use_disp.c(5728): warning:  #177-D: variable "pt"  was declared but never referenced
  	vu8 *pt;
..\User\UseDisp\use_disp.c(5729): warning:  #177-D: variable "ppt"  was declared but never referenced
      uint16_t *ppt;
..\User\UseDisp\use_disp.c(5969): warning:  #550-D: variable "addr"  was set but never used
  	LcdAddr_TypeDef addr;//???????????€??????
..\User\UseDisp\use_disp.c(6610): warning:  #69-D: integer conversion resulted in truncation
  	lcd_Clear(
CD_COLOR_TEST_BACK);
..\User\UseDisp\use_disp.c(7343): warning:  #111-D: statement is unreachable
  			break;
..\User\UseDisp\use_disp.c(7350): warning:  #223-D: function "Uart0_Send" declared implicitly
  	Uart0_Send(0x02);//??????
..\User\UseDisp\use_disp.c(7144): warning:  #550-D: variable "set_arc"  was set but never used
  	vu8 set_arc;//?????????????????????
..\User\UseDisp\use_disp.c(7517): warning:  #177-D: variable "keynum"  was declared but never referenced
  	vu32 keynum=0;
..\User\UseDisp\use_disp.c: 47 warnings, 0 errors
compiling test.c...
..\Libraries\Drivers\include\debug_frmwrk.h(92): warning:  #47-D: incompatible redefinition of macro "TICKS_PER_SEC"  (declared at line 13 of "..\User\key/key.h")
  #define TICKS_PER_SEC 1000	//????????????????????100x10mS(T0)=1S
..\User\Test\test.c(202): warning:  #177-D: variable "temp"  was declared but never referenced
  	u8 temp[4];
..\User\Test\test.c(203): warning:  #177-D: variable "FlashID"  was declared but never referenced
  		u32 FlashID;
..\User\Test\test.c(781): warning:  #177-D: variable "key"  was declared but never referenced
  	vu8 key;
..\User\Test\test.c(877): warning:  #550-D: variable "Range_IR"  was set but never used
      u8 Range_IR=0;
..\User\Test\test.c(885): warning:  #550-D: variable "temp"  was set but never used
  	vu32 temp;
..\User\Test\test.c(886): warning:  #177-D: variable "value"  was declared but never referenced
    float value;
..\User\Test\test.c(887): warning:  #177-D: variable "F_x"  was declared but never referenced
    float F_x;
..\User\Test\test.c(1802): warning:  #177-D: variable "pt"  was declared but never referenced
      vu16 *pt;
..\User\Test\test.c(1803): warning:  #177-D: variable "list"  was declared but never referenced
  	u8 list=1;//????????0  ??????1??
..\User\Test\test.c(1804): warning:  #177-D: variable "line"  was declared but never referenced
      u8 line=0;//??
..\User\Test\test.c(1811): warning:  #177-D: variable "select_num"  was declared but never referenced
      u8 select_num=0;
..\User\Test\test.c(4464): warning:  #177-D: variable "select_num"  was declared but never referenced
      u8 select_num=0;
..\User\Test\test.c(5149): warning:  #177-D: variable "list"  was declared but never referenced
  	u8 list=0;//??
..\User\Test\test.c(5151): warning:  #177-D: variable "item"  was declared but never referenced
      u8 item=0;
..\User\Test\test.c(6842): warning:  #177-D: variable "i"  was declared but never referenced
  	u8 i;
..\User\Test\test.c(6843): warning:  #177-D: variable "key"  was declared but never referenced
  	u8 key;
..\User\Test\test.c(6845): warning:  #177-D: variable "item"  was declared but never referenced
  	u8 item;
..\User\Test\test.c(6846): warning:  #550-D: variable "time"  was set but never used
  	u16 time;//????????????
..\User\Test\test.c: 19 warnings, 0 errors
linking...
Program Size: Code=209590 RO-data=128374 RW-data=832 ZI-data=12472  
FromELF: creating hex file...
After Build - User command #1: C:\Keil_v5\ARM\ARMCC\bin\fromelf.exe --bin  -o ..\update\update.bin Output\project.axf
".\Output\project.axf" - 0 Error(s), 66 Warning(s).

<h2>Software Packages used:</h2>

Package Vendor: ARM
                http://www.keil.com/pack/ARM.CMSIS.5.9.0.pack
                ARM.CMSIS.5.9.0
                CMSIS (Common Microcontroller Software Interface Standard)
   * Component: CORE Version: 5.6.0

Package Vendor: Keil
                http://www.keil.com/pack/Keil.LPC1700_DFP.2.7.1.pack
                Keil.LPC1700_DFP.2.7.1
                NXP LPC1700 Series Device Support, Drivers and Examples for MCB1700 and LPC1788-32

<h2>Collection of Component include folders:</h2>
  ./RTE/_Open1788
  C:/Keil_v5/ARM/PACK/ARM/CMSIS/5.9.0/CMSIS/Core/Include
  C:/Keil_v5/ARM/PACK/Keil/LPC1700_DFP/2.7.1/Device/Include

<h2>Collection of Component Files used:</h2>

   * Component: ARM::CMSIS:CORE:5.6.0
Build Time Elapsed:  00:00:03
</pre>
</body>
</html>
