Component: ARM Compiler 5.06 update 6 (build 750) Tool: armlink [4d35ed]

==============================================================================

Section Cross References

    ex_sdram.o(.text) refers to timer.o(.text) for delayMs
    ex_sdram.o(.text) refers to system_lpc177x_8x.o(.data) for SystemCoreClock
    main.o(.text) refers to lpc177x_8x_clkpwr.o(.text) for CLKPWR_GetCLK
    main.o(.text) refers to lpc177x_8x_eeprom.o(.text) for EEPROM_Init
    main.o(.text) refers to test.o(.text) for Power_Process
    main.o(.text) refers to debug.o(.text) for Debug_Process
    main.o(.text) refers to usbhost_fat.o(.text) for FILE_Open
    main.o(.text) refers to lpc177x_8x_gpio.o(.text) for GPIO_GetIntStatus
    main.o(.text) refers to globalvalue.o(.data) for softswitch
    main.o(.text) refers to usbhost_lpc17xx.o(.data) for UserBuffer
    timer.o(.text) refers to debug_frmwrk.o(.text) for RecHandle
    timer.o(.text) refers to key.o(.text) for HV_Ledon
    timer.o(.text) refers to debug_frmwrk.o(.bss) for g_tModS
    timer.o(.text) refers to timer.o(.data) for testi
    timer.o(.text) refers to debug_frmwrk.o(.data) for g_mods_timeout
    timer.o(.text) refers to globalvalue.o(.bss) for U9001_Save_sys
    timer.o(.text) refers to system_lpc177x_8x.o(.data) for PeripheralClock
    timer.o(.text) refers to globalvalue.o(.data) for SystemStatus
    timer.o(.text) refers to use_disp.o(.bss) for Test_Value
    lpc177x_8x_lcd.o(.text) refers to system_lpc177x_8x.o(.data) for PeripheralClock
    lpc177x_8x_lcd.o(.text) refers to asciilib.o(.text) for GetASCIICode
    lpc177x_8x_lcd.o(.text) refers to lpc177x_8x_lcd.o(.constdata) for GB_21
    lpc177x_8x_lcd.o(.text) refers to lpc177x_8x_lcd.o(.data) for Colour
    lpc177x_8x_lcd.o(.text) refers to asciilib.o(.constdata) for _num
    lpc177x_8x_lcd.o(.text) refers to globalvalue.o(.bss) for DispBuf
    logo.o(.data) refers to logo.o(.constdata) for LogoStream
    logo.o(.data) refers to logo.o(.conststring) for .conststring
    asciilib.o(.text) refers to rt_memcpy_v6.o(.text) for __aeabi_memcpy
    asciilib.o(.text) refers to asciilib.o(.constdata) for AsciiLib
    use_disp.o(.text) refers to _printf_percent.o(.ARM.Collect$$_printf_percent$$00000000) for _printf_percent
    use_disp.o(.text) refers to _printf_d.o(.ARM.Collect$$_printf_percent$$00000009) for _printf_d
    use_disp.o(.text) refers to _printf_dec.o(.text) for _printf_int_dec
    use_disp.o(.text) refers to _printf_pad.o(.text) for _printf_pre_padding
    use_disp.o(.text) refers to gui_setcolor.o(i.GUI_SetColor) for GUI_SetColor
    use_disp.o(.text) refers to gui_drawgradientrounded.o(i.GUI_DrawGradientRoundedV) for GUI_DrawGradientRoundedV
    use_disp.o(.text) refers to lpc177x_8x_lcd.o(.text) for WriteString_16
    use_disp.o(.text) refers to lpc177x_8x_lcd.o(.data) for Colour
    use_disp.o(.text) refers to use_disp.o(.constdata) for Set_Unit
    use_disp.o(.text) refers to gui_fillroundedrect.o(i.GUI_FillRoundedRect) for GUI_FillRoundedRect
    use_disp.o(.text) refers to gui_setfont.o(i.GUI_SetFont) for GUI_SetFont
    use_disp.o(.text) refers to gui_fillrect.o(i.GUI_FillRect) for GUI_FillRect
    use_disp.o(.text) refers to gui_settextmode.o(i.GUI_SetTextMode) for GUI_SetTextMode
    use_disp.o(.text) refers to gui_dispstringat.o(i.GUI_DispStringAt) for GUI_DispStringAt
    use_disp.o(.text) refers to gui_setcolor.o(i.GUI_SetBkColor) for GUI_SetBkColor
    use_disp.o(.text) refers to gui_dispstringinrect.o(i.GUI_DispStringInRect) for GUI_DispStringInRect
    use_disp.o(.text) refers to gui_fontxbffon16.o(.constdata) for GUI_FontGUI_FONTXBFFON16
    use_disp.o(.text) refers to globalvalue.o(.bss) for U9001_Save_sys
    use_disp.o(.text) refers to dflt_clz.o(x$fpl$dfltu) for __aeabi_ui2d
    use_disp.o(.text) refers to drleqf.o(x$fpl$drleqf) for __aeabi_cdrcmple
    use_disp.o(.text) refers to ddiv.o(x$fpl$ddiv) for __aeabi_ddiv
    use_disp.o(.text) refers to dfixu.o(x$fpl$dfixu) for __aeabi_d2uiz
    use_disp.o(.text) refers to strcat.o(.text) for strcat
    use_disp.o(.text) refers to use_disp.o(.bss) for Test_Value
    use_disp.o(.text) refers to globalvalue.o(.data) for Range
    use_disp.o(.text) refers to gui_val.o(i.GUI_DispDecAt) for GUI_DispDecAt
    use_disp.o(.text) refers to gui_dispchar.o(i.GUI_DispCharAt) for GUI_DispCharAt
    use_disp.o(.text) refers to noretval__2sprintf.o(.text) for __2sprintf
    use_disp.o(.text) refers to use_disp.o(.data) for test_value
    use_disp.o(.text) refers to f20_ascii.o(.constdata) for GUI_Font20_ASCII
    use_disp.o(.text) refers to gui_fontxbffon50.o(.constdata) for GUI_FontGUI_FONTXBFFON50
    use_disp.o(.text) refers to lpc177x_8x_rtc.o(.text) for RTC_GetFullTime
    use_disp.o(.text) refers to test.o(.bss) for Cal
    use_disp.o(.text) refers to dmul.o(x$fpl$dmul) for __aeabi_dmul
    use_disp.o(.text) refers to pow.o(i.pow) for pow
    use_disp.o(.text) refers to rt_memcpy_w.o(.text) for __aeabi_memcpy4
[...]
    0x00042498   0x00042498   0x000001b4   Code   RO         2540    i.LCD__DrawBitmap_1bpp  GUI_CM3_L.lib(lcd.o)
    0x0004264c   0x0004264c   0x0000005c   Code   RO         1740    i.LCD__GetBPP       GUI_CM3_L.lib(lcd_getex.o)
    0x000426a8   0x000426a8   0x00000032   Code   RO         1741    i.LCD__GetBPPDevice  GUI_CM3_L.lib(lcd_getex.o)
    0x000426da   0x000426da   0x00000002   PAD
    0x000426dc   0x000426dc   0x00000010   Code   RO         2637    i.WM_Activate       GUI_CM3_L.lib(wm.o)
    0x000426ec   0x000426ec   0x00000088   Code   RO         3109    i.WM_BringToBottom  GUI_CM3_L.lib(wm_bringtobottom.o)
    0x00042774   0x00042774   0x00000150   Code   RO         2639    i.WM_CreateWindowAsChild  GUI_CM3_L.lib(wm.o)
    0x000428c4   0x000428c4   0x00000046   Code   RO         2641    i.WM_DefaultProc    GUI_CM3_L.lib(wm.o)
    0x0004290a   0x0004290a   0x00000002   PAD
    0x0004290c   0x0004290c   0x0000002c   Code   RO         3127    i.WM_GetClientRect  GUI_CM3_L.lib(wm_getclientrect.o)
    0x00042938   0x00042938   0x0000001a   Code   RO         3128    i.WM_GetClientRectEx  GUI_CM3_L.lib(wm_getclientrect.o)
    0x00042952   0x00042952   0x00000002   PAD
    0x00042954   0x00042954   0x00000018   Code   RO         2757    i.WM_GetDesktopWindow  GUI_CM3_L.lib(wm_getdesktopwindow.o)
    0x0004296c   0x0004296c   0x0000001a   Code   RO         3139    i.WM_GetFirstChild  GUI_CM3_L.lib(wm_getfirstchild.o)
    0x00042986   0x00042986   0x0000001a   Code   RO         3714    i.WM_GetParent      GUI_CM3_L.lib(wm_getparent.o)
    0x000429a0   0x000429a0   0x000000d4   Code   RO         2646    i.WM_Init           GUI_CM3_L.lib(wm.o)
    0x00042a74   0x00042a74   0x00000080   Code   RO         2647    i.WM_InvalidateRect  GUI_CM3_L.lib(wm.o)
    0x00042af4   0x00042af4   0x00000006   Code   RO         2648    i.WM_InvalidateWindow  GUI_CM3_L.lib(wm.o)
    0x00042afa   0x00042afa   0x0000005e   Code   RO         2649    i.WM_InvalidateWindowAndDescsEx  GUI_CM3_L.lib(wm.o)
    0x00042b58   0x00042b58   0x00000044   Code   RO         2650    i.WM_SelectWindow   GUI_CM3_L.lib(wm.o)
    0x00042b9c   0x00042b9c   0x00000026   Code   RO         3163    i.WM_SendToParent   GUI_CM3_L.lib(wm_sendtoparent.o)
    0x00042bc2   0x00042bc2   0x00000002   PAD
    0x00042bc4   0x00042bc4   0x00000020   Code   RO         2765    i.WM_SetUserClipRect  GUI_CM3_L.lib(wm_setusercliprect.o)
    0x00042be4   0x00042be4   0x00000048   Code   RO         2653    i.WM__ActivateClipRect  GUI_CM3_L.lib(wm.o)
    0x00042c2c   0x00042c2c   0x00000010   Code   RO         3117    i.WM__AddCriticalHandle  GUI_CM3_L.lib(wm_criticalhandle.o)
    0x00042c3c   0x00042c3c   0x00000010   Code   RO         2654    i.WM__Client2Screen  GUI_CM3_L.lib(wm.o)
    0x00042c4c   0x00042c4c   0x0000004e   Code   RO         2655    i.WM__ClipAtParentBorders  GUI_CM3_L.lib(wm.o)
    0x00042c9a   0x00042c9a   0x00000020   Code   RO         3129    i.WM__GetClientRectEx  GUI_CM3_L.lib(wm_getclientrect.o)
    0x00042cba   0x00042cba   0x00000018   Code   RO         2658    i.WM__GetClientRectWin  GUI_CM3_L.lib(wm.o)
    0x00042cd2   0x00042cd2   0x00000012   Code   RO         4001    i.WM__GetFirstSibling  GUI_CM3_L.lib(wm__getfirstsibling.o)
    0x00042ce4   0x00042ce4   0x00000040   Code   RO         2659    i.WM__GetNextIVR    GUI_CM3_L.lib(wm.o)
    0x00042d24   0x00042d24   0x00000024   Code   RO         3658    i.WM__GetPrevSibling  GUI_CM3_L.lib(wm__getprevsibling.o)
    0x00042d48   0x00042d48   0x00000018   Code   RO         2660    i.WM__GetTopLevelLayer  GUI_CM3_L.lib(wm.o)
    0x00042d60   0x00042d60   0x000000f0   Code   RO         2661    i.WM__InitIVRSearch  GUI_CM3_L.lib(wm.o)
    0x00042e50   0x00042e50   0x000000a4   Code   RO         2662    i.WM__InsertWindowIntoList  GUI_CM3_L.lib(wm.o)
    0x00042ef4   0x00042ef4   0x00000006   Code   RO         2663    i.WM__Invalidate1Abs  GUI_CM3_L.lib(wm.o)
    0x00042efa   0x00042efa   0x00000002   PAD
    0x00042efc   0x00042efc   0x00000054   Code   RO         2664    i.WM__InvalidateDrawAndDescs  GUI_CM3_L.lib(wm.o)
    0x00042f50   0x00042f50   0x00000076   Code   RO         2666    i.WM__InvalidateRect  GUI_CM3_L.lib(wm.o)
    0x00042fc6   0x00042fc6   0x00000006   Code   RO         2667    i.WM__InvalidateRectEx  GUI_CM3_L.lib(wm.o)
    0x00042fcc   0x00042fcc   0x00000020   Code   RO         2672    i.WM__RectIsNZ      GUI_CM3_L.lib(wm.o)
    0x00042fec   0x00042fec   0x00000014   Code   RO         2674    i.WM__SelectTopLevelLayer  GUI_CM3_L.lib(wm.o)
    0x00043000   0x00043000   0x0000003c   Code   RO         3100    i.WM__SendMessage   GUI_CM3_L.lib(wm__sendmessage.o)
    0x0004303c   0x0004303c   0x0000000e   Code   RO         2675    i.WM__SendMsgNoData  GUI_CM3_L.lib(wm.o)
    0x0004304a   0x0004304a   0x00000002   PAD
    0x0004304c   0x0004304c   0x00000038   Code   RO         2398    i._Add              GUI_CM3_L.lib(gui_fillpolygon.o)
    0x00043084   0x00043084   0x00000090   Code   RO         1369    i._AddFreeMemory    GUI_CM3_L.lib(gui_alloc.o)
    0x00043114   0x00043114   0x000000b8   Code   RO         1370    i._Alloc            GUI_CM3_L.lib(gui_alloc.o)
    0x000431cc   0x000431cc   0x00000014   Code   RO         1652    i._CalcSizeOfChar   GUI_CM3_L.lib(gui_uc_encodeutf8.o)
    0x000431e0   0x000431e0   0x00000004   Code   RO         2510    i._CalcSizeOfChar   GUI_CM3_L.lib(gui_uc_encodenone.o)
    0x000431e4   0x000431e4   0x00000038   Code   RO         1689    i._Color2IndexBulk  GUI_CM3_L.lib(guicc_565.o)
    0x0004321c   0x0004321c   0x00000054   Code   RO         2962    i._Color2Index_0    GUI_CM3_L.lib(guicc_0.o)
    0x00043270   0x00043270   0x00000028   Code   RO         1690    i._Color2Index_565  GUI_CM3_L.lib(guicc_565.o)
    0x00043298   0x00043298   0x0000003e   Code   RO         3084    i._Convert16        GUI_CM3_L.lib(guidev_writetoactiveopaque.o)
    0x000432d6   0x000432d6   0x0000003e   Code   RO         3085    i._Convert8         GUI_CM3_L.lib(guidev_writetoactiveopaque.o)
    0x00043314   0x00043314   0x00000050   Code   RO         2169    i._CopyBuffer       GUI_CM3_L.lib(guidrv_lin_16.o)
    0x00043364   0x00043364   0x00000020   Code   RO         2677    i._DesktopHandle2Index  GUI_CM3_L.lib(wm.o)
    0x00043384   0x00043384   0x00000074   Code   RO         2349    i._DispLine         GUI_CM3_L.lib(gui_charline.o)
    0x000433f8   0x000433f8   0x000000f4   Code   RO         2170    i._DrawBitLine1BPP  GUI_CM3_L.lib(guidrv_lin_16.o)
    0x000434ec   0x000434ec   0x00000148   Code   RO         2598    i._DrawBitLine1BPP  GUI_CM3_L.lib(guidev_16.o)
    0x00043634   0x00043634   0x00000114   Code   RO         2171    i._DrawBitLine2BPP  GUI_CM3_L.lib(guidrv_lin_16.o)
    0x00043748   0x00043748   0x000000e0   Code   RO         2599    i._DrawBitLine2BPP  GUI_CM3_L.lib(guidev_16.o)
    0x00043828   0x00043828   0x00000114   Code   RO         2172    i._DrawBitLine4BPP  GUI_CM3_L.lib(guidrv_lin_16.o)
    0x0004393c   0x0004393c   0x00000160   Code   RO         2600    i._DrawBitLine4BPP  GUI_CM3_L.lib(guidev_16.o)
    0x00043a9c   0x00043a9c   0x000000fc   Code   RO         2173    i._DrawBitLine8BPP  GUI_CM3_L.lib(guidrv_lin_16.o)
    0x00043b98   0x00043b98   0x00000188   Code   RO         2174    i._DrawBitmap       GUI_CM3_L.lib(guidrv_lin_16.o)
    0x00043d20   0x00043d20   0x000002a0   Code   RO         2601    i._DrawBitmap       GUI_CM3_L.lib(guidev_16.o)
    0x00043fc0   0x00043fc0   0x00000104   Code   RO         1546    i._DrawGradientRounded  GUI_CM3_L.lib(gui_drawgradientrounded.o)
    0x000440c4   0x000440c4   0x0000000a   Code   RO         2175    i._DrawHLine        GUI_CM3_L.lib(guidrv_lin_16.o)
    0x000440ce   0x000440ce   0x0000000a   Code   RO         2602    i._DrawHLine        GUI_CM3_L.lib(guidev_16.o)
    0x000440d8   0x000440d8   0x00000014   Code   RO         1568    i._DrawLineEnd      GUI_CM3_L.lib(gui_drawline.o)
    0x000440ec   0x000440ec   0x0000000c   Code   RO         2176    i._DrawVLine        GUI_CM3_L.lib(guidrv_lin_16.o)
    0x000440f8   0x000440f8   0x000000b8   Code   RO         2603    i._DrawVLine        GUI_CM3_L.lib(guidev_16.o)
    0x000441b0   0x000441b0   0x00000046   Code   RO         1653    i._Encode           GUI_CM3_L.lib(gui_uc_encodeutf8.o)
    0x000441f6   0x000441f6   0x00000006   Code   RO         2511    i._Encode           GUI_CM3_L.lib(gui_uc_encodenone.o)
    0x000441fc   0x000441fc   0x00000098   Code   RO         1371    i._EnlargeBlocks    GUI_CM3_L.lib(gui_alloc.o)
    0x00044294   0x00044294   0x00000028   Code   RO         2177    i._FillRect         GUI_CM3_L.lib(guidrv_lin_16.o)
    0x000442bc   0x000442bc   0x000000ac   Code   RO         2604    i._FillRect         GUI_CM3_L.lib(guidev_16.o)
    0x00044368   0x00044368   0x0000014c   Code   RO         2178    i._FillRectOpt16    GUI_CM3_L.lib(guidrv_lin_16.o)
    0x000444b4   0x000444b4   0x00000148   Code   RO         2680    i._FindNext_IVR     GUI_CM3_L.lib(wm.o)
    0x000445fc   0x000445fc   0x0000007c   Code   RO         2681    i._Findx0           GUI_CM3_L.lib(wm.o)
    0x00044678   0x00044678   0x00000072   Code   RO         2682    i._Findx1           GUI_CM3_L.lib(wm.o)
    0x000446ea   0x000446ea   0x000000a6   Code   RO         2683    i._Findy1           GUI_CM3_L.lib(wm.o)
    0x00044790   0x00044790   0x0000003c   Code   RO         1654    i._GetCharCode      GUI_CM3_L.lib(gui_uc_encodeutf8.o)
    0x000447cc   0x000447cc   0x00000004   Code   RO         2512    i._GetCharCode      GUI_CM3_L.lib(gui_uc_encodenone.o)
    0x000447d0   0x000447d0   0x00000022   Code   RO         1655    i._GetCharSize      GUI_CM3_L.lib(gui_uc_encodeutf8.o)
    0x000447f2   0x000447f2   0x00000004   Code   RO         2513    i._GetCharSize      GUI_CM3_L.lib(gui_uc_encodenone.o)
    0x000447f6   0x000447f6   0x00000002   PAD
    0x000447f8   0x000447f8   0x00000010   Code   RO         2179    i._GetDevData       GUI_CM3_L.lib(guidrv_lin_16.o)
    0x00044808   0x00044808   0x00000010   Code   RO         2605    i._GetDevData       GUI_CM3_L.lib(guidev_16.o)
    0x00044818   0x00044818   0x000000dc   Code   RO         2180    i._GetDevFunc       GUI_CM3_L.lib(guidrv_lin_16.o)
    0x000448f4   0x000448f4   0x00000010   Code   RO         2606    i._GetDevFunc       GUI_CM3_L.lib(guidev_16.o)
    0x00044904   0x00044904   0x0000001e   Code   RO         1742    i._GetDevProp       GUI_CM3_L.lib(lcd_getex.o)
    0x00044922   0x00044922   0x0000003c   Code   RO         2181    i._GetDevProp       GUI_CM3_L.lib(guidrv_lin_16.o)
    0x0004495e   0x0004495e   0x00000010   Code   RO         2607    i._GetDevProp       GUI_CM3_L.lib(guidev_16.o)
    0x0004496e   0x0004496e   0x00000052   Code   RO         2963    i._GetIndexMask_0   GUI_CM3_L.lib(guicc_0.o)
    0x000449c0   0x000449c0   0x00000006   Code   RO         1691    i._GetIndexMask_565  GUI_CM3_L.lib(guicc_565.o)
    0x000449c6   0x000449c6   0x00000002   PAD
    0x000449c8   0x000449c8   0x0000001c   Code   RO         1372    i._GetMinIndex      GUI_CM3_L.lib(gui_alloc.o)
    0x000449e4   0x000449e4   0x00000010   Code   RO         2182    i._GetPixelIndex    GUI_CM3_L.lib(guidrv_lin_16.o)
    0x000449f4   0x000449f4   0x0000000e   Code   RO         2608    i._GetPixelIndex    GUI_CM3_L.lib(guidev_16.o)
    0x00044a02   0x00044a02   0x0000001c   Code   RO         2183    i._GetPos           GUI_CM3_L.lib(guidrv_lin_16.o)
    0x00044a1e   0x00044a1e   0x00000016   Code   RO         2184    i._GetRect          GUI_CM3_L.lib(guidrv_lin_16.o)
    0x00044a34   0x00044a34   0x00000030   Code   RO         2609    i._GetRect          GUI_CM3_L.lib(guidev_16.o)
    0x00044a64   0x00044a64   0x0000003c   Code   RO         2471    i._GetTaskNo        GUI_CM3_L.lib(gui_task.o)
    0x00044aa0   0x00044aa0   0x00000010   Code   RO         2443    i._GotoX            GUI_CM3_L.lib(gui_goto.o)
    0x00044ab0   0x00044ab0   0x00000010   Code   RO         2444    i._GotoY            GUI_CM3_L.lib(gui_goto.o)
    0x00044ac0   0x00044ac0   0x00000048   Code   RO         1692    i._Index2ColorBulk  GUI_CM3_L.lib(guicc_565.o)
    0x00044b08   0x00044b08   0x00000020   Code   RO         2964    i._Index2Color_0    GUI_CM3_L.lib(guicc_0.o)
    0x00044b28   0x00044b28   0x00000018   Code   RO         2185    i._Init             GUI_CM3_L.lib(guidrv_lin_16.o)
    0x00044b40   0x00044b40   0x00000070   Code   RO         1451    i._InitContext      GUI_CM3_L.lib(gui_core.o)
    0x00044bb0   0x00044bb0   0x000000a8   Code   RO         1373    i._InitOnce         GUI_CM3_L.lib(gui_alloc.o)
    0x00044c58   0x00044c58   0x00000024   Code   RO         2186    i._InitOnce         GUI_CM3_L.lib(guidrv_lin_16.o)
    0x00044c7c   0x00044c7c   0x00000080   Code   RO         2684    i._Invalidate1Abs   GUI_CM3_L.lib(wm.o)
    0x00044cfc   0x00044cfc   0x00000002   Code   RO         2350    i._Log2VisBuffered  GUI_CM3_L.lib(gui_charline.o)
    0x00044cfe   0x00044cfe   0x0000000a   Code   RO         2187    i._Off              GUI_CM3_L.lib(guidrv_lin_16.o)
    0x00044d08   0x00044d08   0x0000000a   Code   RO         2188    i._On               GUI_CM3_L.lib(guidrv_lin_16.o)
    0x00044d12   0x00044d12   0x00000002   PAD
    0x00044d14   0x00044d14   0x00000034   Code   RO         1374    i._OnExit           GUI_CM3_L.lib(gui_alloc.o)
    0x00044d48   0x00044d48   0x0000002c   Code   RO         1452    i._OnExit           GUI_CM3_L.lib(gui_core.o)
    0x00044d74   0x00044d74   0x00000014   Code   RO         2472    i._OnExit           GUI_CM3_L.lib(gui_task.o)
    0x00044d88   0x00044d88   0x00000014   Code   RO         2576    i._OnExit           GUI_CM3_L.lib(lcd_color.o)
    0x00044d9c   0x00044d9c   0x00000034   Code   RO         2685    i._OnExit           GUI_CM3_L.lib(wm.o)
    0x00044dd0   0x00044dd0   0x00000040   Code   RO         1375    i._PopFreeBlock     GUI_CM3_L.lib(gui_alloc.o)
    0x00044e10   0x00044e10   0x00000028   Code   RO         1376    i._PushFreeBlock    GUI_CM3_L.lib(gui_alloc.o)
    0x00044e38   0x00044e38   0x00000030   Code   RO         2189    i._ReadRect         GUI_CM3_L.lib(guidrv_lin_16.o)
    0x00044e68   0x00044e68   0x00000034   Code   RO         1377    i._RemoveFreeBlock  GUI_CM3_L.lib(gui_alloc.o)
    0x00044e9c   0x00044e9c   0x000000a0   Code   RO         1378    i._RemoveHoles      GUI_CM3_L.lib(gui_alloc.o)
    0x00044f3c   0x00044f3c   0x00000026   Code   RO         2190    i._SetAlpha         GUI_CM3_L.lib(guidrv_lin_16.o)
    0x00044f62   0x00044f62   0x00000010   Code   RO         2191    i._SetAlphaMode     GUI_CM3_L.lib(guidrv_lin_16.o)
    0x00044f72   0x00044f72   0x00000002   PAD
    0x00044f74   0x00044f74   0x00000020   Code   RO         2541    i._SetBkColor       GUI_CM3_L.lib(lcd.o)
    0x00044f94   0x00044f94   0x00000012   Code   RO         2192    i._SetChroma        GUI_CM3_L.lib(guidrv_lin_16.o)
    0x00044fa6   0x00044fa6   0x00000010   Code   RO         2193    i._SetChromaMode    GUI_CM3_L.lib(guidrv_lin_16.o)
    0x00044fb6   0x00044fb6   0x00000002   PAD
    0x00044fb8   0x00044fb8   0x0000004c   Code   RO         2689    i._SetClipRectUserIntersect  GUI_CM3_L.lib(wm.o)
    0x00045004   0x00045004   0x00000020   Code   RO         2542    i._SetColor         GUI_CM3_L.lib(lcd.o)
    0x00045024   0x00045024   0x00000044   Code   RO         2194    i._SetDevFunc       GUI_CM3_L.lib(guidrv_lin_16.o)
    0x00045068   0x00045068   0x0000002c   Code   RO         2543    i._SetDrawMode      GUI_CM3_L.lib(lcd.o)
    0x00045094   0x00045094   0x00000078   Code   RO         1569    i._SetLineColor     GUI_CM3_L.lib(gui_drawline.o)
    0x0004510c   0x0004510c   0x000000a4   Code   RO         2195    i._SetOrg           GUI_CM3_L.lib(guidrv_lin_16.o)
    0x000451b0   0x000451b0   0x0000000e   Code   RO         2610    i._SetOrg           GUI_CM3_L.lib(guidev_16.o)
    0x000451be   0x000451be   0x00000012   Code   RO         2196    i._SetPixelIndex    GUI_CM3_L.lib(guidrv_lin_16.o)
    0x000451d0   0x000451d0   0x00000048   Code   RO         2611    i._SetPixelIndex    GUI_CM3_L.lib(guidev_16.o)
    0x00045218   0x00045218   0x0000002e   Code   RO         2197    i._SetPos           GUI_CM3_L.lib(guidrv_lin_16.o)
    0x00045246   0x00045246   0x00000044   Code   RO         2198    i._SetSize          GUI_CM3_L.lib(guidrv_lin_16.o)
    0x0004528a   0x0004528a   0x00000028   Code   RO         2199    i._SetVRAMAddr      GUI_CM3_L.lib(guidrv_lin_16.o)
    0x000452b2   0x000452b2   0x0000002a   Code   RO         2200    i._SetVSize         GUI_CM3_L.lib(guidrv_lin_16.o)
    0x000452dc   0x000452dc   0x00000026   Code   RO         2201    i._SetVis           GUI_CM3_L.lib(guidrv_lin_16.o)
    0x00045302   0x00045302   0x00000024   Code   RO         2202    i._ShowBuffer       GUI_CM3_L.lib(guidrv_lin_16.o)
    0x00045326   0x00045326   0x00000002   PAD
    0x00045328   0x00045328   0x000000ea   Code   RO         1379    i._TestRAM          GUI_CM3_L.lib(gui_alloc.o)
    0x00045412   0x00045412   0x00000002   PAD
    0x00045414   0x00045414   0x00000030   Code   RO         1494    i._UnlinkDevice     GUI_CM3_L.lib(gui_device.o)
    0x00045444   0x00045444   0x0000000e   Code   RO         1380    i._WriteTagData     GUI_CM3_L.lib(gui_alloc.o)
    0x00045452   0x00045452   0x00000002   PAD
    0x00045454   0x00045454   0x00000340   Code   RO         3086    i._WriteToActiveOpaque_8  GUI_CM3_L.lib(guidev_writetoactiveopaque.o)
    0x00045794   0x00045794   0x00000344   Code   RO         3087    i._WriteToActiveOpaque_HT  GUI_CM3_L.lib(guidev_writetoactiveopaque.o)
    0x00045ad8   0x00045ad8   0x0000003c   Code   RO         2612    i._XY2PTR           GUI_CM3_L.lib(guidev_16.o)
    0x00045b14   0x00045b14   0x00000028   Code   RO         2203    i._XorPixel         GUI_CM3_L.lib(guidrv_lin_16.o)
    0x00045b3c   0x00045b3c   0x00000054   Code   RO         2613    i._XorPixel         GUI_CM3_L.lib(guidev_16.o)
    0x00045b90   0x00045b90   0x00000028   Code   RO         4351    i.__ARM_fpclassify  m_ws.l(fpclassify.o)
    0x00045bb8   0x00045bb8   0x000000aa   Code   RO         4353    i.__kernel_poly     m_ws.l(poly.o)
    0x00045c62   0x00045c62   0x00000002   PAD
    0x00045c64   0x00045c64   0x00000010   Code   RO         4337    i.__mathlib_dbl_divzero  m_ws.l(dunder.o)
    0x00045c74   0x00045c74   0x00000004   Code   RO         4339    i.__mathlib_dbl_infnan2  m_ws.l(dunder.o)
    0x00045c78   0x00045c78   0x0000000c   Code   RO         4340    i.__mathlib_dbl_invalid  m_ws.l(dunder.o)
    0x00045c84   0x00045c84   0x0000000e   Code   RO         4341    i.__mathlib_dbl_overflow  m_ws.l(dunder.o)
    0x00045c92   0x00045c92   0x00000002   PAD
    0x00045c94   0x00045c94   0x00000010   Code   RO         4343    i.__mathlib_dbl_underflow  m_ws.l(dunder.o)
    0x00045ca4   0x00045ca4   0x00000010   Code   RO         4481    i.__mathlib_narrow  m_ws.l(narrow.o)
    0x00045cb4   0x00045cb4   0x000000bc   Code   RO         4482    i.__mathlib_tofloat  m_ws.l(narrow.o)
    0x00045d70   0x00045d70   0x00000016   Code   RO         4573    i.__support_ldexp   m_ws.l(ldexp.o)
    0x00045d86   0x00045d86   0x00000002   PAD
    0x00045d88   0x00045d88   0x00000084   Code   RO         1570    i._atan2            GUI_CM3_L.lib(gui_drawline.o)
    0x00045e0c   0x00045e0c   0x00000050   Code   RO         2690    i._cbBackWin        GUI_CM3_L.lib(wm.o)
    0x00045e5c   0x00045e5c   0x0000000e   Code   RO         4124    i._is_digit         c_w.l(__printf_wp.o)
    0x00045e6a   0x00045e6a   0x0000002a   Code   RO         4246    i.atof              m_ws.l(atof.o)
    0x00045e94   0x00045e94   0x00000058   Code   RO         4250    i.frexp             m_ws.l(frexp.o)
    0x00045eec   0x00045eec   0x00000074   Code   RO         4574    i.ldexp             m_ws.l(ldexp.o)
    0x00045f60   0x00045f60   0x00000094   Code   RO         4254    i.modf              m_ws.l(modf.o)
    0x00045ff4   0x00045ff4   0x000009d8   Code   RO         4258    i.pow               m_ws.l(pow.o)
    0x000469cc   0x000469cc   0x0000004c   Code   RO         4357    i.sqrt              m_ws.l(sqrt.o)
    0x00046a18   0x00046a18   0x0000001c   Code   RO         4268    i.strtod            m_ws.l(strtod.o)
    0x00046a34   0x00046a34   0x00000014   Code   RO         4272    i.strtof            m_ws.l(strtof.o)
    0x00046a48   0x00046a48   0x0000002c   Code   RO         4318    locale$$code        c_w.l(lc_ctype_c.o)
    0x00046a74   0x00046a74   0x0000002c   Code   RO         4424    locale$$code        c_w.l(lc_numeric_c.o)
    0x00046aa0   0x00046aa0   0x00000062   Code   RO         4175    x$fpl$d2f           fz_ws.l(d2f.o)
    0x00046b02   0x00046b02   0x00000002   PAD
    0x00046b04   0x00046b04   0x00000150   Code   RO         4177    x$fpl$dadd          fz_ws.l(daddsub_clz.o)
    0x00046c54   0x00046c54   0x00000010   Code   RO         4473    x$fpl$dcheck1       fz_ws.l(dcheck1.o)
    0x00046c64   0x00046c64   0x00000018   Code   RO         4322    x$fpl$dcmpinf       fz_ws.l(dcmpi.o)
    0x00046c7c   0x00046c7c   0x000002b0   Code   RO         4184    x$fpl$ddiv          fz_ws.l(ddiv.o)
    0x00046f2c   0x00046f2c   0x00000078   Code   RO         4187    x$fpl$deqf          fz_ws.l(deqf.o)
    0x00046fa4   0x00046fa4   0x0000005e   Code   RO         4189    x$fpl$dfix          fz_ws.l(dfix.o)
    0x00047002   0x00047002   0x00000002   PAD
    0x00047004   0x00047004   0x0000005a   Code   RO         4193    x$fpl$dfixu         fz_ws.l(dfixu.o)
    0x0004705e   0x0004705e   0x0000002e   Code   RO         4198    x$fpl$dflt          fz_ws.l(dflt_clz.o)
    0x0004708c   0x0004708c   0x00000026   Code   RO         4197    x$fpl$dfltu         fz_ws.l(dflt_clz.o)
    0x000470b2   0x000470b2   0x00000002   PAD
    0x000470b4   0x000470b4   0x0000008a   Code   RO         4204    x$fpl$dfltull       fz_ws.l(dfltll_clz.o)
    0x0004713e   0x0004713e   0x00000002   PAD
    0x00047140   0x00047140   0x00000078   Code   RO         4207    x$fpl$dleqf         fz_ws.l(dleqf.o)
    0x000471b8   0x000471b8   0x00000154   Code   RO         4209    x$fpl$dmul          fz_ws.l(dmul.o)
    0x0004730c   0x0004730c   0x0000009c   Code   RO         4324    x$fpl$dnaninf       fz_ws.l(dnaninf.o)
    0x000473a8   0x000473a8   0x0000000c   Code   RO         4326    x$fpl$dretinf       fz_ws.l(dretinf.o)
    0x000473b4   0x000473b4   0x0000006c   Code   RO         4211    x$fpl$drleqf        fz_ws.l(drleqf.o)
    0x00047420   0x00047420   0x00000016   Code   RO         4178    x$fpl$drsb          fz_ws.l(daddsub_clz.o)
    0x00047436   0x00047436   0x00000002   PAD
    0x00047438   0x00047438   0x000001cc   Code   RO         4475    x$fpl$dsqrt         fz_ws.l(dsqrt_noumaal.o)
    0x00047604   0x00047604   0x000001d4   Code   RO         4179    x$fpl$dsub          fz_ws.l(daddsub_clz.o)
    0x000477d8   0x000477d8   0x00000056   Code   RO         4213    x$fpl$f2d           fz_ws.l(f2d.o)
    0x0004782e   0x0004782e   0x00000002   PAD
    0x00047830   0x00047830   0x000000c4   Code   RO         4215    x$fpl$fadd          fz_ws.l(faddsub_clz.o)
    0x000478f4   0x000478f4   0x00000018   Code   RO         4328    x$fpl$fcmpinf       fz_ws.l(fcmpi.o)
    0x0004790c   0x0004790c   0x00000184   Code   RO         4222    x$fpl$fdiv          fz_ws.l(fdiv.o)
    0x00047a90   0x00047a90   0x00000068   Code   RO         4225    x$fpl$feqf          fz_ws.l(feqf.o)
    0x00047af8   0x00047af8   0x0000003e   Code   RO         4227    x$fpl$ffixu         fz_ws.l(ffixu.o)
    0x00047b36   0x00047b36   0x00000002   PAD
    0x00047b38   0x00047b38   0x00000030   Code   RO         4232    x$fpl$fflt          fz_ws.l(fflt_clz.o)
    0x00047b68   0x00047b68   0x00000026   Code   RO         4231    x$fpl$ffltu         fz_ws.l(fflt_clz.o)
    0x00047b8e   0x00047b8e   0x00000002   PAD
    0x00047b90   0x00047b90   0x00000068   Code   RO         4237    x$fpl$fleqf         fz_ws.l(fleqf.o)
    0x00047bf8   0x00047bf8   0x00000102   Code   RO         4239    x$fpl$fmul          fz_ws.l(fmul.o)
    0x00047cfa   0x00047cfa   0x0000008c   Code   RO         4330    x$fpl$fnaninf       fz_ws.l(fnaninf.o)
    0x00047d86   0x00047d86   0x0000000a   Code   RO         4332    x$fpl$fretinf       fz_ws.l(fretinf.o)
    0x00047d90   0x00047d90   0x00000062   Code   RO         4241    x$fpl$frleqf        fz_ws.l(frleqf.o)
    0x00047df2   0x00047df2   0x00000002   PAD
    0x00047df4   0x00047df4   0x000000ea   Code   RO         4217    x$fpl$fsub          fz_ws.l(faddsub_clz.o)
    0x00047ede   0x00047ede   0x00000006   Code   RO         4477    x$fpl$ieeestatus    fz_ws.l(istatus.o)
    0x00047ee4   0x00047ee4   0x00000004   Code   RO         4243    x$fpl$printf1       fz_ws.l(printf1.o)
    0x00047ee8   0x00047ee8   0x00000064   Code   RO         4507    x$fpl$retnan        fz_ws.l(retnan.o)
    0x00047f4c   0x00047f4c   0x0000005c   Code   RO         4334    x$fpl$scalbn        fz_ws.l(scalbn.o)
    0x00047fa8   0x00047fa8   0x00000004   Code   RO         4479    x$fpl$scanf1        fz_ws.l(scanf1.o)
    0x00047fac   0x00047fac   0x00000008   Code   RO         4525    x$fpl$scanf2        fz_ws.l(scanf2.o)
    0x00047fb4   0x00047fb4   0x00000030   Code   RO         4531    x$fpl$trapveneer    fz_ws.l(trapv.o)
    0x00047fe4   0x00047fe4   0x00000000   Code   RO         4336    x$fpl$usenofp       fz_ws.l(usenofp.o)
    0x00047fe4   0x00047fe4   0x000017e5   Data   RO          229    .constdata          lpc177x_8x_lcd.o
    0x000497c9   0x000497c9   0x00005010   Data   RO          283    .constdata          asciilib.o
    0x0004e7d9   0x0004e7d9   0x00000003   PAD
    0x0004e7dc   0x0004e7dc   0x00007194   Data   RO          303    .constdata          use_disp.o
    0x00055970   0x00055970   0x00000194   Data   RO          381    .constdata          test.o
    0x00055b04   0x00055b04   0x000000f4   Data   RO          495    .constdata          globalvalue.o
    0x00055bf8   0x00055bf8   0x000033a8   Data   RO          559    .constdata          gui_fontxbffon16.o
    0x00058fa0   0x00058fa0   0x00005a60   Data   RO          580    .constdata          gui_fontxbffon50.o
    0x0005ea00   0x0005ea00   0x0000022b   Data   RO          618    .constdata          debug.o
    0x0005ec2b   0x0005ec2b   0x00000001   PAD
    0x0005ec2c   0x0005ec2c   0x00003144   Data   RO          643    .constdata          gui_fontxbffon32.o
    0x00061d70   0x00061d70   0x00000380   Data   RO          664    .constdata          scpi-def.o
    0x000620f0   0x000620f0   0x00000209   Data   RO          801    .constdata          debug_frmwrk.o
    0x000622f9   0x000622f9   0x00000001   PAD
    0x000622fa   0x000622fa   0x00000036   Data   RO         1156    .constdata          error.o
    0x00062330   0x00062330   0x00000024   Data   RO         1264    .constdata          parser.o
    0x00062354   0x00062354   0x00000004   PAD
    0x00062358   0x00062358   0x00000200   Data   RO         1292    .constdata          units.o
    0x00062558   0x00062558   0x00000004   Data   RO         1311    .constdata          utils.o
    0x0006255c   0x0006255c   0x00000008   Data   RO         1454    .constdata          GUI_CM3_L.lib(gui_core.o)
    0x00062564   0x00062564   0x00000008   Data   RO         1495    .constdata          GUI_CM3_L.lib(gui_device.o)
    0x0006256c   0x0006256c   0x00000044   Data   RO         1571    .constdata          GUI_CM3_L.lib(gui_drawline.o)
    0x000625b0   0x000625b0   0x00000010   Data   RO         1656    .constdata          GUI_CM3_L.lib(gui_uc_encodeutf8.o)
    0x000625c0   0x000625c0   0x00000018   Data   RO         1693    .constdata          GUI_CM3_L.lib(guicc_565.o)
    0x000625d8   0x000625d8   0x00000518   Data   RO         1845    .constdata          GUI_CM3_L.lib(f6x8.o)
    0x00062af0   0x00062af0   0x000001c0   Data   RO         1846    .constdata          GUI_CM3_L.lib(f6x8.o)
    0x00062cb0   0x00062cb0   0x00000008   Data   RO         1847    .constdata          GUI_CM3_L.lib(f6x8.o)
    0x00062cb8   0x00062cb8   0x00000014   Data   RO         1848    .constdata          GUI_CM3_L.lib(f6x8.o)
    0x00062ccc   0x00062ccc   0x00000024   Data   RO         1849    .constdata          GUI_CM3_L.lib(f6x8.o)
    0x00062cf0   0x00062cf0   0x00000010   Data   RO         1857    .constdata          GUI_CM3_L.lib(f16b_ascii.o)
    0x00062d00   0x00062d00   0x00000010   Data   RO         1858    .constdata          GUI_CM3_L.lib(f16b_ascii.o)
    0x00062d10   0x00062d10   0x00000010   Data   RO         1859    .constdata          GUI_CM3_L.lib(f16b_ascii.o)
    0x00062d20   0x00062d20   0x00000010   Data   RO         1860    .constdata          GUI_CM3_L.lib(f16b_ascii.o)
    0x00062d30   0x00062d30   0x00000010   Data   RO         1861    .constdata          GUI_CM3_L.lib(f16b_ascii.o)
    0x00062d40   0x00062d40   0x00000020   Data   RO         1862    .constdata          GUI_CM3_L.lib(f16b_ascii.o)
    0x00062d60   0x00062d60   0x00000020   Data   RO         1863    .constdata          GUI_CM3_L.lib(f16b_ascii.o)
    0x00062d80   0x00062d80   0x00000010   Data   RO         1864    .constdata          GUI_CM3_L.lib(f16b_ascii.o)
    0x00062d90   0x00062d90   0x00000010   Data   RO         1865    .constdata          GUI_CM3_L.lib(f16b_ascii.o)
    0x00062da0   0x00062da0   0x00000010   Data   RO         1866    .constdata          GUI_CM3_L.lib(f16b_ascii.o)
    0x00062db0   0x00062db0   0x00000010   Data   RO         1867    .constdata          GUI_CM3_L.lib(f16b_ascii.o)
    0x00062dc0   0x00062dc0   0x00000010   Data   RO         1868    .constdata          GUI_CM3_L.lib(f16b_ascii.o)
    0x00062dd0   0x00062dd0   0x00000010   Data   RO         1869    .constdata          GUI_CM3_L.lib(f16b_ascii.o)
    0x00062de0   0x00062de0   0x00000010   Data   RO         1870    .constdata          GUI_CM3_L.lib(f16b_ascii.o)
    0x00062df0   0x00062df0   0x00000010   Data   RO         1871    .constdata          GUI_CM3_L.lib(f16b_ascii.o)
    0x00062e00   0x00062e00   0x00000010   Data   RO         1872    .constdata          GUI_CM3_L.lib(f16b_ascii.o)
    0x00062e10   0x00062e10   0x00000010   Data   RO         1873    .constdata          GUI_CM3_L.lib(f16b_ascii.o)
    0x00062e20   0x00062e20   0x00000010   Data   RO         1874    .constdata          GUI_CM3_L.lib(f16b_ascii.o)
    0x00062e30   0x00062e30   0x00000010   Data   RO         1875    .constdata          GUI_CM3_L.lib(f16b_ascii.o)
    0x00062e40   0x00062e40   0x00000010   Data   RO         1876    .constdata          GUI_CM3_L.lib(f16b_ascii.o)
    0x00062e50   0x00062e50   0x00000010   Data   RO         1877    .constdata          GUI_CM3_L.lib(f16b_ascii.o)
    0x00062e60   0x00062e60   0x00000010   Data   RO         1878    .constdata          GUI_CM3_L.lib(f16b_ascii.o)
    0x00062e70   0x00062e70   0x00000010   Data   RO         1879    .constdata          GUI_CM3_L.lib(f16b_ascii.o)
    0x00062e80   0x00062e80   0x00000010   Data   RO         1880    .constdata          GUI_CM3_L.lib(f16b_ascii.o)
    0x00062e90   0x00062e90   0x00000010   Data   RO         1881    .constdata          GUI_CM3_L.lib(f16b_ascii.o)
    0x00062ea0   0x00062ea0   0x00000010   Data   RO         1882    .constdata          GUI_CM3_L.lib(f16b_ascii.o)
    0x00062eb0   0x00062eb0   0x00000010   Data   RO         1883    .constdata          GUI_CM3_L.lib(f16b_ascii.o)
    0x00062ec0   0x00062ec0   0x00000010   Data   RO         1884    .constdata          GUI_CM3_L.lib(f16b_ascii.o)
    0x00062ed0   0x00062ed0   0x00000010   Data   RO         1885    .constdata          GUI_CM3_L.lib(f16b_ascii.o)
    0x00062ee0   0x00062ee0   0x00000010   Data   RO         1886    .constdata          GUI_CM3_L.lib(f16b_ascii.o)
    0x00062ef0   0x00062ef0   0x00000010   Data   RO         1887    .constdata          GUI_CM3_L.lib(f16b_ascii.o)
    0x00062f00   0x00062f00   0x00000010   Data   RO         1888    .constdata          GUI_CM3_L.lib(f16b_ascii.o)
    0x00062f10   0x00062f10   0x00000020   Data   RO         1889    .constdata          GUI_CM3_L.lib(f16b_ascii.o)
    0x00062f30   0x00062f30   0x00000020   Data   RO         1890    .constdata          GUI_CM3_L.lib(f16b_ascii.o)
    0x00062f50   0x00062f50   0x00000020   Data   RO         1891    .constdata          GUI_CM3_L.lib(f16b_ascii.o)
    0x00062f70   0x00062f70   0x00000020   Data   RO         1892    .constdata          GUI_CM3_L.lib(f16b_ascii.o)
    0x00062f90   0x00062f90   0x00000020   Data   RO         1893    .constdata          GUI_CM3_L.lib(f16b_ascii.o)
    0x00062fb0   0x00062fb0   0x00000010   Data   RO         1894    .constdata          GUI_CM3_L.lib(f16b_ascii.o)
    0x00062fc0   0x00062fc0   0x00000010   Data   RO         1895    .constdata          GUI_CM3_L.lib(f16b_ascii.o)
    0x00062fd0   0x00062fd0   0x00000020   Data   RO         1896    .constdata          GUI_CM3_L.lib(f16b_ascii.o)
    0x00062ff0   0x00062ff0   0x00000020   Data   RO         1897    .constdata          GUI_CM3_L.lib(f16b_ascii.o)
    0x00063010   0x00063010   0x00000010   Data   RO         1898    .constdata          GUI_CM3_L.lib(f16b_ascii.o)
    0x00063020   0x00063020   0x00000010   Data   RO         1899    .constdata          GUI_CM3_L.lib(f16b_ascii.o)
    0x00063030   0x00063030   0x00000020   Data   RO         1900    .constdata          GUI_CM3_L.lib(f16b_ascii.o)
    0x00063050   0x00063050   0x00000010   Data   RO         1901    .constdata          GUI_CM3_L.lib(f16b_ascii.o)
    0x00063060   0x00063060   0x00000020   Data   RO         1902    .constdata          GUI_CM3_L.lib(f16b_ascii.o)
    0x00063080   0x00063080   0x00000020   Data   RO         1903    .constdata          GUI_CM3_L.lib(f16b_ascii.o)
    0x000630a0   0x000630a0   0x00000020   Data   RO         1904    .constdata          GUI_CM3_L.lib(f16b_ascii.o)
    0x000630c0   0x000630c0   0x00000020   Data   RO         1905    .constdata          GUI_CM3_L.lib(f16b_ascii.o)
    0x000630e0   0x000630e0   0x00000020   Data   RO         1906    .constdata          GUI_CM3_L.lib(f16b_ascii.o)
    0x00063100   0x00063100   0x00000020   Data   RO         1907    .constdata          GUI_CM3_L.lib(f16b_ascii.o)
    0x00063120   0x00063120   0x00000020   Data   RO         1908    .constdata          GUI_CM3_L.lib(f16b_ascii.o)
    0x00063140   0x00063140   0x00000010   Data   RO         1909    .constdata          GUI_CM3_L.lib(f16b_ascii.o)
    0x00063150   0x00063150   0x00000020   Data   RO         1910    .constdata          GUI_CM3_L.lib(f16b_ascii.o)
    0x00063170   0x00063170   0x00000020   Data   RO         1911    .constdata          GUI_CM3_L.lib(f16b_ascii.o)
    0x00063190   0x00063190   0x00000020   Data   RO         1912    .constdata          GUI_CM3_L.lib(f16b_ascii.o)
    0x000631b0   0x000631b0   0x00000020   Data   RO         1913    .constdata          GUI_CM3_L.lib(f16b_ascii.o)
    0x000631d0   0x000631d0   0x00000010   Data   RO         1914    .constdata          GUI_CM3_L.lib(f16b_ascii.o)
    0x000631e0   0x000631e0   0x00000010   Data   RO         1915    .constdata          GUI_CM3_L.lib(f16b_ascii.o)
    0x000631f0   0x000631f0   0x00000010   Data   RO         1916    .constdata          GUI_CM3_L.lib(f16b_ascii.o)
    0x00063200   0x00063200   0x00000010   Data   RO         1917    .constdata          GUI_CM3_L.lib(f16b_ascii.o)
    0x00063210   0x00063210   0x00000010   Data   RO         1918    .constdata          GUI_CM3_L.lib(f16b_ascii.o)
    0x00063220   0x00063220   0x00000010   Data   RO         1919    .constdata          GUI_CM3_L.lib(f16b_ascii.o)
    0x00063230   0x00063230   0x00000010   Data   RO         1920    .constdata          GUI_CM3_L.lib(f16b_ascii.o)
    0x00063240   0x00063240   0x00000010   Data   RO         1921    .constdata          GUI_CM3_L.lib(f16b_ascii.o)
    0x00063250   0x00063250   0x00000010   Data   RO         1922    .constdata          GUI_CM3_L.lib(f16b_ascii.o)
    0x00063260   0x00063260   0x00000010   Data   RO         1923    .constdata          GUI_CM3_L.lib(f16b_ascii.o)
    0x00063270   0x00063270   0x00000010   Data   RO         1924    .constdata          GUI_CM3_L.lib(f16b_ascii.o)
    0x00063280   0x00063280   0x00000010   Data   RO         1925    .constdata          GUI_CM3_L.lib(f16b_ascii.o)
    0x00063290   0x00063290   0x00000010   Data   RO         1926    .constdata          GUI_CM3_L.lib(f16b_ascii.o)
    0x000632a0   0x000632a0   0x00000010   Data   RO         1927    .constdata          GUI_CM3_L.lib(f16b_ascii.o)
    0x000632b0   0x000632b0   0x00000010   Data   RO         1928    .constdata          GUI_CM3_L.lib(f16b_ascii.o)
    0x000632c0   0x000632c0   0x00000010   Data   RO         1929    .constdata          GUI_CM3_L.lib(f16b_ascii.o)
    0x000632d0   0x000632d0   0x00000010   Data   RO         1930    .constdata          GUI_CM3_L.lib(f16b_ascii.o)
    0x000632e0   0x000632e0   0x00000010   Data   RO         1931    .constdata          GUI_CM3_L.lib(f16b_ascii.o)
    0x000632f0   0x000632f0   0x00000010   Data   RO         1932    .constdata          GUI_CM3_L.lib(f16b_ascii.o)
    0x00063300   0x00063300   0x00000010   Data   RO         1933    .constdata          GUI_CM3_L.lib(f16b_ascii.o)
    0x00063310   0x00063310   0x00000020   Data   RO         1934    .constdata          GUI_CM3_L.lib(f16b_ascii.o)
    0x00063330   0x00063330   0x00000010   Data   RO         1935    .constdata          GUI_CM3_L.lib(f16b_ascii.o)
    0x00063340   0x00063340   0x00000010   Data   RO         1936    .constdata          GUI_CM3_L.lib(f16b_ascii.o)
    0x00063350   0x00063350   0x00000010   Data   RO         1937    .constdata          GUI_CM3_L.lib(f16b_ascii.o)
    0x00063360   0x00063360   0x00000010   Data   RO         1938    .constdata          GUI_CM3_L.lib(f16b_ascii.o)
    0x00063370   0x00063370   0x00000010   Data   RO         1939    .constdata          GUI_CM3_L.lib(f16b_ascii.o)
    0x00063380   0x00063380   0x00000010   Data   RO         1940    .constdata          GUI_CM3_L.lib(f16b_ascii.o)
    0x00063390   0x00063390   0x00000010   Data   RO         1941    .constdata          GUI_CM3_L.lib(f16b_ascii.o)
    0x000633a0   0x000633a0   0x00000010   Data   RO         1942    .constdata          GUI_CM3_L.lib(f16b_ascii.o)
    0x000633b0   0x000633b0   0x00000010   Data   RO         1943    .constdata          GUI_CM3_L.lib(f16b_ascii.o)
    0x000633c0   0x000633c0   0x00000020   Data   RO         1944    .constdata          GUI_CM3_L.lib(f16b_ascii.o)
    0x000633e0   0x000633e0   0x00000010   Data   RO         1945    .constdata          GUI_CM3_L.lib(f16b_ascii.o)
    0x000633f0   0x000633f0   0x00000010   Data   RO         1946    .constdata          GUI_CM3_L.lib(f16b_ascii.o)
    0x00063400   0x00063400   0x00000010   Data   RO         1947    .constdata          GUI_CM3_L.lib(f16b_ascii.o)
    0x00063410   0x00063410   0x00000010   Data   RO         1948    .constdata          GUI_CM3_L.lib(f16b_ascii.o)
    0x00063420   0x00063420   0x00000010   Data   RO         1949    .constdata          GUI_CM3_L.lib(f16b_ascii.o)
    0x00063430   0x00063430   0x00000010   Data   RO         1950    .constdata          GUI_CM3_L.lib(f16b_ascii.o)
    0x00063440   0x00063440   0x00000010   Data   RO         1951    .constdata          GUI_CM3_L.lib(f16b_ascii.o)
    0x00063450   0x00063450   0x000002f8   Data   RO         1952    .constdata          GUI_CM3_L.lib(f16b_ascii.o)
    0x00063748   0x00063748   0x0000000c   Data   RO         1953    .constdata          GUI_CM3_L.lib(f16b_ascii.o)
    0x00063754   0x00063754   0x00000024   Data   RO         1954    .constdata          GUI_CM3_L.lib(f16b_ascii.o)
    0x00063778   0x00063778   0x00000014   Data   RO         1961    .constdata          GUI_CM3_L.lib(f20_ascii.o)
    0x0006378c   0x0006378c   0x00000014   Data   RO         1962    .constdata          GUI_CM3_L.lib(f20_ascii.o)
    0x000637a0   0x000637a0   0x00000014   Data   RO         1963    .constdata          GUI_CM3_L.lib(f20_ascii.o)
    0x000637b4   0x000637b4   0x00000028   Data   RO         1964    .constdata          GUI_CM3_L.lib(f20_ascii.o)
    0x000637dc   0x000637dc   0x00000028   Data   RO         1965    .constdata          GUI_CM3_L.lib(f20_ascii.o)
    0x00063804   0x00063804   0x00000028   Data   RO         1966    .constdata          GUI_CM3_L.lib(f20_ascii.o)
    0x0006382c   0x0006382c   0x00000028   Data   RO         1967    .constdata          GUI_CM3_L.lib(f20_ascii.o)
    0x00063854   0x00063854   0x00000014   Data   RO         1968    .constdata          GUI_CM3_L.lib(f20_ascii.o)
    0x00063868   0x00063868   0x00000014   Data   RO         1969    .constdata          GUI_CM3_L.lib(f20_ascii.o)
    0x0006387c   0x0006387c   0x00000014   Data   RO         1970    .constdata          GUI_CM3_L.lib(f20_ascii.o)
    0x00063890   0x00063890   0x00000014   Data   RO         1971    .constdata          GUI_CM3_L.lib(f20_ascii.o)
    0x000638a4   0x000638a4   0x00000028   Data   RO         1972    .constdata          GUI_CM3_L.lib(f20_ascii.o)
    0x000638cc   0x000638cc   0x00000014   Data   RO         1973    .constdata          GUI_CM3_L.lib(f20_ascii.o)
    0x000638e0   0x000638e0   0x00000014   Data   RO         1974    .constdata          GUI_CM3_L.lib(f20_ascii.o)
    0x000638f4   0x000638f4   0x00000014   Data   RO         1975    .constdata          GUI_CM3_L.lib(f20_ascii.o)
    0x00063908   0x00063908   0x00000014   Data   RO         1976    .constdata          GUI_CM3_L.lib(f20_ascii.o)
    0x0006391c   0x0006391c   0x00000028   Data   RO         1977    .constdata          GUI_CM3_L.lib(f20_ascii.o)
    0x00063944   0x00063944   0x00000028   Data   RO         1978    .constdata          GUI_CM3_L.lib(f20_ascii.o)
    0x0006396c   0x0006396c   0x00000028   Data   RO         1979    .constdata          GUI_CM3_L.lib(f20_ascii.o)
    0x00063994   0x00063994   0x00000028   Data   RO         1980    .constdata          GUI_CM3_L.lib(f20_ascii.o)
    0x000639bc   0x000639bc   0x00000028   Data   RO         1981    .constdata          GUI_CM3_L.lib(f20_ascii.o)
    0x000639e4   0x000639e4   0x00000028   Data   RO         1982    .constdata          GUI_CM3_L.lib(f20_ascii.o)
    0x00063a0c   0x00063a0c   0x00000028   Data   RO         1983    .constdata          GUI_CM3_L.lib(f20_ascii.o)
    0x00063a34   0x00063a34   0x00000028   Data   RO         1984    .constdata          GUI_CM3_L.lib(f20_ascii.o)
    0x00063a5c   0x00063a5c   0x00000028   Data   RO         1985    .constdata          GUI_CM3_L.lib(f20_ascii.o)
    0x00063a84   0x00063a84   0x00000028   Data   RO         1986    .constdata          GUI_CM3_L.lib(f20_ascii.o)
    0x00063aac   0x00063aac   0x00000014   Data   RO         1987    .constdata          GUI_CM3_L.lib(f20_ascii.o)
    0x00063ac0   0x00063ac0   0x00000014   Data   RO         1988    .constdata          GUI_CM3_L.lib(f20_ascii.o)
    0x00063ad4   0x00063ad4   0x00000028   Data   RO         1989    .constdata          GUI_CM3_L.lib(f20_ascii.o)
    0x00063afc   0x00063afc   0x00000028   Data   RO         1990    .constdata          GUI_CM3_L.lib(f20_ascii.o)
    0x00063b24   0x00063b24   0x00000028   Data   RO         1991    .constdata          GUI_CM3_L.lib(f20_ascii.o)
    0x00063b4c   0x00063b4c   0x00000028   Data   RO         1992    .constdata          GUI_CM3_L.lib(f20_ascii.o)
    0x00063b74   0x00063b74   0x0000003c   Data   RO         1993    .constdata          GUI_CM3_L.lib(f20_ascii.o)
    0x00063bb0   0x00063bb0   0x00000028   Data   RO         1994    .constdata          GUI_CM3_L.lib(f20_ascii.o)
    0x00063bd8   0x00063bd8   0x00000028   Data   RO         1995    .constdata          GUI_CM3_L.lib(f20_ascii.o)
    0x00063c00   0x00063c00   0x00000028   Data   RO         1996    .constdata          GUI_CM3_L.lib(f20_ascii.o)
    0x00063c28   0x00063c28   0x00000028   Data   RO         1997    .constdata          GUI_CM3_L.lib(f20_ascii.o)
    0x00063c50   0x00063c50   0x00000028   Data   RO         1998    .constdata          GUI_CM3_L.lib(f20_ascii.o)
    0x00063c78   0x00063c78   0x00000028   Data   RO         1999    .constdata          GUI_CM3_L.lib(f20_ascii.o)
    0x00063ca0   0x00063ca0   0x00000028   Data   RO         2000    .constdata          GUI_CM3_L.lib(f20_ascii.o)
    0x00063cc8   0x00063cc8   0x00000028   Data   RO         2001    .constdata          GUI_CM3_L.lib(f20_ascii.o)
    0x00063cf0   0x00063cf0   0x00000014   Data   RO         2002    .constdata          GUI_CM3_L.lib(f20_ascii.o)
    0x00063d04   0x00063d04   0x00000028   Data   RO         2003    .constdata          GUI_CM3_L.lib(f20_ascii.o)
    0x00063d2c   0x00063d2c   0x00000028   Data   RO         2004    .constdata          GUI_CM3_L.lib(f20_ascii.o)
    0x00063d54   0x00063d54   0x00000028   Data   RO         2005    .constdata          GUI_CM3_L.lib(f20_ascii.o)
    0x00063d7c   0x00063d7c   0x00000028   Data   RO         2006    .constdata          GUI_CM3_L.lib(f20_ascii.o)
    0x00063da4   0x00063da4   0x00000028   Data   RO         2007    .constdata          GUI_CM3_L.lib(f20_ascii.o)
    0x00063dcc   0x00063dcc   0x00000028   Data   RO         2008    .constdata          GUI_CM3_L.lib(f20_ascii.o)
    0x00063df4   0x00063df4   0x00000028   Data   RO         2009    .constdata          GUI_CM3_L.lib(f20_ascii.o)
    0x00063e1c   0x00063e1c   0x00000028   Data   RO         2010    .constdata          GUI_CM3_L.lib(f20_ascii.o)
    0x00063e44   0x00063e44   0x00000028   Data   RO         2011    .constdata          GUI_CM3_L.lib(f20_ascii.o)
    0x00063e6c   0x00063e6c   0x00000028   Data   RO         2012    .constdata          GUI_CM3_L.lib(f20_ascii.o)
    0x00063e94   0x00063e94   0x00000028   Data   RO         2013    .constdata          GUI_CM3_L.lib(f20_ascii.o)
    0x00063ebc   0x00063ebc   0x00000028   Data   RO         2014    .constdata          GUI_CM3_L.lib(f20_ascii.o)
    0x00063ee4   0x00063ee4   0x00000028   Data   RO         2015    .constdata          GUI_CM3_L.lib(f20_ascii.o)
    0x00063f0c   0x00063f0c   0x0000003c   Data   RO         2016    .constdata          GUI_CM3_L.lib(f20_ascii.o)
    0x00063f48   0x00063f48   0x00000028   Data   RO         2017    .constdata          GUI_CM3_L.lib(f20_ascii.o)
    0x00063f70   0x00063f70   0x00000028   Data   RO         2018    .constdata          GUI_CM3_L.lib(f20_ascii.o)
    0x00063f98   0x00063f98   0x00000028   Data   RO         2019    .constdata          GUI_CM3_L.lib(f20_ascii.o)
    0x00063fc0   0x00063fc0   0x00000014   Data   RO         2020    .constdata          GUI_CM3_L.lib(f20_ascii.o)
    0x00063fd4   0x00063fd4   0x00000014   Data   RO         2021    .constdata          GUI_CM3_L.lib(f20_ascii.o)
    0x00063fe8   0x00063fe8   0x00000014   Data   RO         2022    .constdata          GUI_CM3_L.lib(f20_ascii.o)
    0x00063ffc   0x00063ffc   0x00000014   Data   RO         2023    .constdata          GUI_CM3_L.lib(f20_ascii.o)
    0x00064010   0x00064010   0x00000028   Data   RO         2024    .constdata          GUI_CM3_L.lib(f20_ascii.o)
    0x00064038   0x00064038   0x00000014   Data   RO         2025    .constdata          GUI_CM3_L.lib(f20_ascii.o)
    0x0006404c   0x0006404c   0x00000028   Data   RO         2026    .constdata          GUI_CM3_L.lib(f20_ascii.o)
    0x00064074   0x00064074   0x00000028   Data   RO         2027    .constdata          GUI_CM3_L.lib(f20_ascii.o)
    0x0006409c   0x0006409c   0x00000028   Data   RO         2028    .constdata          GUI_CM3_L.lib(f20_ascii.o)
    0x000640c4   0x000640c4   0x00000028   Data   RO         2029    .constdata          GUI_CM3_L.lib(f20_ascii.o)
    0x000640ec   0x000640ec   0x00000028   Data   RO         2030    .constdata          GUI_CM3_L.lib(f20_ascii.o)
    0x00064114   0x00064114   0x00000014   Data   RO         2031    .constdata          GUI_CM3_L.lib(f20_ascii.o)
    0x00064128   0x00064128   0x00000028   Data   RO         2032    .constdata          GUI_CM3_L.lib(f20_ascii.o)
    0x00064150   0x00064150   0x00000028   Data   RO         2033    .constdata          GUI_CM3_L.lib(f20_ascii.o)
    0x00064178   0x00064178   0x00000014   Data   RO         2034    .constdata          GUI_CM3_L.lib(f20_ascii.o)
    0x0006418c   0x0006418c   0x00000014   Data   RO         2035    .constdata          GUI_CM3_L.lib(f20_ascii.o)
    0x000641a0   0x000641a0   0x00000028   Data   RO         2036    .constdata          GUI_CM3_L.lib(f20_ascii.o)
    0x000641c8   0x000641c8   0x00000014   Data   RO         2037    .constdata          GUI_CM3_L.lib(f20_ascii.o)
    0x000641dc   0x000641dc   0x00000028   Data   RO         2038    .constdata          GUI_CM3_L.lib(f20_ascii.o)
    0x00064204   0x00064204   0x00000028   Data   RO         2039    .constdata          GUI_CM3_L.lib(f20_ascii.o)
    0x0006422c   0x0006422c   0x00000028   Data   RO         2040    .constdata          GUI_CM3_L.lib(f20_ascii.o)
    0x00064254   0x00064254   0x00000028   Data   RO         2041    .constdata          GUI_CM3_L.lib(f20_ascii.o)
    0x0006427c   0x0006427c   0x00000028   Data   RO         2042    .constdata          GUI_CM3_L.lib(f20_ascii.o)
    0x000642a4   0x000642a4   0x00000014   Data   RO         2043    .constdata          GUI_CM3_L.lib(f20_ascii.o)
    0x000642b8   0x000642b8   0x00000028   Data   RO         2044    .constdata          GUI_CM3_L.lib(f20_ascii.o)
    0x000642e0   0x000642e0   0x00000014   Data   RO         2045    .constdata          GUI_CM3_L.lib(f20_ascii.o)
    0x000642f4   0x000642f4   0x00000028   Data   RO         2046    .constdata          GUI_CM3_L.lib(f20_ascii.o)
    0x0006431c   0x0006431c   0x00000028   Data   RO         2047    .constdata          GUI_CM3_L.lib(f20_ascii.o)
    0x00064344   0x00064344   0x00000028   Data   RO         2048    .constdata          GUI_CM3_L.lib(f20_ascii.o)
    0x0006436c   0x0006436c   0x00000014   Data   RO         2049    .constdata          GUI_CM3_L.lib(f20_ascii.o)
    0x00064380   0x00064380   0x00000028   Data   RO         2050    .constdata          GUI_CM3_L.lib(f20_ascii.o)
    0x000643a8   0x000643a8   0x00000014   Data   RO         2051    .constdata          GUI_CM3_L.lib(f20_ascii.o)
    0x000643bc   0x000643bc   0x00000014   Data   RO         2052    .constdata          GUI_CM3_L.lib(f20_ascii.o)
    0x000643d0   0x000643d0   0x00000014   Data   RO         2053    .constdata          GUI_CM3_L.lib(f20_ascii.o)
    0x000643e4   0x000643e4   0x00000014   Data   RO         2054    .constdata          GUI_CM3_L.lib(f20_ascii.o)
    0x000643f8   0x000643f8   0x00000028   Data   RO         2055    .constdata          GUI_CM3_L.lib(f20_ascii.o)
    0x00064420   0x00064420   0x000002f8   Data   RO         2056    .constdata          GUI_CM3_L.lib(f20_ascii.o)
    0x00064718   0x00064718   0x0000000c   Data   RO         2057    .constdata          GUI_CM3_L.lib(f20_ascii.o)
    0x00064724   0x00064724   0x00000024   Data   RO         2058    .constdata          GUI_CM3_L.lib(f20_ascii.o)
    0x00064748   0x00064748   0x00000020   Data   RO         2065    .constdata          GUI_CM3_L.lib(f32b_ascii.o)
    0x00064768   0x00064768   0x00000020   Data   RO         2066    .constdata          GUI_CM3_L.lib(f32b_ascii.o)
    0x00064788   0x00064788   0x00000040   Data   RO         2067    .constdata          GUI_CM3_L.lib(f32b_ascii.o)
    0x000647c8   0x000647c8   0x00000040   Data   RO         2068    .constdata          GUI_CM3_L.lib(f32b_ascii.o)
    0x00064808   0x00064808   0x00000040   Data   RO         2069    .constdata          GUI_CM3_L.lib(f32b_ascii.o)
    0x00064848   0x00064848   0x00000060   Data   RO         2070    .constdata          GUI_CM3_L.lib(f32b_ascii.o)
    0x000648a8   0x000648a8   0x00000060   Data   RO         2071    .constdata          GUI_CM3_L.lib(f32b_ascii.o)
    0x00064908   0x00064908   0x00000020   Data   RO         2072    .constdata          GUI_CM3_L.lib(f32b_ascii.o)
    0x00064928   0x00064928   0x00000040   Data   RO         2073    .constdata          GUI_CM3_L.lib(f32b_ascii.o)
    0x00064968   0x00064968   0x00000040   Data   RO         2074    .constdata          GUI_CM3_L.lib(f32b_ascii.o)
    0x000649a8   0x000649a8   0x00000040   Data   RO         2075    .constdata          GUI_CM3_L.lib(f32b_ascii.o)
    0x000649e8   0x000649e8   0x00000040   Data   RO         2076    .constdata          GUI_CM3_L.lib(f32b_ascii.o)
    0x00064a28   0x00064a28   0x00000020   Data   RO         2077    .constdata          GUI_CM3_L.lib(f32b_ascii.o)
    0x00064a48   0x00064a48   0x00000040   Data   RO         2078    .constdata          GUI_CM3_L.lib(f32b_ascii.o)
    0x00064a88   0x00064a88   0x00000020   Data   RO         2079    .constdata          GUI_CM3_L.lib(f32b_ascii.o)
    0x00064aa8   0x00064aa8   0x00000020   Data   RO         2080    .constdata          GUI_CM3_L.lib(f32b_ascii.o)
    0x00064ac8   0x00064ac8   0x00000040   Data   RO         2081    .constdata          GUI_CM3_L.lib(f32b_ascii.o)
    0x00064b08   0x00064b08   0x00000040   Data   RO         2082    .constdata          GUI_CM3_L.lib(f32b_ascii.o)
    0x00064b48   0x00064b48   0x00000040   Data   RO         2083    .constdata          GUI_CM3_L.lib(f32b_ascii.o)
    0x00064b88   0x00064b88   0x00000040   Data   RO         2084    .constdata          GUI_CM3_L.lib(f32b_ascii.o)
    0x00064bc8   0x00064bc8   0x00000040   Data   RO         2085    .constdata          GUI_CM3_L.lib(f32b_ascii.o)
    0x00064c08   0x00064c08   0x00000040   Data   RO         2086    .constdata          GUI_CM3_L.lib(f32b_ascii.o)
    0x00064c48   0x00064c48   0x00000040   Data   RO         2087    .constdata          GUI_CM3_L.lib(f32b_ascii.o)
    0x00064c88   0x00064c88   0x00000040   Data   RO         2088    .constdata          GUI_CM3_L.lib(f32b_ascii.o)
    0x00064cc8   0x00064cc8   0x00000040   Data   RO         2089    .constdata          GUI_CM3_L.lib(f32b_ascii.o)
    0x00064d08   0x00064d08   0x00000040   Data   RO         2090    .constdata          GUI_CM3_L.lib(f32b_ascii.o)
    0x00064d48   0x00064d48   0x00000040   Data   RO         2091    .constdata          GUI_CM3_L.lib(f32b_ascii.o)
    0x00064d88   0x00064d88   0x00000040   Data   RO         2092    .constdata          GUI_CM3_L.lib(f32b_ascii.o)
    0x00064dc8   0x00064dc8   0x00000040   Data   RO         2093    .constdata          GUI_CM3_L.lib(f32b_ascii.o)
    0x00064e08   0x00064e08   0x00000040   Data   RO         2094    .constdata          GUI_CM3_L.lib(f32b_ascii.o)
    0x00064e48   0x00064e48   0x00000040   Data   RO         2095    .constdata          GUI_CM3_L.lib(f32b_ascii.o)
    0x00064e88   0x00064e88   0x00000060   Data   RO         2096    .constdata          GUI_CM3_L.lib(f32b_ascii.o)
    0x00064ee8   0x00064ee8   0x00000080   Data   RO         2097    .constdata          GUI_CM3_L.lib(f32b_ascii.o)
    0x00064f68   0x00064f68   0x00000060   Data   RO         2098    .constdata          GUI_CM3_L.lib(f32b_ascii.o)
    0x00064fc8   0x00064fc8   0x00000060   Data   RO         2099    .constdata          GUI_CM3_L.lib(f32b_ascii.o)
    0x00065028   0x00065028   0x00000060   Data   RO         2100    .constdata          GUI_CM3_L.lib(f32b_ascii.o)
    0x00065088   0x00065088   0x00000060   Data   RO         2101    .constdata          GUI_CM3_L.lib(f32b_ascii.o)
    0x000650e8   0x000650e8   0x00000060   Data   RO         2102    .constdata          GUI_CM3_L.lib(f32b_ascii.o)
    0x00065148   0x00065148   0x00000060   Data   RO         2103    .constdata          GUI_CM3_L.lib(f32b_ascii.o)
    0x000651a8   0x000651a8   0x00000060   Data   RO         2104    .constdata          GUI_CM3_L.lib(f32b_ascii.o)
    0x00065208   0x00065208   0x00000060   Data   RO         2105    .constdata          GUI_CM3_L.lib(f32b_ascii.o)
    0x00065268   0x00065268   0x00000020   Data   RO         2106    .constdata          GUI_CM3_L.lib(f32b_ascii.o)
    0x00065288   0x00065288   0x00000040   Data   RO         2107    .constdata          GUI_CM3_L.lib(f32b_ascii.o)
    0x000652c8   0x000652c8   0x00000060   Data   RO         2108    .constdata          GUI_CM3_L.lib(f32b_ascii.o)
    0x00065328   0x00065328   0x00000060   Data   RO         2109    .constdata          GUI_CM3_L.lib(f32b_ascii.o)
    0x00065388   0x00065388   0x00000060   Data   RO         2110    .constdata          GUI_CM3_L.lib(f32b_ascii.o)
    0x000653e8   0x000653e8   0x00000060   Data   RO         2111    .constdata          GUI_CM3_L.lib(f32b_ascii.o)
    0x00065448   0x00065448   0x00000060   Data   RO         2112    .constdata          GUI_CM3_L.lib(f32b_ascii.o)
    0x000654a8   0x000654a8   0x00000060   Data   RO         2113    .constdata          GUI_CM3_L.lib(f32b_ascii.o)
    0x00065508   0x00065508   0x00000060   Data   RO         2114    .constdata          GUI_CM3_L.lib(f32b_ascii.o)
    0x00065568   0x00065568   0x00000060   Data   RO         2115    .constdata          GUI_CM3_L.lib(f32b_ascii.o)
    0x000655c8   0x000655c8   0x00000060   Data   RO         2116    .constdata          GUI_CM3_L.lib(f32b_ascii.o)
    0x00065628   0x00065628   0x00000060   Data   RO         2117    .constdata          GUI_CM3_L.lib(f32b_ascii.o)
    0x00065688   0x00065688   0x00000060   Data   RO         2118    .constdata          GUI_CM3_L.lib(f32b_ascii.o)
    0x000656e8   0x000656e8   0x00000060   Data   RO         2119    .constdata          GUI_CM3_L.lib(f32b_ascii.o)
    0x00065748   0x00065748   0x00000080   Data   RO         2120    .constdata          GUI_CM3_L.lib(f32b_ascii.o)
    0x000657c8   0x000657c8   0x00000060   Data   RO         2121    .constdata          GUI_CM3_L.lib(f32b_ascii.o)
    0x00065828   0x00065828   0x00000060   Data   RO         2122    .constdata          GUI_CM3_L.lib(f32b_ascii.o)
    0x00065888   0x00065888   0x00000060   Data   RO         2123    .constdata          GUI_CM3_L.lib(f32b_ascii.o)
    0x000658e8   0x000658e8   0x00000040   Data   RO         2124    .constdata          GUI_CM3_L.lib(f32b_ascii.o)
    0x00065928   0x00065928   0x00000020   Data   RO         2125    .constdata          GUI_CM3_L.lib(f32b_ascii.o)
    0x00065948   0x00065948   0x00000040   Data   RO         2126    .constdata          GUI_CM3_L.lib(f32b_ascii.o)
    0x00065988   0x00065988   0x00000040   Data   RO         2127    .constdata          GUI_CM3_L.lib(f32b_ascii.o)
    0x000659c8   0x000659c8   0x00000040   Data   RO         2128    .constdata          GUI_CM3_L.lib(f32b_ascii.o)
    0x00065a08   0x00065a08   0x00000040   Data   RO         2129    .constdata          GUI_CM3_L.lib(f32b_ascii.o)
    0x00065a48   0x00065a48   0x00000040   Data   RO         2130    .constdata          GUI_CM3_L.lib(f32b_ascii.o)
    0x00065a88   0x00065a88   0x00000060   Data   RO         2131    .constdata          GUI_CM3_L.lib(f32b_ascii.o)
    0x00065ae8   0x00065ae8   0x00000040   Data   RO         2132    .constdata          GUI_CM3_L.lib(f32b_ascii.o)
    0x00065b28   0x00065b28   0x00000060   Data   RO         2133    .constdata          GUI_CM3_L.lib(f32b_ascii.o)
    0x00065b88   0x00065b88   0x00000040   Data   RO         2134    .constdata          GUI_CM3_L.lib(f32b_ascii.o)
    0x00065bc8   0x00065bc8   0x00000040   Data   RO         2135    .constdata          GUI_CM3_L.lib(f32b_ascii.o)
    0x00065c08   0x00065c08   0x00000060   Data   RO         2136    .constdata          GUI_CM3_L.lib(f32b_ascii.o)
    0x00065c68   0x00065c68   0x00000060   Data   RO         2137    .constdata          GUI_CM3_L.lib(f32b_ascii.o)
    0x00065cc8   0x00065cc8   0x00000020   Data   RO         2138    .constdata          GUI_CM3_L.lib(f32b_ascii.o)
    0x00065ce8   0x00065ce8   0x00000020   Data   RO         2139    .constdata          GUI_CM3_L.lib(f32b_ascii.o)
    0x00065d08   0x00065d08   0x00000040   Data   RO         2140    .constdata          GUI_CM3_L.lib(f32b_ascii.o)
    0x00065d48   0x00065d48   0x00000020   Data   RO         2141    .constdata          GUI_CM3_L.lib(f32b_ascii.o)
    0x00065d68   0x00065d68   0x00000080   Data   RO         2142    .constdata          GUI_CM3_L.lib(f32b_ascii.o)
    0x00065de8   0x00065de8   0x00000060   Data   RO         2143    .constdata          GUI_CM3_L.lib(f32b_ascii.o)
    0x00065e48   0x00065e48   0x00000060   Data   RO         2144    .constdata          GUI_CM3_L.lib(f32b_ascii.o)
    0x00065ea8   0x00065ea8   0x00000060   Data   RO         2145    .constdata          GUI_CM3_L.lib(f32b_ascii.o)
    0x00065f08   0x00065f08   0x00000060   Data   RO         2146    .constdata          GUI_CM3_L.lib(f32b_ascii.o)
    0x00065f68   0x00065f68   0x00000040   Data   RO         2147    .constdata          GUI_CM3_L.lib(f32b_ascii.o)
    0x00065fa8   0x00065fa8   0x00000040   Data   RO         2148    .constdata          GUI_CM3_L.lib(f32b_ascii.o)
    0x00065fe8   0x00065fe8   0x00000040   Data   RO         2149    .constdata          GUI_CM3_L.lib(f32b_ascii.o)
    0x00066028   0x00066028   0x00000060   Data   RO         2150    .constdata          GUI_CM3_L.lib(f32b_ascii.o)
    0x00066088   0x00066088   0x00000040   Data   RO         2151    .constdata          GUI_CM3_L.lib(f32b_ascii.o)
    0x000660c8   0x000660c8   0x00000060   Data   RO         2152    .constdata          GUI_CM3_L.lib(f32b_ascii.o)
    0x00066128   0x00066128   0x00000040   Data   RO         2153    .constdata          GUI_CM3_L.lib(f32b_ascii.o)
    0x00066168   0x00066168   0x00000040   Data   RO         2154    .constdata          GUI_CM3_L.lib(f32b_ascii.o)
    0x000661a8   0x000661a8   0x00000040   Data   RO         2155    .constdata          GUI_CM3_L.lib(f32b_ascii.o)
    0x000661e8   0x000661e8   0x00000040   Data   RO         2156    .constdata          GUI_CM3_L.lib(f32b_ascii.o)
    0x00066228   0x00066228   0x00000020   Data   RO         2157    .constdata          GUI_CM3_L.lib(f32b_ascii.o)
    0x00066248   0x00066248   0x00000040   Data   RO         2158    .constdata          GUI_CM3_L.lib(f32b_ascii.o)
    0x00066288   0x00066288   0x00000040   Data   RO         2159    .constdata          GUI_CM3_L.lib(f32b_ascii.o)
    0x000662c8   0x000662c8   0x000002f8   Data   RO         2160    .constdata          GUI_CM3_L.lib(f32b_ascii.o)
    0x000665c0   0x000665c0   0x0000000c   Data   RO         2161    .constdata          GUI_CM3_L.lib(f32b_ascii.o)
    0x000665cc   0x000665cc   0x00000024   Data   RO         2162    .constdata          GUI_CM3_L.lib(f32b_ascii.o)
    0x000665f0   0x000665f0   0x00000034   Data   RO         2204    .constdata          GUI_CM3_L.lib(guidrv_lin_16.o)
    0x00066624   0x00066624   0x00000100   Data   RO         2246    .constdata          GUI_CM3_L.lib(gui__divtbl_255_31.o)
    0x00066724   0x00066724   0x00000100   Data   RO         2253    .constdata          GUI_CM3_L.lib(gui__divtbl_255_63.o)
    0x00066824   0x00066824   0x00000020   Data   RO         2260    .constdata          GUI_CM3_L.lib(gui__divtbl_31_255.o)
    0x00066844   0x00066844   0x00000040   Data   RO         2267    .constdata          GUI_CM3_L.lib(gui__divtbl_63_255.o)
    0x00066884   0x00066884   0x00000028   Data   RO         2317    .constdata          GUI_CM3_L.lib(gui_adddecshift.o)
    0x000668ac   0x000668ac   0x00000010   Data   RO         2514    .constdata          GUI_CM3_L.lib(gui_uc_encodenone.o)
    0x000668bc   0x000668bc   0x0000000c   Data   RO         2544    .constdata          GUI_CM3_L.lib(lcd.o)
    0x000668c8   0x000668c8   0x00000100   Data   RO         2591    .constdata          GUI_CM3_L.lib(lcd_mirror.o)
    0x000669c8   0x000669c8   0x00000074   Data   RO         2614    .constdata          GUI_CM3_L.lib(guidev_16.o)
    0x00066a3c   0x00066a3c   0x00000018   Data   RO         2965    .constdata          GUI_CM3_L.lib(guicc_0.o)
    0x00066a54   0x00066a54   0x00000008   Data   RO         3088    .constdata          GUI_CM3_L.lib(guidev_writetoactiveopaque.o)
    0x00066a5c   0x00066a5c   0x00000011   Data   RO         4132    .constdata          c_w.l(__printf_flags_ss_wp.o)
    0x00066a6d   0x00066a6d   0x00000003   PAD
    0x00066a70   0x00066a70   0x00000088   Data   RO         4259    .constdata          m_ws.l(pow.o)
    0x00066af8   0x00066af8   0x00000008   Data   RO         4355    .constdata          m_ws.l(qnan.o)
    0x00066b00   0x00066b00   0x00000094   Data   RO         4399    .constdata          c_w.l(bigflt0.o)
    0x00066b94   0x00066b94   0x00000385   Data   RO          665    .conststring        scpi-def.o
    0x00066f19   0x00066f19   0x00000003   PAD
    0x00066f1c   0x00066f1c   0x00000059   Data   RO          802    .conststring        debug_frmwrk.o
    0x00066f75   0x00066f75   0x00000003   PAD
    0x00066f78   0x00066f78   0x00000007   Data   RO         1265    .conststring        parser.o
    0x00066f7f   0x00066f7f   0x00000001   PAD
    0x00066f80   0x00066f80   0x000000b5   Data   RO         1293    .conststring        units.o
    0x00067035   0x00067035   0x00000003   PAD
    0x00067038   0x00067038   0x00000020   Data   RO         4614    Region$$Table       anon$$obj.o
    0x00067058   0x00067058   0x00000008   Data   RO         4521    c$$dinf             fz_ws.l(fpconst.o)
    0x00067060   0x00067060   0x00000008   Data   RO         4524    c$$dmax             fz_ws.l(fpconst.o)
    0x00067068   0x00067068   0x00000110   Data   RO         4317    locale$$data        c_w.l(lc_ctype_c.o)
    0x00067178   0x00067178   0x0000001c   Data   RO         4423    locale$$data        c_w.l(lc_numeric_c.o)


    Execution Region RW_IRAM1 (Exec base: 0x10000000, Load base: 0x00067194, Size: 0x00002850, Max: 0x00010000, ABSOLUTE, COMPRESSED[0x00000078])

    Exec Addr    Load Addr    Size         Type   Attr      Idx    E Section Name        Object

    0x10000000   COMPRESSED   0x00000023   Data   RW          194    .data               timer.o
    0x10000023   COMPRESSED   0x00000001   PAD
    0x10000024   COMPRESSED   0x00000008   Data   RW          230    .data               lpc177x_8x_lcd.o
    0x1000002c   COMPRESSED   0x0000001e   Data   RW          304    .data               use_disp.o
    0x1000004a   COMPRESSED   0x00000002   PAD
    0x1000004c   COMPRESSED   0x0000000c   Data   RW          358    .data               key.o
    0x10000058   COMPRESSED   0x0000005a   Data   RW          382    .data               test.o
    0x100000b2   COMPRESSED   0x00000002   PAD
    0x100000b4   COMPRESSED   0x00000082   Data   RW          496    .data               globalvalue.o
    0x10000136   COMPRESSED   0x00000002   PAD
    0x10000138   COMPRESSED   0x00000008   Data   RW          544    .data               spi_da_ad.o
    0x10000140   COMPRESSED   0x00000038   Data   RW          666    .data               scpi-def.o
    0x10000178   COMPRESSED   0x00000010   Data   RW          702    .data               system_lpc177x_8x.o
    0x10000188   COMPRESSED   0x00000050   Data   RW          803    .data               debug_frmwrk.o
    0x100001d8   COMPRESSED   0x0000003c   Data   RW          971    .data               usbhost_lpc17xx.o
    0x10000214   COMPRESSED   0x00000008   Data   RW         1004    .data               usbhost_ms.o
    0x1000021c   COMPRESSED   0x00000004   Data   RW         1121    .data               gui_x.o
    0x10000220   COMPRESSED   0x00000008   Data   RW         1382    .data               GUI_CM3_L.lib(gui_alloc.o)
    0x10000228   COMPRESSED   0x0000002c   Data   RW         1455    .data               GUI_CM3_L.lib(gui_core.o)
    0x10000254   COMPRESSED   0x00000004   Data   RW         1460    .data               GUI_CM3_L.lib(gui_core.o)
    0x10000258   COMPRESSED   0x00000004   Data   RW         1465    .data               GUI_CM3_L.lib(gui_core.o)
    0x1000025c   COMPRESSED   0x00000002   Data   RW         1466    .data               GUI_CM3_L.lib(gui_core.o)
    0x1000025e   COMPRESSED   0x00000002   Data   RW         1467    .data               GUI_CM3_L.lib(gui_core.o)
    0x10000260   COMPRESSED   0x00000004   Data   RW         2351    .data               GUI_CM3_L.lib(gui_charline.o)
    0x10000264   COMPRESSED   0x00000004   Data   RW         2400    .data               GUI_CM3_L.lib(gui_fillpolygon.o)
    0x10000268   COMPRESSED   0x0000001c   Data   RW         2473    .data               GUI_CM3_L.lib(gui_task.o)
    0x10000284   COMPRESSED   0x00000004   Data   RW         2545    .data               GUI_CM3_L.lib(lcd.o)
    0x10000288   COMPRESSED   0x00000010   Data   RW         2577    .data               GUI_CM3_L.lib(lcd_color.o)
    0x10000298   COMPRESSED   0x00000064   Data   RW         2694    .data               GUI_CM3_L.lib(wm.o)
    0x100002fc   COMPRESSED   0x00000014   Data   RW         2793    .data               GUI_CM3_L.lib(gui__managecache.o)
    0x10000310   COMPRESSED   0x00000010   Data   RW         2871    .data               GUI_CM3_L.lib(gui_onkey.o)
    0x10000320   COMPRESSED   0x0000000c   Data   RW         2947    .data               GUI_CM3_L.lib(gui_waitevent.o)
    0x1000032c   COMPRESSED   0x00000004   Data   RW         3101    .data               GUI_CM3_L.lib(wm__sendmessage.o)
    0x10000330        -       0x0000000c   Zero   RW          302    .bss                use_disp.o
    0x1000033c        -       0x0000054c   Zero   RW          380    .bss                test.o
    0x10000888        -       0x00000984   Zero   RW          494    .bss                globalvalue.o
    0x1000120c        -       0x000003b0   Zero   RW          663    .bss                scpi-def.o
    0x100015bc        -       0x00000220   Zero   RW          800    .bss                debug_frmwrk.o
    0x100017dc        -       0x00000208   Zero   RW          953    .bss                usbhost_fat.o
    0x100019e4        -       0x000000cc   Zero   RW         1381    .bss                GUI_CM3_L.lib(gui_alloc.o)
    0x10001ab0        -       0x00000070   Zero   RW         1453    .bss                GUI_CM3_L.lib(gui_core.o)
    0x10001b20        -       0x00000018   Zero   RW         2399    .bss                GUI_CM3_L.lib(gui_fillpolygon.o)
    0x10001b38        -       0x00000018   Zero   RW         2692    .bss                GUI_CM3_L.lib(wm.o)
    0x10001b50        -       0x00000058   Zero   RW         2870    .bss                GUI_CM3_L.lib(gui_onkey.o)
    0x10001ba8        -       0x00000048   Zero   RW         3196    .bss                GUI_CM3_L.lib(wm_touch.o)
    0x10001bf0        -       0x00000060   Zero   RW         4365    .bss                c_w.l(libspace.o)
    0x10001c50        -       0x00000400   Zero   RW          694    HEAP                startup_lpc177x_8x.o
    0x10002050        -       0x00000800   Zero   RW          693    STACK               startup_lpc177x_8x.o


==============================================================================

Image component sizes


      Code (inc. data)   RO Data    RW Data    ZI Data      Debug   Object Name

        64         10      20496          0          0       1506   asciilib.o
      1220         38          0          0          0      24504   cpld.o
      3772        466        555          0          0       6193   debug.o
      7812        518        610         80        544      24444   debug_frmwrk.o
       940        328         54          0          0       3987   error.o
       564         38          0          0          0      73733   ex_sdram.o
       880          4          0          0          0      11787   expression.o
       280          0          0          0          0       8255   fifo.o
       216         28        244        130       2436      17415   globalvalue.o
         0          0      13224          0          0      79610   gui_fontxbffon16.o
         0          0      12612          0          0      15392   gui_fontxbffon32.o
         0          0      23136          0          0       9376   gui_fontxbffon50.o
        56          4          0          4          0       1848   gui_x.o
        36          8          0          0          0        415   guiconf.o
       908         16          0          0          0       5808   ieee488.o
      1308         50          0         12          0       8387   key.o
       252         16          0          0          0       1859   lcdconf.o
      2742          0          0          0          0      14542   lexer.o
       272         28          0          0          0       1523   lpc177x_8x_clkpwr.o
       696         16          0          0          0       1905   lpc177x_8x_eeprom.o
      2080         74          0          0          0       6364   lpc177x_8x_emc.o
      1120         26          0          0          0       9260   lpc177x_8x_gpio.o
      3684         98       6117          8          0      28262   lpc177x_8x_lcd.o
       584          6          0          0          0       4762   lpc177x_8x_pinsel.o
      1106         24          0          0          0       5411   lpc177x_8x_pwm.o
      1538         64          0          0          0       5631   lpc177x_8x_rtc.o
      2096         28          0          0          0       9505   lpc177x_8x_uart.o
       512         92          0          0          0      46417   main.o
       356         10          0          0          0       3500   minimal.o
      6046         98         43          0          0      39079   parser.o
       124          0          0          0          0       3883   pwm.o
      3852        232       1797         56        944      12215   scpi-def.o
      1536         30          0          8          0       5559   spi_da_ad.o
        64         26        228          0       3072        864   startup_lpc177x_8x.o
       900         36          0         16          0       1263   system_lpc177x_8x.o
     35660       1690        404         90       1356      70123   test.o
      1192        100          0         35          0      33450   timer.o
       752         30        693          0          0       3534   units.o
      2684         40          0          0        520       9404   usbhost_fat.o
      2092        130          0         60          0      26211   usbhost_lpc17xx.o
      1268         42          0          8          0       4925   usbhost_ms.o
     25350       1894      29076         30         12      61435   use_disp.o
      3450         98          4          0          0      24676   utils.o

    ----------------------------------------------------------------------
    120076       6436     109344        544       8884     728222   Object Totals
         0          0         32          0          0          0   (incl. Generated)
        12          0         19          7          0          0   (incl. Padding)

    ----------------------------------------------------------------------

      Code (inc. data)   RO Data    RW Data    ZI Data      Debug   Library Member Name

         0          0       2696          0          0          0   f16b_ascii.o
         0          0       4048          0          0          0   f20_ascii.o
         0          0       7848          0          0          0   f32b_ascii.o
         0          0       1816          0          0          0   f6x8.o
       128          4          0          0          0         84   gui_2dlib.o
       292          0          0          0          0         76   gui__compactpixelindices.o
         0          0        256          0          0          0   gui__divtbl_255_31.o
         0          0        256          0          0          0   gui__divtbl_255_63.o
         0          0         32          0          0          0   gui__divtbl_31_255.o
         0          0         64          0          0          0   gui__divtbl_63_255.o
        20          6          0          0          0         68   gui__getfontsizey.o
        24          0          0          0          0         68   gui__handleeoline.o
        58          0          0          0          0         68   gui__intersectrect.o
        82          0          0          0          0         80   gui__intersectrects.o
       216          8          0         20          0        156   gui__managecache.o
        76          0          0          0          0         76   gui__memset.o
        60          0          0          0          0         76   gui__memset16.o
        26          0          0          0          0         68   gui__sqrt32.o
       152         10         40          0          0         84   gui_adddecshift.o
      1726         94          0          8        204       1620   gui_alloc.o
        46          0          0          0          0         80   gui_alloc_alloczero.o
        60          0          0          0          0         76   gui_calccolordist.o
       264         32          0          0          0        480   gui_char.o
       458         36          0          4          0        472   gui_charline.o
       394         10          0          0          0        300   gui_charm.o
       308         10          0          0          0        384   gui_charp.o
       188          4          0          0          0         92   gui_circ.o
       428         60          8         56        112        620   gui_core.o
       434         34          8          0          0        676   gui_device.o
       180         12          0          0          0        168   gui_dispchar.o
       264          4          0          0          0         88   gui_dispstring.o
        40          6          0          0          0         88   gui_dispstringat.o
       408          4          0          0          0        252   gui_dispstringinrect.o
       384          8          0          0          0        204   gui_drawgradientrounded.o
      1192         34         68          0          0        832   gui_drawline.o
        32          4          0          0          0         68   gui_drawpoint.o
       532         22          0          4         24        176   gui_fillpolygon.o
        88          4          0          0          0         84   gui_fillrect.o
       212          6          0          0          0         96   gui_fillroundedrect.o
        10          0          0          0          0         68   gui_getclientrect.o
        48          0          0          0          0        152   gui_getcolor.o
        20          0          0          0          0         76   gui_getfontsizey.o
        66         12          0          0          0        216   gui_goto.o
        88          0          0          0          0         76   gui_mergerect.o
        30          0          0          0          0         68   gui_moverect.o
        16          4          0         16         88         68   gui_onkey.o
        28          4          0          0          0         80   gui_pen.o
        56          0          0          0          0         68   gui_rectsintersect.o
        56         10          0          0          0         80   gui_selectlayer.o
        26          0          0          0          0         80   gui_selectlcd.o
        44          0          0          0          0        160   gui_setcolor.o
        32          6          0          0          0         80   gui_setfont.o
        64         16          0          0          0         88   gui_setorg.o
        32          6          0          0          0         80   gui_settextmode.o
       364         42          0         28          0        480   gui_task.o
        84         10          0          0          0        168   gui_uc.o
        18          0         16          0          0        272   gui_uc_encodenone.o
       212          8         16          0          0        364   gui_uc_encodeutf8.o
        34          0          0          0          0         80   gui_val.o
        16          4          0         12          0         68   gui_waitevent.o
       198          0         24          0          0        244   guicc_0.o
       218         38         24          0          0        388   guicc_565.o
       122          6          0          0          0        160   guidev.o
      2282         60        116          0          0       1336   guidev_16.o
        40          0          0          0          0         80   guidev_getdataptr.o
        84          0          0          0          0        164   guidev_usage.o
      1854         18          8          0          0        492   guidev_writetoactiveopaque.o
      3052        182         52          0          0       2780   guidrv_lin_16.o
      1730        118         12          4          0       1436   lcd.o
       272         30          0         16          0        392   lcd_color.o
        32         12          0          0          0        136   lcd_getcolorindex.o
       310         24          0          0          0        988   lcd_getex.o
        26          0          0          0          0         80   lcd_getnumdisplays.o
         0          0        256          0          0          0   lcd_mirror.o
        64          8          0          0          0         80   lcd_selectlcd.o
       216          0          0          0          0        416   lcd_set.o
        48         10          0          0          0         80   lcd_setcliprectex.o
        36          4          0          0          0         80   lcd_updatecolorindices.o
      2992        132          0        100         24       2560   wm.o
        18          0          0          0          0         76   wm__getfirstsibling.o
        36          0          0          0          0         80   wm__getprevsibling.o
        60          6          0          4          0         88   wm__sendmessage.o
       136          0          0          0          0         92   wm_bringtobottom.o
        16          6          0          0          0         68   wm_criticalhandle.o
       102         10          0          0          0        248   wm_getclientrect.o
        24         10          0          0          0         68   wm_getdesktopwindow.o
        26          0          0          0          0         76   wm_getfirstchild.o
        26          0          0          0          0         76   wm_getparent.o
        38          0          0          0          0         92   wm_sendtoparent.o
        32          4          0          0          0         80   wm_setusercliprect.o
         0          0          0          0         72          0   wm_touch.o
        90          0          0          0          0          0   __dczerorl2.o
         8          0          0          0          0         68   __main.o
       392          4         17          0          0         92   __printf_flags_ss_wp.o
        14          0          0          0          0         68   __printf_wp.o
         0          0          0          0          0          0   __rtentry.o
        12          0          0          0          0          0   __rtentry2.o
         6          0          0          0          0          0   __rtentry4.o
        52          8          0          0          0          0   __scatter.o
        28          0          0          0          0          0   __scatter_zi.o
       144          0          0          0          0         88   __strtoll.o
       124          0          0          0          0         92   __strtoull.o
        28          0          0          0          0         68   _chval.o
        44          0          0          0          0        108   _printf_char.o
        48          6          0          0          0         96   _printf_char_common.o
         6          0          0          0          0          0   _printf_d.o
       120         16          0          0          0         92   _printf_dec.o
         6          0          0          0          0          0   _printf_f.o
      1054          0          0          0          0        216   _printf_fp_dec.o
       128         16          0          0          0         84   _printf_fp_infnan.o
         6          0          0          0          0          0   _printf_g.o
       178          0          0          0          0         88   _printf_intcommon.o
        78          0          0          0          0        108   _printf_pad.o
         0          0          0          0          0          0   _printf_percent.o
         4          0          0          0          0          0   _printf_percent_end.o
         6          0          0          0          0          0   _printf_s.o
        82          0          0          0          0         80   _printf_str.o
        22          0          0          0          0        100   _rserrno.o
        64          0          0          0          0         84   _sgetc.o
        16          0          0          0          0         68   _snputc.o
        10          0          0          0          0         68   _sputc.o
       158          0          0          0          0         92   _strtoul.o
       194          0          0          0          0         96   _strtoull.o
        16          0          0          0          0         68   aeabi_memset.o
       228          4        148          0          0         96   bigflt0.o
      2152        136          0          0          0        960   btod.o
        18          0          0          0          0         80   exit.o
         6          0          0          0          0        152   heapauxi.o
         0          0          0          0          0          0   indicate_semi.o
        18          0          0          0          0         76   isspace.o
        44         10        272          0          0         76   lc_ctype_c.o
        44         10         28          0          0         76   lc_numeric_c.o
         2          0          0          0          0          0   libinit.o
        30          0          0          0          0          0   libinit2.o
         2          0          0          0          0          0   libshutdown.o
         2          0          0          0          0          0   libshutdown2.o
         8          4          0          0         96         68   libspace.o
        38          0          0          0          0         68   llshl.o
       138          0          0          0          0         80   lludiv10.o
       238          0          0          0          0        100   lludivv7m.o
        52          4          0          0          0         84   noretval__2snprintf.o
        40          6          0          0          0         84   noretval__2sprintf.o
        16          4          0          0          0         76   rt_ctype_table.o
         8          4          0          0          0         68   rt_errno_addr_intlibspace.o
         8          4          0          0          0         68   rt_locale_intlibspace.o
        68          0          0          0          0         68   rt_memclr.o
        78          0          0          0          0         80   rt_memclr_w.o
       138          0          0          0          0         68   rt_memcpy_v6.o
       100          0          0          0          0         80   rt_memcpy_w.o
       132          0          0          0          0         68   rt_memmove_v6.o
       122          0          0          0          0         80   rt_memmove_w.o
         2          0          0          0          0          0   rtexit.o
        10          0          0          0          0          0   rtexit2.o
      1272         16          0          0          0        168   scanf_fp.o
       800         14          0          0          0        100   scanf_hexfp.o
       308         16          0          0          0        100   scanf_infnan.o
        24          0          0          0          0         68   strcat.o
       128          0          0          0          0         68   strcmpv7m.o
        72          0          0          0          0         80   strcpy.o
        62          0          0          0          0         76   strlen.o
        50          0          0          0          0         84   strncasecmp.o
        36          0          0          0          0         76   strncat.o
        86          0          0          0          0         76   strncpy.o
       164         14          0          0          0        120   strtod.o
        26          0          0          0          0         80   strtof.o
       112          0          0          0          0         88   strtol.o
         4          0          0          0          0         68   strtoll.o
       114          0          0          0          0         92   strtoul.o
         4          0          0          0          0         68   strtoull.o
        12          4          0          0          0         68   sys_exit.o
        74          0          0          0          0         80   sys_stackheap_outer.o
        26          0          0          0          0         76   tolower.o
         2          0          0          0          0         68   use_no_semi.o
        98          4          0          0          0         92   d2f.o
       826         16          0          0          0        348   daddsub_clz.o
        16          4          0          0          0         68   dcheck1.o
        24          0          0          0          0         68   dcmpi.o
       688        140          0          0          0        208   ddiv.o
       120          4          0          0          0         92   deqf.o
        94          4          0          0          0         92   dfix.o
        90          4          0          0          0         92   dfixu.o
        84          0          0          0          0        136   dflt_clz.o
       138          0          0          0          0         84   dfltll_clz.o
       120          4          0          0          0         92   dleqf.o
       340         12          0          0          0        104   dmul.o
       156          4          0          0          0         92   dnaninf.o
        12          0          0          0          0         68   dretinf.o
       108          0          0          0          0         80   drleqf.o
       460         56          0          0          0        120   dsqrt_noumaal.o
        86          4          0          0          0         84   f2d.o
       430          8          0          0          0        168   faddsub_clz.o
        24          0          0          0          0         68   fcmpi.o
       388         76          0          0          0         96   fdiv.o
       104          4          0          0          0         84   feqf.o
        62          4          0          0          0         84   ffixu.o
        86          0          0          0          0        136   fflt_clz.o
       104          4          0          0          0         84   fleqf.o
       258          4          0          0          0         84   fmul.o
       140          4          0          0          0         84   fnaninf.o
         0          0         16          0          0          0   fpconst.o
        10          0          0          0          0         68   fretinf.o
        98          0          0          0          0         68   frleqf.o
         6          0          0          0          0         68   istatus.o
         4          0          0          0          0         68   printf1.o
       100          0          0          0          0         68   retnan.o
        92          0          0          0          0         68   scalbn.o
         4          0          0          0          0         68   scanf1.o
         8          0          0          0          0         84   scanf2.o
        48          0          0          0          0         68   trapv.o
         0          0          0          0          0          0   usenofp.o
        42          0          0          0          0         84   atof.o
        62         10          0          0          0        340   dunder.o
        40          0          0          0          0         68   fpclassify.o
        88          8          0          0          0         76   frexp.o
       138          0          0          0          0        160   ldexp.o
       148          6          0          0          0        116   modf.o
       204          4          0          0          0        168   narrow.o
       170          0          0          0          0         96   poly.o
      2520        190        136          0          0        324   pow.o
         0          0          8          0          0          0   qnan.o
        76          0          0          0          0         84   sqrt.o
        28          0          0          0          0         80   strtod.o
        20          0          0          0          0         76   strtof.o

    ----------------------------------------------------------------------
     43508       2090      18292        272        620      34960   Library Totals
        84          0          3          0          0          0   (incl. Padding)

    ----------------------------------------------------------------------

      Code (inc. data)   RO Data    RW Data    ZI Data      Debug   Library Name

     24206       1212      17664        272        524      23568   GUI_CM3_L.lib
     10256        300        465          0         96       6284   c_w.l
      5426        360         16          0          0       3436   fz_ws.l
      3536        218        144          0          0       1672   m_ws.l

    ----------------------------------------------------------------------
     43508       2090      18292        272        620      34960   Library Totals

    ----------------------------------------------------------------------

==============================================================================


      Code (inc. data)   RO Data    RW Data    ZI Data      Debug   

    163584       8526     127636        816       9504     737282   Grand Totals
    163584       8526     127636        120       9504     737282   ELF Image Totals (compressed)
    163584       8526     127636        120          0          0   ROM Totals

==============================================================================

    Total RO  Size (Code + RO Data)               291220 ( 284.39kB)
    Total RW  Size (RW Data + ZI Data)             10320 (  10.08kB)
    Total ROM Size (Code + RO Data + RW Data)     291340 ( 284.51kB)

==============================================================================

